participant: P18
started_utc: 2026-10-09T12:08:17.611395+00:00
ended_utc: 2026-10-09T12:11:08.527749+00:00
return_code: 0
command: /home/sysgen/Projects/Yolanda/Thesis_EEG_Robots/eeg_venv/bin/python /home/sysgen/Projects/Yolanda/Thesis_EEG_Robots/processing/multimodal_robot/analysis/causal_streaming/run_causal_modality_agnostic_robot_replay.py --participant P18 --participant-config /home/sysgen/Projects/Yolanda/Thesis_EEG_Robots/processing/multimodal_robot/configs/participants/P18.yaml --raw-root /home/sysgen/Projects/Yolanda/Thesis_EEG_Robots/data --tasks pick_place shape_sorter_observation stack sisyphus shape_sorter_interaction shape_sorter_alone --output-dir /home/sysgen/Projects/Yolanda/Thesis_EEG_Robots/outputs/robot_transfer/causal_modality_agnostic/v5/corrected_timestamp_failed_retry_v1/P18 --canonical-root /home/sysgen/Projects/Yolanda/Thesis_EEG_Robots/outputs/robot_transfer/modality_agnostic/P18 --image-reference-csv /home/sysgen/Projects/Yolanda/Thesis_EEG_Robots/derived/P18/Image_Experiment/runs/p18_no_ica/merged/p18_image_trial_dataset.csv --alignment-metadata /home/sysgen/Projects/Yolanda/Thesis_EEG_Robots/derived/P18/Robot_Experiment/runs/p18_robot_final_features/alignment/alignment_metadata.json --validation-mode corrected_timestamp --reference-causal-output /home/sysgen/Projects/Yolanda/Thesis_EEG_Robots/outputs/robot_transfer/causal_modality_agnostic/v1/cohort/P18

exception:


stdout:
P18 fixed-offset causal modality-agnostic replay complete: /home/sysgen/Projects/Yolanda/Thesis_EEG_Robots/outputs/robot_transfer/causal_modality_agnostic/v5/corrected_timestamp_failed_retry_v1/P18


stderr:
/home/sysgen/Projects/Yolanda/Thesis_EEG_Robots/processing/multimodal_image/src/eeg.py:31: RuntimeWarning: The unit for channel(s) ACC X, ACC Y, ACC Z, CNT, DT, GYR X, GYR Y, GYR Z, VALID has changed from V to NA.
  raw.set_channel_types(channel_types, verbose=False)
/home/sysgen/Projects/Yolanda/Thesis_EEG_Robots/processing/multimodal_image/src/eeg.py:31: RuntimeWarning: The unit for channel(s) Status has changed from NA to V.
  raw.set_channel_types(channel_types, verbose=False)
WARNING: All log messages before absl::InitializeLog() is called are written to STDERR
W0000 00:00:1791547699.220534  122035 face_landmarker_graph.cc:174] Sets FaceBlendshapesGraph acceleration to xnnpack by default.
I0000 00:00:1791547699.252891  122035 gl_context_egl.cc:85] Successfully initialized EGL. Major : 1 Minor: 5
I0000 00:00:1791547699.299690  122085 gl_context.cc:385] GL version: 3.2 (OpenGL ES 3.2 NVIDIA 550.90.07), renderer: NVIDIA RTX A5000/PCIe/SSE2
INFO: Created TensorFlow Lite XNNPACK delegate for CPU.
W0000 00:00:1791547699.326104  122038 inference_feedback_manager.cc:114] Feedback manager requires a model with a single signature inference. Disabling support for feedback tensors.
W0000 00:00:1791547699.348878  122062 inference_feedback_manager.cc:114] Feedback manager requires a model with a single signature inference. Disabling support for feedback tensors.
/home/sysgen/Projects/Yolanda/Thesis_EEG_Robots/processing/multimodal_image/src/eeg.py:31: RuntimeWarning: The unit for channel(s) ACC X, ACC Y, ACC Z, CNT, DT, GYR X, GYR Y, GYR Z, VALID has changed from V to NA.
  raw.set_channel_types(channel_types, verbose=False)
/home/sysgen/Projects/Yolanda/Thesis_EEG_Robots/processing/multimodal_image/src/eeg.py:31: RuntimeWarning: The unit for channel(s) Status has changed from NA to V.
  raw.set_channel_types(channel_types, verbose=False)
W0000 00:00:1791547708.482282  122155 face_landmarker_graph.cc:174] Sets FaceBlendshapesGraph acceleration to xnnpack by default.
I0000 00:00:1791547708.490113  122155 gl_context_egl.cc:85] Successfully initialized EGL. Major : 1 Minor: 5
I0000 00:00:1791547708.557675  122205 gl_context.cc:385] GL version: 3.2 (OpenGL ES 3.2 NVIDIA 550.90.07), renderer: NVIDIA RTX A5000/PCIe/SSE2
W0000 00:00:1791547708.561414  122157 inference_feedback_manager.cc:114] Feedback manager requires a model with a single signature inference. Disabling support for feedback tensors.
W0000 00:00:1791547708.582264  122182 inference_feedback_manager.cc:114] Feedback manager requires a model with a single signature inference. Disabling support for feedback tensors.
/home/sysgen/Projects/Yolanda/Thesis_EEG_Robots/processing/multimodal_image/src/eeg.py:31: RuntimeWarning: The unit for channel(s) ACC X, ACC Y, ACC Z, CNT, DT, GYR X, GYR Y, GYR Z, VALID has changed from V to NA.
  raw.set_channel_types(channel_types, verbose=False)
/home/sysgen/Projects/Yolanda/Thesis_EEG_Robots/processing/multimodal_image/src/eeg.py:31: RuntimeWarning: The unit for channel(s) Status has changed from NA to V.
  raw.set_channel_types(channel_types, verbose=False)
W0000 00:00:1791547761.818582  122308 face_landmarker_graph.cc:174] Sets FaceBlendshapesGraph acceleration to xnnpack by default.
I0000 00:00:1791547761.826300  122308 gl_context_egl.cc:85] Successfully initialized EGL. Major : 1 Minor: 5
I0000 00:00:1791547761.862481  122358 gl_context.cc:385] GL version: 3.2 (OpenGL ES 3.2 NVIDIA 550.90.07), renderer: NVIDIA RTX A5000/PCIe/SSE2
W0000 00:00:1791547761.868826  122321 inference_feedback_manager.cc:114] Feedback manager requires a model with a single signature inference. Disabling support for feedback tensors.
W0000 00:00:1791547761.890113  122335 inference_feedback_manager.cc:114] Feedback manager requires a model with a single signature inference. Disabling support for feedback tensors.
/home/sysgen/Projects/Yolanda/Thesis_EEG_Robots/processing/multimodal_image/src/eeg.py:31: RuntimeWarning: The unit for channel(s) ACC X, ACC Y, ACC Z, CNT, DT, GYR X, GYR Y, GYR Z, VALID has changed from V to NA.
  raw.set_channel_types(channel_types, verbose=False)
/home/sysgen/Projects/Yolanda/Thesis_EEG_Robots/processing/multimodal_image/src/eeg.py:31: RuntimeWarning: The unit for channel(s) Status has changed from NA to V.
  raw.set_channel_types(channel_types, verbose=False)
W0000 00:00:1791547792.917101  122441 face_landmarker_graph.cc:174] Sets FaceBlendshapesGraph acceleration to xnnpack by default.
I0000 00:00:1791547792.925617  122441 gl_context_egl.cc:85] Successfully initialized EGL. Major : 1 Minor: 5
I0000 00:00:1791547792.958217  122491 gl_context.cc:385] GL version: 3.2 (OpenGL ES 3.2 NVIDIA 550.90.07), renderer: NVIDIA RTX A5000/PCIe/SSE2
W0000 00:00:1791547792.964720  122456 inference_feedback_manager.cc:114] Feedback manager requires a model with a single signature inference. Disabling support for feedback tensors.
W0000 00:00:1791547792.986011  122462 inference_feedback_manager.cc:114] Feedback manager requires a model with a single signature inference. Disabling support for feedback tensors.
[mpeg4 @ 0x5588cb256280] mcbpc damaged at 34 16
[mpeg4 @ 0x5588cb256280] Error at MB: 690
/home/sysgen/Projects/Yolanda/Thesis_EEG_Robots/processing/multimodal_image/src/eeg.py:31: RuntimeWarning: The unit for channel(s) ACC X, ACC Y, ACC Z, CNT, DT, GYR X, GYR Y, GYR Z, VALID has changed from V to NA.
  raw.set_channel_types(channel_types, verbose=False)
/home/sysgen/Projects/Yolanda/Thesis_EEG_Robots/processing/multimodal_image/src/eeg.py:31: RuntimeWarning: The unit for channel(s) Status has changed from NA to V.
  raw.set_channel_types(channel_types, verbose=False)
W0000 00:00:1791547823.061881  122567 face_landmarker_graph.cc:174] Sets FaceBlendshapesGraph acceleration to xnnpack by default.
I0000 00:00:1791547823.069792  122567 gl_context_egl.cc:85] Successfully initialized EGL. Major : 1 Minor: 5
I0000 00:00:1791547823.105805  122617 gl_context.cc:385] GL version: 3.2 (OpenGL ES 3.2 NVIDIA 550.90.07), renderer: NVIDIA RTX A5000/PCIe/SSE2
W0000 00:00:1791547823.108710  122573 inference_feedback_manager.cc:114] Feedback manager requires a model with a single signature inference. Disabling support for feedback tensors.
W0000 00:00:1791547823.132031  122589 inference_feedback_manager.cc:114] Feedback manager requires a model with a single signature inference. Disabling support for feedback tensors.
/home/sysgen/Projects/Yolanda/Thesis_EEG_Robots/processing/multimodal_robot/analysis/causal_streaming/run_causal_modality_agnostic_robot_replay.py:460: FutureWarning: Downcasting object dtype arrays on .fillna, .ffill, .bfill is deprecated and will change in a future version. Call result.infer_objects(copy=False) instead. To opt-in to the future behavior, set `pd.set_option('future.no_silent_downcasting', True)`
  delivery["computational_deadline_met"] = delivery["deadline_met"].fillna(False).astype(bool)

