participant: P35
started_utc: 2026-09-21T13:59:32.010287+00:00
ended_utc: 2026-09-21T14:01:55.195176+00:00
return_code: 0
command: /home/sysgen/Projects/Yolanda/Thesis_EEG_Robots/eeg_venv/bin/python /home/sysgen/Projects/Yolanda/Thesis_EEG_Robots/processing/multimodal_robot/analysis/causal_streaming/run_causal_modality_agnostic_robot_replay.py --participant P35 --participant-config /home/sysgen/Projects/Yolanda/Thesis_EEG_Robots/processing/multimodal_robot/configs/participants/P35.yaml --raw-root /home/sysgen/Projects/Yolanda/Thesis_EEG_Robots/data --tasks pick_place shape_sorter_observation stack sisyphus shape_sorter_interaction shape_sorter_alone --output-dir /home/sysgen/Projects/Yolanda/Thesis_EEG_Robots/outputs/robot_transfer/causal_modality_agnostic/v1/cohort/P35 --canonical-root /home/sysgen/Projects/Yolanda/Thesis_EEG_Robots/outputs/robot_transfer/modality_agnostic/P35 --image-reference-csv /home/sysgen/Projects/Yolanda/Thesis_EEG_Robots/derived/P35/Image_Experiment/runs/p35_no_ica/merged/p35_image_trial_dataset.csv --alignment-metadata /home/sysgen/Projects/Yolanda/Thesis_EEG_Robots/derived/P35/Robot_Experiment/runs/p35_robot_final_features/alignment/alignment_metadata.json

exception:


stdout:
P35 fixed-offset causal modality-agnostic replay complete: /home/sysgen/Projects/Yolanda/Thesis_EEG_Robots/outputs/robot_transfer/causal_modality_agnostic/v1/cohort/P35


stderr:
/home/sysgen/Projects/Yolanda/Thesis_EEG_Robots/processing/multimodal_image/src/eeg.py:31: RuntimeWarning: The unit for channel(s) ACC X, ACC Y, ACC Z, CNT, DT, GYR X, GYR Y, GYR Z, VALID has changed from V to NA.
  raw.set_channel_types(channel_types, verbose=False)
/home/sysgen/Projects/Yolanda/Thesis_EEG_Robots/processing/multimodal_image/src/eeg.py:31: RuntimeWarning: The unit for channel(s) Status has changed from NA to V.
  raw.set_channel_types(channel_types, verbose=False)
WARNING: All log messages before absl::InitializeLog() is called are written to STDERR
W0000 00:00:1789999173.662963   69053 face_landmarker_graph.cc:174] Sets FaceBlendshapesGraph acceleration to xnnpack by default.
I0000 00:00:1789999173.696824   69053 gl_context_egl.cc:85] Successfully initialized EGL. Major : 1 Minor: 5
I0000 00:00:1789999173.751921   69103 gl_context.cc:385] GL version: 3.2 (OpenGL ES 3.2 NVIDIA 550.90.07), renderer: NVIDIA RTX A5000/PCIe/SSE2
INFO: Created TensorFlow Lite XNNPACK delegate for CPU.
W0000 00:00:1789999173.780562   69067 inference_feedback_manager.cc:114] Feedback manager requires a model with a single signature inference. Disabling support for feedback tensors.
W0000 00:00:1789999173.810273   69075 inference_feedback_manager.cc:114] Feedback manager requires a model with a single signature inference. Disabling support for feedback tensors.
/home/sysgen/Projects/Yolanda/Thesis_EEG_Robots/processing/multimodal_image/src/eeg.py:31: RuntimeWarning: The unit for channel(s) ACC X, ACC Y, ACC Z, CNT, DT, GYR X, GYR Y, GYR Z, VALID has changed from V to NA.
  raw.set_channel_types(channel_types, verbose=False)
/home/sysgen/Projects/Yolanda/Thesis_EEG_Robots/processing/multimodal_image/src/eeg.py:31: RuntimeWarning: The unit for channel(s) Status has changed from NA to V.
  raw.set_channel_types(channel_types, verbose=False)
W0000 00:00:1789999182.185817   69167 face_landmarker_graph.cc:174] Sets FaceBlendshapesGraph acceleration to xnnpack by default.
I0000 00:00:1789999182.193657   69167 gl_context_egl.cc:85] Successfully initialized EGL. Major : 1 Minor: 5
I0000 00:00:1789999182.225403   69217 gl_context.cc:385] GL version: 3.2 (OpenGL ES 3.2 NVIDIA 550.90.07), renderer: NVIDIA RTX A5000/PCIe/SSE2
W0000 00:00:1789999182.231857   69182 inference_feedback_manager.cc:114] Feedback manager requires a model with a single signature inference. Disabling support for feedback tensors.
W0000 00:00:1789999182.253241   69189 inference_feedback_manager.cc:114] Feedback manager requires a model with a single signature inference. Disabling support for feedback tensors.
/home/sysgen/Projects/Yolanda/Thesis_EEG_Robots/processing/multimodal_image/src/eeg.py:31: RuntimeWarning: The unit for channel(s) ACC X, ACC Y, ACC Z, CNT, DT, GYR X, GYR Y, GYR Z, VALID has changed from V to NA.
  raw.set_channel_types(channel_types, verbose=False)
/home/sysgen/Projects/Yolanda/Thesis_EEG_Robots/processing/multimodal_image/src/eeg.py:31: RuntimeWarning: The unit for channel(s) Status has changed from NA to V.
  raw.set_channel_types(channel_types, verbose=False)
W0000 00:00:1789999210.827591   69282 face_landmarker_graph.cc:174] Sets FaceBlendshapesGraph acceleration to xnnpack by default.
I0000 00:00:1789999210.835121   69282 gl_context_egl.cc:85] Successfully initialized EGL. Major : 1 Minor: 5
I0000 00:00:1789999210.862717   69332 gl_context.cc:385] GL version: 3.2 (OpenGL ES 3.2 NVIDIA 550.90.07), renderer: NVIDIA RTX A5000/PCIe/SSE2
W0000 00:00:1789999210.863909   69284 inference_feedback_manager.cc:114] Feedback manager requires a model with a single signature inference. Disabling support for feedback tensors.
W0000 00:00:1789999210.888872   69303 inference_feedback_manager.cc:114] Feedback manager requires a model with a single signature inference. Disabling support for feedback tensors.
/home/sysgen/Projects/Yolanda/Thesis_EEG_Robots/processing/multimodal_image/src/eeg.py:31: RuntimeWarning: The unit for channel(s) ACC X, ACC Y, ACC Z, CNT, DT, GYR X, GYR Y, GYR Z, VALID has changed from V to NA.
  raw.set_channel_types(channel_types, verbose=False)
/home/sysgen/Projects/Yolanda/Thesis_EEG_Robots/processing/multimodal_image/src/eeg.py:31: RuntimeWarning: The unit for channel(s) Status has changed from NA to V.
  raw.set_channel_types(channel_types, verbose=False)
W0000 00:00:1789999271.745377   69396 face_landmarker_graph.cc:174] Sets FaceBlendshapesGraph acceleration to xnnpack by default.
I0000 00:00:1789999271.752162   69396 gl_context_egl.cc:85] Successfully initialized EGL. Major : 1 Minor: 5
I0000 00:00:1789999271.785194   69446 gl_context.cc:385] GL version: 3.2 (OpenGL ES 3.2 NVIDIA 550.90.07), renderer: NVIDIA RTX A5000/PCIe/SSE2
W0000 00:00:1789999271.790548   69410 inference_feedback_manager.cc:114] Feedback manager requires a model with a single signature inference. Disabling support for feedback tensors.
W0000 00:00:1789999271.814589   69418 inference_feedback_manager.cc:114] Feedback manager requires a model with a single signature inference. Disabling support for feedback tensors.
/home/sysgen/Projects/Yolanda/Thesis_EEG_Robots/processing/multimodal_image/src/eeg.py:31: RuntimeWarning: The unit for channel(s) ACC X, ACC Y, ACC Z, CNT, DT, GYR X, GYR Y, GYR Z, VALID has changed from V to NA.
  raw.set_channel_types(channel_types, verbose=False)
/home/sysgen/Projects/Yolanda/Thesis_EEG_Robots/processing/multimodal_image/src/eeg.py:31: RuntimeWarning: The unit for channel(s) Status has changed from NA to V.
  raw.set_channel_types(channel_types, verbose=False)
W0000 00:00:1789999280.987506   69510 face_landmarker_graph.cc:174] Sets FaceBlendshapesGraph acceleration to xnnpack by default.
I0000 00:00:1789999280.995188   69510 gl_context_egl.cc:85] Successfully initialized EGL. Major : 1 Minor: 5
I0000 00:00:1789999281.028476   69560 gl_context.cc:385] GL version: 3.2 (OpenGL ES 3.2 NVIDIA 550.90.07), renderer: NVIDIA RTX A5000/PCIe/SSE2
W0000 00:00:1789999281.033931   69521 inference_feedback_manager.cc:114] Feedback manager requires a model with a single signature inference. Disabling support for feedback tensors.
W0000 00:00:1789999281.055503   69535 inference_feedback_manager.cc:114] Feedback manager requires a model with a single signature inference. Disabling support for feedback tensors.

