participant: P36
started_utc: 2026-09-21T14:01:55.197222+00:00
ended_utc: 2026-09-21T14:05:12.454606+00:00
return_code: 0
command: /home/sysgen/Projects/Yolanda/Thesis_EEG_Robots/eeg_venv/bin/python /home/sysgen/Projects/Yolanda/Thesis_EEG_Robots/processing/multimodal_robot/analysis/causal_streaming/run_causal_modality_agnostic_robot_replay.py --participant P36 --participant-config /home/sysgen/Projects/Yolanda/Thesis_EEG_Robots/processing/multimodal_robot/configs/participants/P36.yaml --raw-root /home/sysgen/Projects/Yolanda/Thesis_EEG_Robots/data --tasks pick_place shape_sorter_observation stack sisyphus shape_sorter_interaction shape_sorter_alone --output-dir /home/sysgen/Projects/Yolanda/Thesis_EEG_Robots/outputs/robot_transfer/causal_modality_agnostic/v1/cohort/P36 --canonical-root /home/sysgen/Projects/Yolanda/Thesis_EEG_Robots/outputs/robot_transfer/modality_agnostic/P36 --image-reference-csv /home/sysgen/Projects/Yolanda/Thesis_EEG_Robots/derived/P36/Image_Experiment/runs/p36_no_ica/merged/p36_image_trial_dataset.csv --alignment-metadata /home/sysgen/Projects/Yolanda/Thesis_EEG_Robots/derived/P36/Robot_Experiment/runs/p36_robot_final_features/alignment/alignment_metadata.json

exception:


stdout:
P36 fixed-offset causal modality-agnostic replay complete: /home/sysgen/Projects/Yolanda/Thesis_EEG_Robots/outputs/robot_transfer/causal_modality_agnostic/v1/cohort/P36


stderr:
/home/sysgen/Projects/Yolanda/Thesis_EEG_Robots/processing/multimodal_image/src/eeg.py:31: RuntimeWarning: The unit for channel(s) ACC X, ACC Y, ACC Z, CNT, DT, GYR X, GYR Y, GYR Z, VALID has changed from V to NA.
  raw.set_channel_types(channel_types, verbose=False)
/home/sysgen/Projects/Yolanda/Thesis_EEG_Robots/processing/multimodal_image/src/eeg.py:31: RuntimeWarning: The unit for channel(s) Status has changed from NA to V.
  raw.set_channel_types(channel_types, verbose=False)
WARNING: All log messages before absl::InitializeLog() is called are written to STDERR
W0000 00:00:1789999316.811491   69781 face_landmarker_graph.cc:174] Sets FaceBlendshapesGraph acceleration to xnnpack by default.
I0000 00:00:1789999316.842541   69781 gl_context_egl.cc:85] Successfully initialized EGL. Major : 1 Minor: 5
I0000 00:00:1789999316.890911   69831 gl_context.cc:385] GL version: 3.2 (OpenGL ES 3.2 NVIDIA 550.90.07), renderer: NVIDIA RTX A5000/PCIe/SSE2
INFO: Created TensorFlow Lite XNNPACK delegate for CPU.
W0000 00:00:1789999316.920588   69796 inference_feedback_manager.cc:114] Feedback manager requires a model with a single signature inference. Disabling support for feedback tensors.
W0000 00:00:1789999316.946108   69800 inference_feedback_manager.cc:114] Feedback manager requires a model with a single signature inference. Disabling support for feedback tensors.
/home/sysgen/Projects/Yolanda/Thesis_EEG_Robots/processing/multimodal_image/src/eeg.py:31: RuntimeWarning: The unit for channel(s) ACC X, ACC Y, ACC Z, CNT, DT, GYR X, GYR Y, GYR Z, VALID has changed from V to NA.
  raw.set_channel_types(channel_types, verbose=False)
/home/sysgen/Projects/Yolanda/Thesis_EEG_Robots/processing/multimodal_image/src/eeg.py:31: RuntimeWarning: The unit for channel(s) Status has changed from NA to V.
  raw.set_channel_types(channel_types, verbose=False)
W0000 00:00:1789999326.113874   69895 face_landmarker_graph.cc:174] Sets FaceBlendshapesGraph acceleration to xnnpack by default.
I0000 00:00:1789999326.122068   69895 gl_context_egl.cc:85] Successfully initialized EGL. Major : 1 Minor: 5
I0000 00:00:1789999326.153159   69945 gl_context.cc:385] GL version: 3.2 (OpenGL ES 3.2 NVIDIA 550.90.07), renderer: NVIDIA RTX A5000/PCIe/SSE2
W0000 00:00:1789999326.159436   69902 inference_feedback_manager.cc:114] Feedback manager requires a model with a single signature inference. Disabling support for feedback tensors.
W0000 00:00:1789999326.181669   69922 inference_feedback_manager.cc:114] Feedback manager requires a model with a single signature inference. Disabling support for feedback tensors.
/home/sysgen/Projects/Yolanda/Thesis_EEG_Robots/processing/multimodal_image/src/eeg.py:31: RuntimeWarning: The unit for channel(s) ACC X, ACC Y, ACC Z, CNT, DT, GYR X, GYR Y, GYR Z, VALID has changed from V to NA.
  raw.set_channel_types(channel_types, verbose=False)
/home/sysgen/Projects/Yolanda/Thesis_EEG_Robots/processing/multimodal_image/src/eeg.py:31: RuntimeWarning: The unit for channel(s) Status has changed from NA to V.
  raw.set_channel_types(channel_types, verbose=False)
W0000 00:00:1789999380.391694   70009 face_landmarker_graph.cc:174] Sets FaceBlendshapesGraph acceleration to xnnpack by default.
I0000 00:00:1789999380.398955   70009 gl_context_egl.cc:85] Successfully initialized EGL. Major : 1 Minor: 5
I0000 00:00:1789999380.431580   70059 gl_context.cc:385] GL version: 3.2 (OpenGL ES 3.2 NVIDIA 550.90.07), renderer: NVIDIA RTX A5000/PCIe/SSE2
W0000 00:00:1789999380.433666   70020 inference_feedback_manager.cc:114] Feedback manager requires a model with a single signature inference. Disabling support for feedback tensors.
W0000 00:00:1789999380.457415   70033 inference_feedback_manager.cc:114] Feedback manager requires a model with a single signature inference. Disabling support for feedback tensors.
/home/sysgen/Projects/Yolanda/Thesis_EEG_Robots/processing/multimodal_image/src/eeg.py:31: RuntimeWarning: The unit for channel(s) ACC X, ACC Y, ACC Z, CNT, DT, GYR X, GYR Y, GYR Z, VALID has changed from V to NA.
  raw.set_channel_types(channel_types, verbose=False)
/home/sysgen/Projects/Yolanda/Thesis_EEG_Robots/processing/multimodal_image/src/eeg.py:31: RuntimeWarning: The unit for channel(s) Status has changed from NA to V.
  raw.set_channel_types(channel_types, verbose=False)
W0000 00:00:1789999411.972723   70123 face_landmarker_graph.cc:174] Sets FaceBlendshapesGraph acceleration to xnnpack by default.
I0000 00:00:1789999411.981033   70123 gl_context_egl.cc:85] Successfully initialized EGL. Major : 1 Minor: 5
I0000 00:00:1789999412.013974   70173 gl_context.cc:385] GL version: 3.2 (OpenGL ES 3.2 NVIDIA 550.90.07), renderer: NVIDIA RTX A5000/PCIe/SSE2
W0000 00:00:1789999412.020191   70132 inference_feedback_manager.cc:114] Feedback manager requires a model with a single signature inference. Disabling support for feedback tensors.
W0000 00:00:1789999412.038138   70146 inference_feedback_manager.cc:114] Feedback manager requires a model with a single signature inference. Disabling support for feedback tensors.
[mpeg4 @ 0x5568ade8b040] ac-tex damaged at 11 18
[mpeg4 @ 0x5568ade8b040] Error at MB: 749
/home/sysgen/Projects/Yolanda/Thesis_EEG_Robots/processing/multimodal_image/src/eeg.py:31: RuntimeWarning: The unit for channel(s) ACC X, ACC Y, ACC Z, CNT, DT, GYR X, GYR Y, GYR Z, VALID has changed from V to NA.
  raw.set_channel_types(channel_types, verbose=False)
/home/sysgen/Projects/Yolanda/Thesis_EEG_Robots/processing/multimodal_image/src/eeg.py:31: RuntimeWarning: The unit for channel(s) Status has changed from NA to V.
  raw.set_channel_types(channel_types, verbose=False)
W0000 00:00:1789999475.377815   70237 face_landmarker_graph.cc:174] Sets FaceBlendshapesGraph acceleration to xnnpack by default.
I0000 00:00:1789999475.386102   70237 gl_context_egl.cc:85] Successfully initialized EGL. Major : 1 Minor: 5
I0000 00:00:1789999475.423628   70287 gl_context.cc:385] GL version: 3.2 (OpenGL ES 3.2 NVIDIA 550.90.07), renderer: NVIDIA RTX A5000/PCIe/SSE2
W0000 00:00:1789999475.429188   70252 inference_feedback_manager.cc:114] Feedback manager requires a model with a single signature inference. Disabling support for feedback tensors.
W0000 00:00:1789999475.450986   70263 inference_feedback_manager.cc:114] Feedback manager requires a model with a single signature inference. Disabling support for feedback tensors.

