participant: P45
started_utc: 2026-09-21T14:29:12.395461+00:00
ended_utc: 2026-09-21T14:32:12.002193+00:00
return_code: 0
command: /home/sysgen/Projects/Yolanda/Thesis_EEG_Robots/eeg_venv/bin/python /home/sysgen/Projects/Yolanda/Thesis_EEG_Robots/processing/multimodal_robot/analysis/causal_streaming/run_causal_modality_agnostic_robot_replay.py --participant P45 --participant-config /home/sysgen/Projects/Yolanda/Thesis_EEG_Robots/processing/multimodal_robot/configs/participants/P45.yaml --raw-root /home/sysgen/Projects/Yolanda/Thesis_EEG_Robots/data --tasks pick_place shape_sorter_observation stack sisyphus shape_sorter_interaction shape_sorter_alone --output-dir /home/sysgen/Projects/Yolanda/Thesis_EEG_Robots/outputs/robot_transfer/causal_modality_agnostic/v1/cohort/P45 --canonical-root /home/sysgen/Projects/Yolanda/Thesis_EEG_Robots/outputs/robot_transfer/modality_agnostic/P45 --image-reference-csv /home/sysgen/Projects/Yolanda/Thesis_EEG_Robots/derived/P45/Image_Experiment/runs/p45_no_ica/merged/p45_image_trial_dataset.csv --alignment-metadata /home/sysgen/Projects/Yolanda/Thesis_EEG_Robots/derived/P45/Robot_Experiment/runs/p45_robot_final_features/alignment/alignment_metadata.json

exception:


stdout:
P45 fixed-offset causal modality-agnostic replay complete: /home/sysgen/Projects/Yolanda/Thesis_EEG_Robots/outputs/robot_transfer/causal_modality_agnostic/v1/cohort/P45


stderr:
/home/sysgen/Projects/Yolanda/Thesis_EEG_Robots/processing/multimodal_image/src/eeg.py:31: RuntimeWarning: The unit for channel(s) ACC X, ACC Y, ACC Z, CNT, DT, GYR X, GYR Y, GYR Z, VALID has changed from V to NA.
  raw.set_channel_types(channel_types, verbose=False)
/home/sysgen/Projects/Yolanda/Thesis_EEG_Robots/processing/multimodal_image/src/eeg.py:31: RuntimeWarning: The unit for channel(s) Status has changed from NA to V.
  raw.set_channel_types(channel_types, verbose=False)
WARNING: All log messages before absl::InitializeLog() is called are written to STDERR
W0000 00:00:1790000954.027479   76232 face_landmarker_graph.cc:174] Sets FaceBlendshapesGraph acceleration to xnnpack by default.
I0000 00:00:1790000954.060518   76232 gl_context_egl.cc:85] Successfully initialized EGL. Major : 1 Minor: 5
I0000 00:00:1790000954.112818   76282 gl_context.cc:385] GL version: 3.2 (OpenGL ES 3.2 NVIDIA 550.90.07), renderer: NVIDIA RTX A5000/PCIe/SSE2
INFO: Created TensorFlow Lite XNNPACK delegate for CPU.
W0000 00:00:1790000954.144553   76245 inference_feedback_manager.cc:114] Feedback manager requires a model with a single signature inference. Disabling support for feedback tensors.
W0000 00:00:1790000954.171230   76249 inference_feedback_manager.cc:114] Feedback manager requires a model with a single signature inference. Disabling support for feedback tensors.
/home/sysgen/Projects/Yolanda/Thesis_EEG_Robots/processing/multimodal_image/src/eeg.py:31: RuntimeWarning: The unit for channel(s) ACC X, ACC Y, ACC Z, CNT, DT, GYR X, GYR Y, GYR Z, VALID has changed from V to NA.
  raw.set_channel_types(channel_types, verbose=False)
/home/sysgen/Projects/Yolanda/Thesis_EEG_Robots/processing/multimodal_image/src/eeg.py:31: RuntimeWarning: The unit for channel(s) Status has changed from NA to V.
  raw.set_channel_types(channel_types, verbose=False)
W0000 00:00:1790000963.364942   76346 face_landmarker_graph.cc:174] Sets FaceBlendshapesGraph acceleration to xnnpack by default.
I0000 00:00:1790000963.372181   76346 gl_context_egl.cc:85] Successfully initialized EGL. Major : 1 Minor: 5
I0000 00:00:1790000963.401016   76396 gl_context.cc:385] GL version: 3.2 (OpenGL ES 3.2 NVIDIA 550.90.07), renderer: NVIDIA RTX A5000/PCIe/SSE2
W0000 00:00:1790000963.407153   76361 inference_feedback_manager.cc:114] Feedback manager requires a model with a single signature inference. Disabling support for feedback tensors.
W0000 00:00:1790000963.428320   76367 inference_feedback_manager.cc:114] Feedback manager requires a model with a single signature inference. Disabling support for feedback tensors.
/home/sysgen/Projects/Yolanda/Thesis_EEG_Robots/processing/multimodal_image/src/eeg.py:31: RuntimeWarning: The unit for channel(s) ACC X, ACC Y, ACC Z, CNT, DT, GYR X, GYR Y, GYR Z, VALID has changed from V to NA.
  raw.set_channel_types(channel_types, verbose=False)
/home/sysgen/Projects/Yolanda/Thesis_EEG_Robots/processing/multimodal_image/src/eeg.py:31: RuntimeWarning: The unit for channel(s) Status has changed from NA to V.
  raw.set_channel_types(channel_types, verbose=False)
W0000 00:00:1790001016.997499   76462 face_landmarker_graph.cc:174] Sets FaceBlendshapesGraph acceleration to xnnpack by default.
I0000 00:00:1790001017.004377   76462 gl_context_egl.cc:85] Successfully initialized EGL. Major : 1 Minor: 5
I0000 00:00:1790001017.039520   76512 gl_context.cc:385] GL version: 3.2 (OpenGL ES 3.2 NVIDIA 550.90.07), renderer: NVIDIA RTX A5000/PCIe/SSE2
W0000 00:00:1790001017.044951   76477 inference_feedback_manager.cc:114] Feedback manager requires a model with a single signature inference. Disabling support for feedback tensors.
W0000 00:00:1790001017.065435   76488 inference_feedback_manager.cc:114] Feedback manager requires a model with a single signature inference. Disabling support for feedback tensors.
/home/sysgen/Projects/Yolanda/Thesis_EEG_Robots/processing/multimodal_image/src/eeg.py:31: RuntimeWarning: The unit for channel(s) ACC X, ACC Y, ACC Z, CNT, DT, GYR X, GYR Y, GYR Z, VALID has changed from V to NA.
  raw.set_channel_types(channel_types, verbose=False)
/home/sysgen/Projects/Yolanda/Thesis_EEG_Robots/processing/multimodal_image/src/eeg.py:31: RuntimeWarning: The unit for channel(s) Status has changed from NA to V.
  raw.set_channel_types(channel_types, verbose=False)
W0000 00:00:1790001048.499085   76576 face_landmarker_graph.cc:174] Sets FaceBlendshapesGraph acceleration to xnnpack by default.
I0000 00:00:1790001048.507076   76576 gl_context_egl.cc:85] Successfully initialized EGL. Major : 1 Minor: 5
I0000 00:00:1790001048.540428   76626 gl_context.cc:385] GL version: 3.2 (OpenGL ES 3.2 NVIDIA 550.90.07), renderer: NVIDIA RTX A5000/PCIe/SSE2
W0000 00:00:1790001048.545131   76589 inference_feedback_manager.cc:114] Feedback manager requires a model with a single signature inference. Disabling support for feedback tensors.
W0000 00:00:1790001048.574807   76598 inference_feedback_manager.cc:114] Feedback manager requires a model with a single signature inference. Disabling support for feedback tensors.
[mpeg4 @ 0x560de54a7b00] ac-tex damaged at 15 19
[mpeg4 @ 0x560de54a7b00] Error at MB: 794
/home/sysgen/Projects/Yolanda/Thesis_EEG_Robots/processing/multimodal_image/src/eeg.py:31: RuntimeWarning: The unit for channel(s) ACC X, ACC Y, ACC Z, CNT, DT, GYR X, GYR Y, GYR Z, VALID has changed from V to NA.
  raw.set_channel_types(channel_types, verbose=False)
/home/sysgen/Projects/Yolanda/Thesis_EEG_Robots/processing/multimodal_image/src/eeg.py:31: RuntimeWarning: The unit for channel(s) Status has changed from NA to V.
  raw.set_channel_types(channel_types, verbose=False)
W0000 00:00:1790001093.312923   76690 face_landmarker_graph.cc:174] Sets FaceBlendshapesGraph acceleration to xnnpack by default.
I0000 00:00:1790001093.320550   76690 gl_context_egl.cc:85] Successfully initialized EGL. Major : 1 Minor: 5
I0000 00:00:1790001093.346920   76740 gl_context.cc:385] GL version: 3.2 (OpenGL ES 3.2 NVIDIA 550.90.07), renderer: NVIDIA RTX A5000/PCIe/SSE2
W0000 00:00:1790001093.352200   76701 inference_feedback_manager.cc:114] Feedback manager requires a model with a single signature inference. Disabling support for feedback tensors.
W0000 00:00:1790001093.375475   76712 inference_feedback_manager.cc:114] Feedback manager requires a model with a single signature inference. Disabling support for feedback tensors.

