participant: P05
started_utc: 2026-10-08T16:57:21.524640+00:00
ended_utc: 2026-10-08T17:00:25.410998+00:00
return_code: 1
command: /home/sysgen/Projects/Yolanda/Thesis_EEG_Robots/eeg_venv/bin/python /home/sysgen/Projects/Yolanda/Thesis_EEG_Robots/processing/multimodal_robot/analysis/causal_streaming/run_causal_modality_agnostic_robot_replay.py --participant P05 --participant-config /home/sysgen/Projects/Yolanda/Thesis_EEG_Robots/processing/multimodal_robot/configs/participants/P05.yaml --raw-root /home/sysgen/Projects/Yolanda/Thesis_EEG_Robots/data --tasks pick_place shape_sorter_observation stack sisyphus shape_sorter_interaction shape_sorter_alone --output-dir /home/sysgen/Projects/Yolanda/Thesis_EEG_Robots/outputs/robot_transfer/causal_modality_agnostic/v5/corrected_timestamp_cohort_20261008/P05 --canonical-root /home/sysgen/Projects/Yolanda/Thesis_EEG_Robots/outputs/robot_transfer/modality_agnostic/P05 --image-reference-csv /home/sysgen/Projects/Yolanda/Thesis_EEG_Robots/derived/P05/Image_Experiment/runs/p05_no_ica/merged/p05_image_trial_dataset.csv --alignment-metadata /home/sysgen/Projects/Yolanda/Thesis_EEG_Robots/derived/P05/Robot_Experiment/runs/p05_robot_final_features/alignment/alignment_metadata.json --validation-mode corrected_timestamp --reference-causal-output /home/sysgen/Projects/Yolanda/Thesis_EEG_Robots/outputs/robot_transfer/causal_modality_agnostic/v1/cohort/P05

exception:
CalledProcessError(1, ['/home/sysgen/Projects/Yolanda/Thesis_EEG_Robots/eeg_venv/bin/python', '/home/sysgen/Projects/Yolanda/Thesis_EEG_Robots/processing/multimodal_robot/analysis/causal_streaming/run_causal_modality_agnostic_robot_replay.py', '--participant', 'P05', '--participant-config', '/home/sysgen/Projects/Yolanda/Thesis_EEG_Robots/processing/multimodal_robot/configs/participants/P05.yaml', '--raw-root', '/home/sysgen/Projects/Yolanda/Thesis_EEG_Robots/data', '--tasks', 'pick_place', 'shape_sorter_observation', 'stack', 'sisyphus', 'shape_sorter_interaction', 'shape_sorter_alone', '--output-dir', '/home/sysgen/Projects/Yolanda/Thesis_EEG_Robots/outputs/robot_transfer/causal_modality_agnostic/v5/corrected_timestamp_cohort_20261008/P05', '--canonical-root', '/home/sysgen/Projects/Yolanda/Thesis_EEG_Robots/outputs/robot_transfer/modality_agnostic/P05', '--image-reference-csv', '/home/sysgen/Projects/Yolanda/Thesis_EEG_Robots/derived/P05/Image_Experiment/runs/p05_no_ica/merged/p05_image_trial_dataset.csv', '--alignment-metadata', '/home/sysgen/Projects/Yolanda/Thesis_EEG_Robots/derived/P05/Robot_Experiment/runs/p05_robot_final_features/alignment/alignment_metadata.json', '--validation-mode', 'corrected_timestamp', '--reference-causal-output', '/home/sysgen/Projects/Yolanda/Thesis_EEG_Robots/outputs/robot_transfer/causal_modality_agnostic/v1/cohort/P05'])

stdout:


stderr:
/home/sysgen/Projects/Yolanda/Thesis_EEG_Robots/processing/multimodal_image/src/eeg.py:31: RuntimeWarning: The unit for channel(s) ACC X, ACC Y, ACC Z, CNT, DT, GYR X, GYR Y, GYR Z, VALID has changed from V to NA.
  raw.set_channel_types(channel_types, verbose=False)
/home/sysgen/Projects/Yolanda/Thesis_EEG_Robots/processing/multimodal_image/src/eeg.py:31: RuntimeWarning: The unit for channel(s) Status has changed from NA to V.
  raw.set_channel_types(channel_types, verbose=False)
WARNING: All log messages before absl::InitializeLog() is called are written to STDERR
W0000 00:00:1791478643.186737   66082 face_landmarker_graph.cc:174] Sets FaceBlendshapesGraph acceleration to xnnpack by default.
I0000 00:00:1791478643.219309   66082 gl_context_egl.cc:85] Successfully initialized EGL. Major : 1 Minor: 5
I0000 00:00:1791478643.287429   66132 gl_context.cc:385] GL version: 3.2 (OpenGL ES 3.2 NVIDIA 550.90.07), renderer: NVIDIA RTX A5000/PCIe/SSE2
INFO: Created TensorFlow Lite XNNPACK delegate for CPU.
W0000 00:00:1791478643.314436   66095 inference_feedback_manager.cc:114] Feedback manager requires a model with a single signature inference. Disabling support for feedback tensors.
W0000 00:00:1791478643.340045   66109 inference_feedback_manager.cc:114] Feedback manager requires a model with a single signature inference. Disabling support for feedback tensors.
/home/sysgen/Projects/Yolanda/Thesis_EEG_Robots/processing/multimodal_image/src/eeg.py:31: RuntimeWarning: The unit for channel(s) ACC X, ACC Y, ACC Z, CNT, DT, GYR X, GYR Y, GYR Z, VALID has changed from V to NA.
  raw.set_channel_types(channel_types, verbose=False)
/home/sysgen/Projects/Yolanda/Thesis_EEG_Robots/processing/multimodal_image/src/eeg.py:31: RuntimeWarning: The unit for channel(s) Status has changed from NA to V.
  raw.set_channel_types(channel_types, verbose=False)
W0000 00:00:1791478651.756609   66241 face_landmarker_graph.cc:174] Sets FaceBlendshapesGraph acceleration to xnnpack by default.
I0000 00:00:1791478651.765060   66241 gl_context_egl.cc:85] Successfully initialized EGL. Major : 1 Minor: 5
I0000 00:00:1791478651.805055   66291 gl_context.cc:385] GL version: 3.2 (OpenGL ES 3.2 NVIDIA 550.90.07), renderer: NVIDIA RTX A5000/PCIe/SSE2
W0000 00:00:1791478651.812040   66256 inference_feedback_manager.cc:114] Feedback manager requires a model with a single signature inference. Disabling support for feedback tensors.
W0000 00:00:1791478651.837453   66267 inference_feedback_manager.cc:114] Feedback manager requires a model with a single signature inference. Disabling support for feedback tensors.
/home/sysgen/Projects/Yolanda/Thesis_EEG_Robots/processing/multimodal_image/src/eeg.py:31: RuntimeWarning: The unit for channel(s) ACC X, ACC Y, ACC Z, CNT, DT, GYR X, GYR Y, GYR Z, VALID has changed from V to NA.
  raw.set_channel_types(channel_types, verbose=False)
/home/sysgen/Projects/Yolanda/Thesis_EEG_Robots/processing/multimodal_image/src/eeg.py:31: RuntimeWarning: The unit for channel(s) Status has changed from NA to V.
  raw.set_channel_types(channel_types, verbose=False)
W0000 00:00:1791478680.521019   66355 face_landmarker_graph.cc:174] Sets FaceBlendshapesGraph acceleration to xnnpack by default.
I0000 00:00:1791478680.529362   66355 gl_context_egl.cc:85] Successfully initialized EGL. Major : 1 Minor: 5
I0000 00:00:1791478680.561981   66405 gl_context.cc:385] GL version: 3.2 (OpenGL ES 3.2 NVIDIA 550.90.07), renderer: NVIDIA RTX A5000/PCIe/SSE2
W0000 00:00:1791478680.563744   66357 inference_feedback_manager.cc:114] Feedback manager requires a model with a single signature inference. Disabling support for feedback tensors.
W0000 00:00:1791478680.586485   66379 inference_feedback_manager.cc:114] Feedback manager requires a model with a single signature inference. Disabling support for feedback tensors.
/home/sysgen/Projects/Yolanda/Thesis_EEG_Robots/processing/multimodal_image/src/eeg.py:31: RuntimeWarning: The unit for channel(s) ACC X, ACC Y, ACC Z, CNT, DT, GYR X, GYR Y, GYR Z, VALID has changed from V to NA.
  raw.set_channel_types(channel_types, verbose=False)
/home/sysgen/Projects/Yolanda/Thesis_EEG_Robots/processing/multimodal_image/src/eeg.py:31: RuntimeWarning: The unit for channel(s) Status has changed from NA to V.
  raw.set_channel_types(channel_types, verbose=False)
W0000 00:00:1791478742.187503   66469 face_landmarker_graph.cc:174] Sets FaceBlendshapesGraph acceleration to xnnpack by default.
I0000 00:00:1791478742.195132   66469 gl_context_egl.cc:85] Successfully initialized EGL. Major : 1 Minor: 5
I0000 00:00:1791478742.235469   66519 gl_context.cc:385] GL version: 3.2 (OpenGL ES 3.2 NVIDIA 550.90.07), renderer: NVIDIA RTX A5000/PCIe/SSE2
W0000 00:00:1791478742.242125   66483 inference_feedback_manager.cc:114] Feedback manager requires a model with a single signature inference. Disabling support for feedback tensors.
W0000 00:00:1791478742.263238   66490 inference_feedback_manager.cc:114] Feedback manager requires a model with a single signature inference. Disabling support for feedback tensors.
[mpeg4 @ 0x556273a3c640] ac-tex damaged at 16 10
[mpeg4 @ 0x556273a3c640] Error at MB: 426
/home/sysgen/Projects/Yolanda/Thesis_EEG_Robots/processing/multimodal_image/src/eeg.py:31: RuntimeWarning: The unit for channel(s) ACC X, ACC Y, ACC Z, CNT, DT, GYR X, GYR Y, GYR Z, VALID has changed from V to NA.
  raw.set_channel_types(channel_types, verbose=False)
/home/sysgen/Projects/Yolanda/Thesis_EEG_Robots/processing/multimodal_image/src/eeg.py:31: RuntimeWarning: The unit for channel(s) Status has changed from NA to V.
  raw.set_channel_types(channel_types, verbose=False)
W0000 00:00:1791478786.966819   66583 face_landmarker_graph.cc:174] Sets FaceBlendshapesGraph acceleration to xnnpack by default.
I0000 00:00:1791478786.973877   66583 gl_context_egl.cc:85] Successfully initialized EGL. Major : 1 Minor: 5
I0000 00:00:1791478787.011021   66633 gl_context.cc:385] GL version: 3.2 (OpenGL ES 3.2 NVIDIA 550.90.07), renderer: NVIDIA RTX A5000/PCIe/SSE2
W0000 00:00:1791478787.016621   66596 inference_feedback_manager.cc:114] Feedback manager requires a model with a single signature inference. Disabling support for feedback tensors.
W0000 00:00:1791478787.034190   66606 inference_feedback_manager.cc:114] Feedback manager requires a model with a single signature inference. Disabling support for feedback tensors.
/home/sysgen/Projects/Yolanda/Thesis_EEG_Robots/processing/multimodal_robot/analysis/causal_streaming/run_causal_modality_agnostic_robot_replay.py:460: FutureWarning: Downcasting object dtype arrays on .fillna, .ffill, .bfill is deprecated and will change in a future version. Call result.infer_objects(copy=False) instead. To opt-in to the future behavior, set `pd.set_option('future.no_silent_downcasting', True)`
  delivery["computational_deadline_met"] = delivery["deadline_met"].fillna(False).astype(bool)
Traceback (most recent call last):
  File "/home/sysgen/Projects/Yolanda/Thesis_EEG_Robots/processing/multimodal_robot/analysis/causal_streaming/run_causal_modality_agnostic_robot_replay.py", line 905, in <module>
    if __name__ == "__main__": raise SystemExit(main())
  File "/home/sysgen/Projects/Yolanda/Thesis_EEG_Robots/processing/multimodal_robot/analysis/causal_streaming/run_causal_modality_agnostic_robot_replay.py", line 840, in main
    raise RuntimeError("Frozen prediction equivalence failed; refusing to write real-time feasibility output. "
RuntimeError: Frozen prediction equivalence failed; refusing to write real-time feasibility output. {"changed_consensus_class_count": 1, "consensus_class_mismatch_examples": [{"participant": "P05", "segment_id": 1, "target": "valence", "task": "sisyphus", "top3_consensus_class_reference": "HIGH", "top3_consensus_class_replay": "LOW", "window_end_s": 90.0, "window_id": "sisyphus_s1_88.000", "window_start_s": 88.0}], "consensus_differing_probability_count": 2, "consensus_maximum_absolute_difference": 0.046747192208639265, "consensus_probability_mismatch_examples": [{"absolute_consensus_difference": 0.046747192208639265, "participant": "P05", "segment_id": 1, "target": "valence", "task": "sisyphus", "top3_consensus_probability_reference": 0.5391017415532352, "top3_consensus_probability_replay": 0.49235454934459594, "window_end_s": 90.0, "window_id": "sisyphus_s1_88.000", "window_start_s": 88.0}, {"absolute_consensus_difference": 0.019480515443595525, "participant": "P05", "segment_id": 1, "target": "valence", "task": "sisyphus", "top3_consensus_probability_reference": 0.538131563604281, "top3_consensus_probability_replay": 0.5186510481606855, "window_end_s": 91.0, "window_id": "sisyphus_s1_89.000", "window_start_s": 89.0}], "consensus_row_count": 540, "coverage": {"consensus": {"reference_only_count": 0, "reference_only_examples": [], "replay_only_count": 4, "replay_only_examples": [{"participant": "P05", "segment_id": 1, "target": "arousal", "task": "sisyphus", "window_end_s": 92.0, "window_id": "sisyphus_s1_90.000", "window_start_s": 90.0}, {"participant": "P05", "segment_id": 1, "target": "valence", "task": "sisyphus", "window_end_s": 92.0, "window_id": "sisyphus_s1_90.000", "window_start_s": 90.0}, {"participant": "P05", "segment_id": 1, "target": "arousal", "task": "sisyphus", "window_end_s": 93.0, "window_id": "sisyphus_s1_91.000", "window_start_s": 91.0}, {"participant": "P05", "segment_id": 1, "target": "valence", "task": "sisyphus", "window_end_s": 93.0, "window_id": "sisyphus_s1_91.000", "window_start_s": 91.0}]}, "model": {"reference_only_count": 0, "reference_only_examples": [], "replay_only_count": 8, "replay_only_examples": [{"classifier": "logreg", "modality": "multimodal", "model_rank": 2, "participant": "P05", "segment_id": 1, "target": "arousal", "task": "sisyphus", "window_end_s": 92.0, "window_id": "sisyphus_s1_90.000", "window_start_s": 90.0}, {"classifier": "svm", "modality": "multimodal", "model_rank": 3, "participant": "P05", "segment_id": 1, "target": "arousal", "task": "sisyphus", "window_end_s": 92.0, "window_id": "sisyphus_s1_90.000", "window_start_s": 90.0}, {"classifier": "svm", "modality": "face", "model_rank": 2, "participant": "P05", "segment_id": 1, "target": "valence", "task": "sisyphus", "window_end_s": 92.0, "window_id": "sisyphus_s1_90.000", "window_start_s": 90.0}, {"classifier": "logreg", "modality": "face", "model_rank": 3, "participant": "P05", "segment_id": 1, "target": "valence", "task": "sisyphus", "window_end_s": 92.0, "window_id": "sisyphus_s1_90.000", "window_start_s": 90.0}, {"classifier": "logreg", "modality": "multimodal", "model_rank": 2, "participant": "P05", "segment_id": 1, "target": "arousal", "task": "sisyphus", "window_end_s": 93.0, "window_id": "sisyphus_s1_91.000", "window_start_s": 91.0}]}}, "model_differing_probability_count": 4, "model_probability_mismatch_examples": [{"absolute_probability_difference": 0.060336673455363476, "classifier": "svm", "high_probability_reference": 0.5391017415532352, "high_probability_replay": 0.4787650680978717, "modality": "face", "model_rank": 2, "participant": "P05", "segment_id": 1, "target": "valence", "task": "sisyphus", "window_end_s": 90.0, "window_id": "sisyphus_s1_88.000", "window_start_s": 88.0}, {"absolute_probability_difference": 0.02877665049877881, "classifier": "logreg", "high_probability_reference": 0.5211311998433747, "high_probability_replay": 0.49235454934459594, "modality": "face", "model_rank": 3, "participant": "P05", "segment_id": 1, "target": "valence", "task": "sisyphus", "window_end_s": 90.0, "window_id": "sisyphus_s1_88.000", "window_start_s": 88.0}, {"absolute_probability_difference": 0.019480515443595525, "classifier": "svm", "high_probability_reference": 0.538131563604281, "high_probability_replay": 0.5186510481606855, "modality": "face", "model_rank": 2, "participant": "P05", "segment_id": 1, "target": "valence", "task": "sisyphus", "window_end_s": 91.0, "window_id": "sisyphus_s1_89.000", "window_start_s": 89.0}, {"absolute_probability_difference": 0.007101187885593108, "classifier": "logreg", "high_probability_reference": 0.5075614543405342, "high_probability_replay": 0.5146626422261273, "modality": "face", "model_rank": 3, "participant": "P05", "segment_id": 1, "target": "valence", "task": "sisyphus", "window_end_s": 91.0, "window_id": "sisyphus_s1_89.000", "window_start_s": 89.0}], "probability_maximum_absolute_difference": 0.060336673455363476, "probability_row_count": 1634, "timestamp_affected_consensus_difference_count": 2, "timestamp_affected_model_difference_count": 4, "timestamp_affected_window_count": 5, "unexpected_consensus_class_difference_count": 0, "unexpected_consensus_difference_count": 0, "unexpected_model_difference_count": 0, "validation_mode": "corrected_timestamp"}

