participant: P09
started_utc: 2026-10-08T17:07:04.204478+00:00
ended_utc: 2026-10-08T17:10:05.801336+00:00
return_code: 1
command: /home/sysgen/Projects/Yolanda/Thesis_EEG_Robots/eeg_venv/bin/python /home/sysgen/Projects/Yolanda/Thesis_EEG_Robots/processing/multimodal_robot/analysis/causal_streaming/run_causal_modality_agnostic_robot_replay.py --participant P09 --participant-config /home/sysgen/Projects/Yolanda/Thesis_EEG_Robots/processing/multimodal_robot/configs/participants/P09.yaml --raw-root /home/sysgen/Projects/Yolanda/Thesis_EEG_Robots/data --tasks pick_place shape_sorter_observation stack sisyphus shape_sorter_interaction shape_sorter_alone --output-dir /home/sysgen/Projects/Yolanda/Thesis_EEG_Robots/outputs/robot_transfer/causal_modality_agnostic/v5/corrected_timestamp_cohort_20261008/P09 --canonical-root /home/sysgen/Projects/Yolanda/Thesis_EEG_Robots/outputs/robot_transfer/modality_agnostic/P09 --image-reference-csv /home/sysgen/Projects/Yolanda/Thesis_EEG_Robots/derived/P09/Image_Experiment/runs/p09_no_ica/merged/p09_image_trial_dataset.csv --alignment-metadata /home/sysgen/Projects/Yolanda/Thesis_EEG_Robots/derived/P09/Robot_Experiment/runs/p09_robot_final_features/alignment/alignment_metadata.json --validation-mode corrected_timestamp --reference-causal-output /home/sysgen/Projects/Yolanda/Thesis_EEG_Robots/outputs/robot_transfer/causal_modality_agnostic/v1/cohort/P09

exception:
CalledProcessError(1, ['/home/sysgen/Projects/Yolanda/Thesis_EEG_Robots/eeg_venv/bin/python', '/home/sysgen/Projects/Yolanda/Thesis_EEG_Robots/processing/multimodal_robot/analysis/causal_streaming/run_causal_modality_agnostic_robot_replay.py', '--participant', 'P09', '--participant-config', '/home/sysgen/Projects/Yolanda/Thesis_EEG_Robots/processing/multimodal_robot/configs/participants/P09.yaml', '--raw-root', '/home/sysgen/Projects/Yolanda/Thesis_EEG_Robots/data', '--tasks', 'pick_place', 'shape_sorter_observation', 'stack', 'sisyphus', 'shape_sorter_interaction', 'shape_sorter_alone', '--output-dir', '/home/sysgen/Projects/Yolanda/Thesis_EEG_Robots/outputs/robot_transfer/causal_modality_agnostic/v5/corrected_timestamp_cohort_20261008/P09', '--canonical-root', '/home/sysgen/Projects/Yolanda/Thesis_EEG_Robots/outputs/robot_transfer/modality_agnostic/P09', '--image-reference-csv', '/home/sysgen/Projects/Yolanda/Thesis_EEG_Robots/derived/P09/Image_Experiment/runs/p09_no_ica/merged/p09_image_trial_dataset.csv', '--alignment-metadata', '/home/sysgen/Projects/Yolanda/Thesis_EEG_Robots/derived/P09/Robot_Experiment/runs/p09_robot_final_features/alignment/alignment_metadata.json', '--validation-mode', 'corrected_timestamp', '--reference-causal-output', '/home/sysgen/Projects/Yolanda/Thesis_EEG_Robots/outputs/robot_transfer/causal_modality_agnostic/v1/cohort/P09'])

stdout:


stderr:
/home/sysgen/Projects/Yolanda/Thesis_EEG_Robots/processing/multimodal_image/src/eeg.py:31: RuntimeWarning: The unit for channel(s) ACC X, ACC Y, ACC Z, CNT, DT, GYR X, GYR Y, GYR Z, VALID has changed from V to NA.
  raw.set_channel_types(channel_types, verbose=False)
/home/sysgen/Projects/Yolanda/Thesis_EEG_Robots/processing/multimodal_image/src/eeg.py:31: RuntimeWarning: The unit for channel(s) Status has changed from NA to V.
  raw.set_channel_types(channel_types, verbose=False)
WARNING: All log messages before absl::InitializeLog() is called are written to STDERR
W0000 00:00:1791479225.843996   68701 face_landmarker_graph.cc:174] Sets FaceBlendshapesGraph acceleration to xnnpack by default.
I0000 00:00:1791479225.879043   68701 gl_context_egl.cc:85] Successfully initialized EGL. Major : 1 Minor: 5
I0000 00:00:1791479225.946328   68751 gl_context.cc:385] GL version: 3.2 (OpenGL ES 3.2 NVIDIA 550.90.07), renderer: NVIDIA RTX A5000/PCIe/SSE2
INFO: Created TensorFlow Lite XNNPACK delegate for CPU.
W0000 00:00:1791479225.974278   68716 inference_feedback_manager.cc:114] Feedback manager requires a model with a single signature inference. Disabling support for feedback tensors.
W0000 00:00:1791479225.999991   68724 inference_feedback_manager.cc:114] Feedback manager requires a model with a single signature inference. Disabling support for feedback tensors.
/home/sysgen/Projects/Yolanda/Thesis_EEG_Robots/processing/multimodal_image/src/eeg.py:31: RuntimeWarning: The unit for channel(s) ACC X, ACC Y, ACC Z, CNT, DT, GYR X, GYR Y, GYR Z, VALID has changed from V to NA.
  raw.set_channel_types(channel_types, verbose=False)
/home/sysgen/Projects/Yolanda/Thesis_EEG_Robots/processing/multimodal_image/src/eeg.py:31: RuntimeWarning: The unit for channel(s) Status has changed from NA to V.
  raw.set_channel_types(channel_types, verbose=False)
W0000 00:00:1791479235.335092   68815 face_landmarker_graph.cc:174] Sets FaceBlendshapesGraph acceleration to xnnpack by default.
I0000 00:00:1791479235.341626   68815 gl_context_egl.cc:85] Successfully initialized EGL. Major : 1 Minor: 5
I0000 00:00:1791479235.380403   68865 gl_context.cc:385] GL version: 3.2 (OpenGL ES 3.2 NVIDIA 550.90.07), renderer: NVIDIA RTX A5000/PCIe/SSE2
W0000 00:00:1791479235.387097   68828 inference_feedback_manager.cc:114] Feedback manager requires a model with a single signature inference. Disabling support for feedback tensors.
W0000 00:00:1791479235.409884   68837 inference_feedback_manager.cc:114] Feedback manager requires a model with a single signature inference. Disabling support for feedback tensors.
/home/sysgen/Projects/Yolanda/Thesis_EEG_Robots/processing/multimodal_image/src/eeg.py:31: RuntimeWarning: The unit for channel(s) ACC X, ACC Y, ACC Z, CNT, DT, GYR X, GYR Y, GYR Z, VALID has changed from V to NA.
  raw.set_channel_types(channel_types, verbose=False)
/home/sysgen/Projects/Yolanda/Thesis_EEG_Robots/processing/multimodal_image/src/eeg.py:31: RuntimeWarning: The unit for channel(s) Status has changed from NA to V.
  raw.set_channel_types(channel_types, verbose=False)
W0000 00:00:1791479289.617859   68929 face_landmarker_graph.cc:174] Sets FaceBlendshapesGraph acceleration to xnnpack by default.
I0000 00:00:1791479289.626248   68929 gl_context_egl.cc:85] Successfully initialized EGL. Major : 1 Minor: 5
I0000 00:00:1791479289.656777   68979 gl_context.cc:385] GL version: 3.2 (OpenGL ES 3.2 NVIDIA 550.90.07), renderer: NVIDIA RTX A5000/PCIe/SSE2
W0000 00:00:1791479289.662543   68937 inference_feedback_manager.cc:114] Feedback manager requires a model with a single signature inference. Disabling support for feedback tensors.
W0000 00:00:1791479289.687696   68951 inference_feedback_manager.cc:114] Feedback manager requires a model with a single signature inference. Disabling support for feedback tensors.
/home/sysgen/Projects/Yolanda/Thesis_EEG_Robots/processing/multimodal_image/src/eeg.py:31: RuntimeWarning: The unit for channel(s) ACC X, ACC Y, ACC Z, CNT, DT, GYR X, GYR Y, GYR Z, VALID has changed from V to NA.
  raw.set_channel_types(channel_types, verbose=False)
/home/sysgen/Projects/Yolanda/Thesis_EEG_Robots/processing/multimodal_image/src/eeg.py:31: RuntimeWarning: The unit for channel(s) Status has changed from NA to V.
  raw.set_channel_types(channel_types, verbose=False)
W0000 00:00:1791479321.194776   69043 face_landmarker_graph.cc:174] Sets FaceBlendshapesGraph acceleration to xnnpack by default.
I0000 00:00:1791479321.203336   69043 gl_context_egl.cc:85] Successfully initialized EGL. Major : 1 Minor: 5
I0000 00:00:1791479321.237502   69093 gl_context.cc:385] GL version: 3.2 (OpenGL ES 3.2 NVIDIA 550.90.07), renderer: NVIDIA RTX A5000/PCIe/SSE2
W0000 00:00:1791479321.243084   69055 inference_feedback_manager.cc:114] Feedback manager requires a model with a single signature inference. Disabling support for feedback tensors.
W0000 00:00:1791479321.262882   69068 inference_feedback_manager.cc:114] Feedback manager requires a model with a single signature inference. Disabling support for feedback tensors.
[mpeg4 @ 0x5616e9930380] ac-tex damaged at 6 27
[mpeg4 @ 0x5616e9930380] Error at MB: 1113
/home/sysgen/Projects/Yolanda/Thesis_EEG_Robots/processing/multimodal_image/src/eeg.py:31: RuntimeWarning: The unit for channel(s) ACC X, ACC Y, ACC Z, CNT, DT, GYR X, GYR Y, GYR Z, VALID has changed from V to NA.
  raw.set_channel_types(channel_types, verbose=False)
/home/sysgen/Projects/Yolanda/Thesis_EEG_Robots/processing/multimodal_image/src/eeg.py:31: RuntimeWarning: The unit for channel(s) Status has changed from NA to V.
  raw.set_channel_types(channel_types, verbose=False)
W0000 00:00:1791479362.843710   69157 face_landmarker_graph.cc:174] Sets FaceBlendshapesGraph acceleration to xnnpack by default.
I0000 00:00:1791479362.851992   69157 gl_context_egl.cc:85] Successfully initialized EGL. Major : 1 Minor: 5
I0000 00:00:1791479362.885534   69207 gl_context.cc:385] GL version: 3.2 (OpenGL ES 3.2 NVIDIA 550.90.07), renderer: NVIDIA RTX A5000/PCIe/SSE2
W0000 00:00:1791479362.890231   69168 inference_feedback_manager.cc:114] Feedback manager requires a model with a single signature inference. Disabling support for feedback tensors.
W0000 00:00:1791479362.916513   69175 inference_feedback_manager.cc:114] Feedback manager requires a model with a single signature inference. Disabling support for feedback tensors.
/home/sysgen/Projects/Yolanda/Thesis_EEG_Robots/processing/multimodal_robot/analysis/causal_streaming/run_causal_modality_agnostic_robot_replay.py:460: FutureWarning: Downcasting object dtype arrays on .fillna, .ffill, .bfill is deprecated and will change in a future version. Call result.infer_objects(copy=False) instead. To opt-in to the future behavior, set `pd.set_option('future.no_silent_downcasting', True)`
  delivery["computational_deadline_met"] = delivery["deadline_met"].fillna(False).astype(bool)
Traceback (most recent call last):
  File "/home/sysgen/Projects/Yolanda/Thesis_EEG_Robots/processing/multimodal_robot/analysis/causal_streaming/run_causal_modality_agnostic_robot_replay.py", line 905, in <module>
    if __name__ == "__main__": raise SystemExit(main())
  File "/home/sysgen/Projects/Yolanda/Thesis_EEG_Robots/processing/multimodal_robot/analysis/causal_streaming/run_causal_modality_agnostic_robot_replay.py", line 840, in main
    raise RuntimeError("Frozen prediction equivalence failed; refusing to write real-time feasibility output. "
RuntimeError: Frozen prediction equivalence failed; refusing to write real-time feasibility output. {"changed_consensus_class_count": 0, "consensus_class_mismatch_examples": [], "consensus_differing_probability_count": 5, "consensus_maximum_absolute_difference": 0.02588510811410205, "consensus_probability_mismatch_examples": [{"absolute_consensus_difference": 0.02588510811410205, "participant": "P09", "segment_id": 1, "target": "valence", "task": "sisyphus", "top3_consensus_probability_reference": 0.5570790544102436, "top3_consensus_probability_replay": 0.5829641625243457, "window_end_s": 83.0, "window_id": "sisyphus_s1_81.000", "window_start_s": 81.0}, {"absolute_consensus_difference": 0.01714735470005746, "participant": "P09", "segment_id": 1, "target": "valence", "task": "sisyphus", "top3_consensus_probability_reference": 0.5373916146231742, "top3_consensus_probability_replay": 0.5545389693232317, "window_end_s": 84.0, "window_id": "sisyphus_s1_82.000", "window_start_s": 82.0}, {"absolute_consensus_difference": 0.002235599612893102, "participant": "P09", "segment_id": 1, "target": "valence", "task": "sisyphus", "top3_consensus_probability_reference": 0.5211807684831965, "top3_consensus_probability_replay": 0.5189451688703034, "window_end_s": 85.0, "window_id": "sisyphus_s1_83.000", "window_start_s": 83.0}, {"absolute_consensus_difference": 0.01197481228742503, "participant": "P09", "segment_id": 1, "target": "valence", "task": "sisyphus", "top3_consensus_probability_reference": 0.5312413848030085, "top3_consensus_probability_replay": 0.5192665725155835, "window_end_s": 86.0, "window_id": "sisyphus_s1_84.000", "window_start_s": 84.0}, {"absolute_consensus_difference": 5.561917647345371e-05, "participant": "P09", "segment_id": 1, "target": "valence", "task": "stack", "top3_consensus_probability_reference": 0.517441405790409, "top3_consensus_probability_replay": 0.5173857866139355, "window_end_s": 67.0, "window_id": "stack_s1_65.000", "window_start_s": 65.0}], "consensus_row_count": 542, "coverage": {"consensus": {"reference_only_count": 0, "reference_only_examples": [], "replay_only_count": 1, "replay_only_examples": [{"participant": "P09", "segment_id": 1, "target": "valence", "task": "sisyphus", "window_end_s": 87.0, "window_id": "sisyphus_s1_85.000", "window_start_s": 85.0}]}, "model": {"reference_only_count": 0, "reference_only_examples": [], "replay_only_count": 2, "replay_only_examples": [{"classifier": "logreg", "modality": "face", "model_rank": 1, "participant": "P09", "segment_id": 1, "target": "valence", "task": "sisyphus", "window_end_s": 87.0, "window_id": "sisyphus_s1_85.000", "window_start_s": 85.0}, {"classifier": "svm", "modality": "face", "model_rank": 2, "participant": "P09", "segment_id": 1, "target": "valence", "task": "sisyphus", "window_end_s": 87.0, "window_id": "sisyphus_s1_85.000", "window_start_s": 85.0}]}}, "model_differing_probability_count": 10, "model_probability_mismatch_examples": [{"absolute_probability_difference": 0.12421740772516071, "classifier": "logreg", "high_probability_reference": 0.4409372271335877, "high_probability_replay": 0.5651546348587484, "modality": "face", "model_rank": 1, "participant": "P09", "segment_id": 1, "target": "valence", "task": "sisyphus", "window_end_s": 83.0, "window_id": "sisyphus_s1_81.000", "window_start_s": 81.0}, {"absolute_probability_difference": 0.02588510811410205, "classifier": "svm", "high_probability_reference": 0.5570790544102436, "high_probability_replay": 0.5829641625243457, "modality": "face", "model_rank": 2, "participant": "P09", "segment_id": 1, "target": "valence", "task": "sisyphus", "window_end_s": 83.0, "window_id": "sisyphus_s1_81.000", "window_start_s": 81.0}, {"absolute_probability_difference": 0.064119477161654, "classifier": "logreg", "high_probability_reference": 0.3556437774064032, "high_probability_replay": 0.4197632545680572, "modality": "face", "model_rank": 1, "participant": "P09", "segment_id": 1, "target": "valence", "task": "sisyphus", "window_end_s": 84.0, "window_id": "sisyphus_s1_82.000", "window_start_s": 82.0}, {"absolute_probability_difference": 0.01714735470005746, "classifier": "svm", "high_probability_reference": 0.5373916146231742, "high_probability_replay": 0.5545389693232317, "modality": "face", "model_rank": 2, "participant": "P09", "segment_id": 1, "target": "valence", "task": "sisyphus", "window_end_s": 84.0, "window_id": "sisyphus_s1_82.000", "window_start_s": 82.0}, {"absolute_probability_difference": 0.008563916306160657, "classifier": "logreg", "high_probability_reference": 0.2970522717731823, "high_probability_replay": 0.2884883554670216, "modality": "face", "model_rank": 1, "participant": "P09", "segment_id": 1, "target": "valence", "task": "sisyphus", "window_end_s": 85.0, "window_id": "sisyphus_s1_83.000", "window_start_s": 83.0}], "probability_maximum_absolute_difference": 0.12421740772516071, "probability_row_count": 1634, "timestamp_affected_consensus_difference_count": 5, "timestamp_affected_model_difference_count": 10, "timestamp_affected_window_count": 8, "unexpected_consensus_class_difference_count": 0, "unexpected_consensus_difference_count": 0, "unexpected_model_difference_count": 0, "validation_mode": "corrected_timestamp"}

