participant: P18
started_utc: 2026-10-08T17:32:26.889898+00:00
ended_utc: 2026-10-08T17:35:18.807050+00:00
return_code: 1
command: /home/sysgen/Projects/Yolanda/Thesis_EEG_Robots/eeg_venv/bin/python /home/sysgen/Projects/Yolanda/Thesis_EEG_Robots/processing/multimodal_robot/analysis/causal_streaming/run_causal_modality_agnostic_robot_replay.py --participant P18 --participant-config /home/sysgen/Projects/Yolanda/Thesis_EEG_Robots/processing/multimodal_robot/configs/participants/P18.yaml --raw-root /home/sysgen/Projects/Yolanda/Thesis_EEG_Robots/data --tasks pick_place shape_sorter_observation stack sisyphus shape_sorter_interaction shape_sorter_alone --output-dir /home/sysgen/Projects/Yolanda/Thesis_EEG_Robots/outputs/robot_transfer/causal_modality_agnostic/v5/corrected_timestamp_cohort_20261008/P18 --canonical-root /home/sysgen/Projects/Yolanda/Thesis_EEG_Robots/outputs/robot_transfer/modality_agnostic/P18 --image-reference-csv /home/sysgen/Projects/Yolanda/Thesis_EEG_Robots/derived/P18/Image_Experiment/runs/p18_no_ica/merged/p18_image_trial_dataset.csv --alignment-metadata /home/sysgen/Projects/Yolanda/Thesis_EEG_Robots/derived/P18/Robot_Experiment/runs/p18_robot_final_features/alignment/alignment_metadata.json --validation-mode corrected_timestamp --reference-causal-output /home/sysgen/Projects/Yolanda/Thesis_EEG_Robots/outputs/robot_transfer/causal_modality_agnostic/v1/cohort/P18

exception:
CalledProcessError(1, ['/home/sysgen/Projects/Yolanda/Thesis_EEG_Robots/eeg_venv/bin/python', '/home/sysgen/Projects/Yolanda/Thesis_EEG_Robots/processing/multimodal_robot/analysis/causal_streaming/run_causal_modality_agnostic_robot_replay.py', '--participant', 'P18', '--participant-config', '/home/sysgen/Projects/Yolanda/Thesis_EEG_Robots/processing/multimodal_robot/configs/participants/P18.yaml', '--raw-root', '/home/sysgen/Projects/Yolanda/Thesis_EEG_Robots/data', '--tasks', 'pick_place', 'shape_sorter_observation', 'stack', 'sisyphus', 'shape_sorter_interaction', 'shape_sorter_alone', '--output-dir', '/home/sysgen/Projects/Yolanda/Thesis_EEG_Robots/outputs/robot_transfer/causal_modality_agnostic/v5/corrected_timestamp_cohort_20261008/P18', '--canonical-root', '/home/sysgen/Projects/Yolanda/Thesis_EEG_Robots/outputs/robot_transfer/modality_agnostic/P18', '--image-reference-csv', '/home/sysgen/Projects/Yolanda/Thesis_EEG_Robots/derived/P18/Image_Experiment/runs/p18_no_ica/merged/p18_image_trial_dataset.csv', '--alignment-metadata', '/home/sysgen/Projects/Yolanda/Thesis_EEG_Robots/derived/P18/Robot_Experiment/runs/p18_robot_final_features/alignment/alignment_metadata.json', '--validation-mode', 'corrected_timestamp', '--reference-causal-output', '/home/sysgen/Projects/Yolanda/Thesis_EEG_Robots/outputs/robot_transfer/causal_modality_agnostic/v1/cohort/P18'])

stdout:


stderr:
/home/sysgen/Projects/Yolanda/Thesis_EEG_Robots/processing/multimodal_image/src/eeg.py:31: RuntimeWarning: The unit for channel(s) ACC X, ACC Y, ACC Z, CNT, DT, GYR X, GYR Y, GYR Z, VALID has changed from V to NA.
  raw.set_channel_types(channel_types, verbose=False)
/home/sysgen/Projects/Yolanda/Thesis_EEG_Robots/processing/multimodal_image/src/eeg.py:31: RuntimeWarning: The unit for channel(s) Status has changed from NA to V.
  raw.set_channel_types(channel_types, verbose=False)
WARNING: All log messages before absl::InitializeLog() is called are written to STDERR
W0000 00:00:1791480748.549935   75268 face_landmarker_graph.cc:174] Sets FaceBlendshapesGraph acceleration to xnnpack by default.
I0000 00:00:1791480748.580885   75268 gl_context_egl.cc:85] Successfully initialized EGL. Major : 1 Minor: 5
I0000 00:00:1791480748.653267   75318 gl_context.cc:385] GL version: 3.2 (OpenGL ES 3.2 NVIDIA 550.90.07), renderer: NVIDIA RTX A5000/PCIe/SSE2
INFO: Created TensorFlow Lite XNNPACK delegate for CPU.
W0000 00:00:1791480748.686349   75283 inference_feedback_manager.cc:114] Feedback manager requires a model with a single signature inference. Disabling support for feedback tensors.
W0000 00:00:1791480748.715936   75289 inference_feedback_manager.cc:114] Feedback manager requires a model with a single signature inference. Disabling support for feedback tensors.
/home/sysgen/Projects/Yolanda/Thesis_EEG_Robots/processing/multimodal_image/src/eeg.py:31: RuntimeWarning: The unit for channel(s) ACC X, ACC Y, ACC Z, CNT, DT, GYR X, GYR Y, GYR Z, VALID has changed from V to NA.
  raw.set_channel_types(channel_types, verbose=False)
/home/sysgen/Projects/Yolanda/Thesis_EEG_Robots/processing/multimodal_image/src/eeg.py:31: RuntimeWarning: The unit for channel(s) Status has changed from NA to V.
  raw.set_channel_types(channel_types, verbose=False)
W0000 00:00:1791480758.013155   75382 face_landmarker_graph.cc:174] Sets FaceBlendshapesGraph acceleration to xnnpack by default.
I0000 00:00:1791480758.020885   75382 gl_context_egl.cc:85] Successfully initialized EGL. Major : 1 Minor: 5
I0000 00:00:1791480758.058306   75432 gl_context.cc:385] GL version: 3.2 (OpenGL ES 3.2 NVIDIA 550.90.07), renderer: NVIDIA RTX A5000/PCIe/SSE2
W0000 00:00:1791480758.064748   75397 inference_feedback_manager.cc:114] Feedback manager requires a model with a single signature inference. Disabling support for feedback tensors.
W0000 00:00:1791480758.086337   75402 inference_feedback_manager.cc:114] Feedback manager requires a model with a single signature inference. Disabling support for feedback tensors.
/home/sysgen/Projects/Yolanda/Thesis_EEG_Robots/processing/multimodal_image/src/eeg.py:31: RuntimeWarning: The unit for channel(s) ACC X, ACC Y, ACC Z, CNT, DT, GYR X, GYR Y, GYR Z, VALID has changed from V to NA.
  raw.set_channel_types(channel_types, verbose=False)
/home/sysgen/Projects/Yolanda/Thesis_EEG_Robots/processing/multimodal_image/src/eeg.py:31: RuntimeWarning: The unit for channel(s) Status has changed from NA to V.
  raw.set_channel_types(channel_types, verbose=False)
W0000 00:00:1791480812.106095   75496 face_landmarker_graph.cc:174] Sets FaceBlendshapesGraph acceleration to xnnpack by default.
I0000 00:00:1791480812.113070   75496 gl_context_egl.cc:85] Successfully initialized EGL. Major : 1 Minor: 5
I0000 00:00:1791480812.157442   75546 gl_context.cc:385] GL version: 3.2 (OpenGL ES 3.2 NVIDIA 550.90.07), renderer: NVIDIA RTX A5000/PCIe/SSE2
W0000 00:00:1791480812.162370   75509 inference_feedback_manager.cc:114] Feedback manager requires a model with a single signature inference. Disabling support for feedback tensors.
W0000 00:00:1791480812.186171   75523 inference_feedback_manager.cc:114] Feedback manager requires a model with a single signature inference. Disabling support for feedback tensors.
/home/sysgen/Projects/Yolanda/Thesis_EEG_Robots/processing/multimodal_image/src/eeg.py:31: RuntimeWarning: The unit for channel(s) ACC X, ACC Y, ACC Z, CNT, DT, GYR X, GYR Y, GYR Z, VALID has changed from V to NA.
  raw.set_channel_types(channel_types, verbose=False)
/home/sysgen/Projects/Yolanda/Thesis_EEG_Robots/processing/multimodal_image/src/eeg.py:31: RuntimeWarning: The unit for channel(s) Status has changed from NA to V.
  raw.set_channel_types(channel_types, verbose=False)
W0000 00:00:1791480843.868102   75611 face_landmarker_graph.cc:174] Sets FaceBlendshapesGraph acceleration to xnnpack by default.
I0000 00:00:1791480843.875686   75611 gl_context_egl.cc:85] Successfully initialized EGL. Major : 1 Minor: 5
I0000 00:00:1791480843.911086   75661 gl_context.cc:385] GL version: 3.2 (OpenGL ES 3.2 NVIDIA 550.90.07), renderer: NVIDIA RTX A5000/PCIe/SSE2
W0000 00:00:1791480843.915519   75613 inference_feedback_manager.cc:114] Feedback manager requires a model with a single signature inference. Disabling support for feedback tensors.
W0000 00:00:1791480843.938146   75633 inference_feedback_manager.cc:114] Feedback manager requires a model with a single signature inference. Disabling support for feedback tensors.
[mpeg4 @ 0x5579c2b9e2c0] mcbpc damaged at 34 16
[mpeg4 @ 0x5579c2b9e2c0] Error at MB: 690
/home/sysgen/Projects/Yolanda/Thesis_EEG_Robots/processing/multimodal_image/src/eeg.py:31: RuntimeWarning: The unit for channel(s) ACC X, ACC Y, ACC Z, CNT, DT, GYR X, GYR Y, GYR Z, VALID has changed from V to NA.
  raw.set_channel_types(channel_types, verbose=False)
/home/sysgen/Projects/Yolanda/Thesis_EEG_Robots/processing/multimodal_image/src/eeg.py:31: RuntimeWarning: The unit for channel(s) Status has changed from NA to V.
  raw.set_channel_types(channel_types, verbose=False)
W0000 00:00:1791480874.354738   75727 face_landmarker_graph.cc:174] Sets FaceBlendshapesGraph acceleration to xnnpack by default.
I0000 00:00:1791480874.361352   75727 gl_context_egl.cc:85] Successfully initialized EGL. Major : 1 Minor: 5
I0000 00:00:1791480874.394912   75777 gl_context.cc:385] GL version: 3.2 (OpenGL ES 3.2 NVIDIA 550.90.07), renderer: NVIDIA RTX A5000/PCIe/SSE2
W0000 00:00:1791480874.400652   75735 inference_feedback_manager.cc:114] Feedback manager requires a model with a single signature inference. Disabling support for feedback tensors.
W0000 00:00:1791480874.422229   75749 inference_feedback_manager.cc:114] Feedback manager requires a model with a single signature inference. Disabling support for feedback tensors.
/home/sysgen/Projects/Yolanda/Thesis_EEG_Robots/processing/multimodal_robot/analysis/causal_streaming/run_causal_modality_agnostic_robot_replay.py:460: FutureWarning: Downcasting object dtype arrays on .fillna, .ffill, .bfill is deprecated and will change in a future version. Call result.infer_objects(copy=False) instead. To opt-in to the future behavior, set `pd.set_option('future.no_silent_downcasting', True)`
  delivery["computational_deadline_met"] = delivery["deadline_met"].fillna(False).astype(bool)
Traceback (most recent call last):
  File "/home/sysgen/Projects/Yolanda/Thesis_EEG_Robots/processing/multimodal_robot/analysis/causal_streaming/run_causal_modality_agnostic_robot_replay.py", line 905, in <module>
    if __name__ == "__main__": raise SystemExit(main())
  File "/home/sysgen/Projects/Yolanda/Thesis_EEG_Robots/processing/multimodal_robot/analysis/causal_streaming/run_causal_modality_agnostic_robot_replay.py", line 840, in main
    raise RuntimeError("Frozen prediction equivalence failed; refusing to write real-time feasibility output. "
RuntimeError: Frozen prediction equivalence failed; refusing to write real-time feasibility output. {"changed_consensus_class_count": 2, "consensus_class_mismatch_examples": [{"participant": "P18", "segment_id": 1, "target": "arousal", "task": "sisyphus", "top3_consensus_class_reference": "LOW", "top3_consensus_class_replay": "HIGH", "window_end_s": 62.0, "window_id": "sisyphus_s1_60.000", "window_start_s": 60.0}, {"participant": "P18", "segment_id": 1, "target": "arousal", "task": "sisyphus", "top3_consensus_class_reference": "HIGH", "top3_consensus_class_replay": "LOW", "window_end_s": 63.0, "window_id": "sisyphus_s1_61.000", "window_start_s": 61.0}], "consensus_differing_probability_count": 5, "consensus_maximum_absolute_difference": 0.041908441066351776, "consensus_probability_mismatch_examples": [{"absolute_consensus_difference": 0.010151331871693592, "participant": "P18", "segment_id": 1, "target": "arousal", "task": "shape_sorter_interaction", "top3_consensus_probability_reference": 0.8963913430228845, "top3_consensus_probability_replay": 0.8862400111511909, "window_end_s": 90.0, "window_id": "shape_sorter_interaction_s1_88.000", "window_start_s": 88.0}, {"absolute_consensus_difference": 0.030000853878638878, "participant": "P18", "segment_id": 1, "target": "arousal", "task": "sisyphus", "top3_consensus_probability_reference": 0.4725599742700258, "top3_consensus_probability_replay": 0.5025608281486647, "window_end_s": 62.0, "window_id": "sisyphus_s1_60.000", "window_start_s": 60.0}, {"absolute_consensus_difference": 0.012808197916021502, "participant": "P18", "segment_id": 1, "target": "arousal", "task": "sisyphus", "top3_consensus_probability_reference": 0.511397734356307, "top3_consensus_probability_replay": 0.4985895364402855, "window_end_s": 63.0, "window_id": "sisyphus_s1_61.000", "window_start_s": 61.0}, {"absolute_consensus_difference": 0.0020104703443603045, "participant": "P18", "segment_id": 1, "target": "arousal", "task": "sisyphus", "top3_consensus_probability_reference": 0.4653010979256895, "top3_consensus_probability_replay": 0.4673115682700498, "window_end_s": 64.0, "window_id": "sisyphus_s1_62.000", "window_start_s": 62.0}, {"absolute_consensus_difference": 0.041908441066351776, "participant": "P18", "segment_id": 1, "target": "arousal", "task": "sisyphus", "top3_consensus_probability_reference": 0.4230717077517026, "top3_consensus_probability_replay": 0.4649801488180544, "window_end_s": 65.0, "window_id": "sisyphus_s1_63.000", "window_start_s": 63.0}], "consensus_row_count": 494, "coverage": {"consensus": {"reference_only_count": 0, "reference_only_examples": [], "replay_only_count": 2, "replay_only_examples": [{"participant": "P18", "segment_id": 1, "target": "arousal", "task": "sisyphus", "window_end_s": 66.0, "window_id": "sisyphus_s1_64.000", "window_start_s": 64.0}, {"participant": "P18", "segment_id": 1, "target": "valence", "task": "sisyphus", "window_end_s": 66.0, "window_id": "sisyphus_s1_64.000", "window_start_s": 64.0}]}, "model": {"reference_only_count": 0, "reference_only_examples": [], "replay_only_count": 3, "replay_only_examples": [{"classifier": "logreg", "modality": "face", "model_rank": 1, "participant": "P18", "segment_id": 1, "target": "arousal", "task": "sisyphus", "window_end_s": 66.0, "window_id": "sisyphus_s1_64.000", "window_start_s": 64.0}, {"classifier": "svm", "modality": "face", "model_rank": 2, "participant": "P18", "segment_id": 1, "target": "arousal", "task": "sisyphus", "window_end_s": 66.0, "window_id": "sisyphus_s1_64.000", "window_start_s": 64.0}, {"classifier": "gnb", "modality": "multimodal", "model_rank": 1, "participant": "P18", "segment_id": 1, "target": "valence", "task": "sisyphus", "window_end_s": 66.0, "window_id": "sisyphus_s1_64.000", "window_start_s": 64.0}]}}, "model_differing_probability_count": 10, "model_probability_mismatch_examples": [{"absolute_probability_difference": 0.008343991546786445, "classifier": "logreg", "high_probability_reference": 0.6015554840988433, "high_probability_replay": 0.5932114925520569, "modality": "face", "model_rank": 1, "participant": "P18", "segment_id": 1, "target": "arousal", "task": "shape_sorter_interaction", "window_end_s": 90.0, "window_id": "shape_sorter_interaction_s1_88.000", "window_start_s": 88.0}, {"absolute_probability_difference": 0.010151331871693592, "classifier": "svm", "high_probability_reference": 0.8963913430228845, "high_probability_replay": 0.8862400111511909, "modality": "face", "model_rank": 2, "participant": "P18", "segment_id": 1, "target": "arousal", "task": "shape_sorter_interaction", "window_end_s": 90.0, "window_id": "shape_sorter_interaction_s1_88.000", "window_start_s": 88.0}, {"absolute_probability_difference": 0.01554359216127077, "classifier": "logreg", "high_probability_reference": 0.4870172359873939, "high_probability_replay": 0.5025608281486647, "modality": "face", "model_rank": 1, "participant": "P18", "segment_id": 1, "target": "arousal", "task": "sisyphus", "window_end_s": 62.0, "window_id": "sisyphus_s1_60.000", "window_start_s": 60.0}, {"absolute_probability_difference": 0.04355785810134233, "classifier": "svm", "high_probability_reference": 0.4725599742700258, "high_probability_replay": 0.5161178323713681, "modality": "face", "model_rank": 2, "participant": "P18", "segment_id": 1, "target": "arousal", "task": "sisyphus", "window_end_s": 62.0, "window_id": "sisyphus_s1_60.000", "window_start_s": 60.0}, {"absolute_probability_difference": 0.007443486976385638, "classifier": "logreg", "high_probability_reference": 0.5060330234166711, "high_probability_replay": 0.4985895364402855, "modality": "face", "model_rank": 1, "participant": "P18", "segment_id": 1, "target": "arousal", "task": "sisyphus", "window_end_s": 63.0, "window_id": "sisyphus_s1_61.000", "window_start_s": 61.0}], "probability_maximum_absolute_difference": 0.04355785810134233, "probability_row_count": 1509, "timestamp_affected_consensus_difference_count": 5, "timestamp_affected_model_difference_count": 10, "timestamp_affected_window_count": 8, "unexpected_consensus_class_difference_count": 0, "unexpected_consensus_difference_count": 0, "unexpected_model_difference_count": 0, "validation_mode": "corrected_timestamp"}

