participant: P20
started_utc: 2026-10-08T17:37:58.511892+00:00
ended_utc: 2026-10-08T17:40:45.230044+00:00
return_code: 1
command: /home/sysgen/Projects/Yolanda/Thesis_EEG_Robots/eeg_venv/bin/python /home/sysgen/Projects/Yolanda/Thesis_EEG_Robots/processing/multimodal_robot/analysis/causal_streaming/run_causal_modality_agnostic_robot_replay.py --participant P20 --participant-config /home/sysgen/Projects/Yolanda/Thesis_EEG_Robots/processing/multimodal_robot/configs/participants/P20.yaml --raw-root /home/sysgen/Projects/Yolanda/Thesis_EEG_Robots/data --tasks pick_place shape_sorter_observation stack sisyphus shape_sorter_interaction shape_sorter_alone --output-dir /home/sysgen/Projects/Yolanda/Thesis_EEG_Robots/outputs/robot_transfer/causal_modality_agnostic/v5/corrected_timestamp_cohort_20261008/P20 --canonical-root /home/sysgen/Projects/Yolanda/Thesis_EEG_Robots/outputs/robot_transfer/modality_agnostic/P20 --image-reference-csv /home/sysgen/Projects/Yolanda/Thesis_EEG_Robots/derived/P20/Image_Experiment/runs/p20_no_ica/merged/p20_image_trial_dataset.csv --alignment-metadata /home/sysgen/Projects/Yolanda/Thesis_EEG_Robots/derived/P20/Robot_Experiment/runs/p20_robot_final_features/alignment/alignment_metadata.json --validation-mode corrected_timestamp --reference-causal-output /home/sysgen/Projects/Yolanda/Thesis_EEG_Robots/outputs/robot_transfer/causal_modality_agnostic/v1/cohort/P20

exception:
CalledProcessError(1, ['/home/sysgen/Projects/Yolanda/Thesis_EEG_Robots/eeg_venv/bin/python', '/home/sysgen/Projects/Yolanda/Thesis_EEG_Robots/processing/multimodal_robot/analysis/causal_streaming/run_causal_modality_agnostic_robot_replay.py', '--participant', 'P20', '--participant-config', '/home/sysgen/Projects/Yolanda/Thesis_EEG_Robots/processing/multimodal_robot/configs/participants/P20.yaml', '--raw-root', '/home/sysgen/Projects/Yolanda/Thesis_EEG_Robots/data', '--tasks', 'pick_place', 'shape_sorter_observation', 'stack', 'sisyphus', 'shape_sorter_interaction', 'shape_sorter_alone', '--output-dir', '/home/sysgen/Projects/Yolanda/Thesis_EEG_Robots/outputs/robot_transfer/causal_modality_agnostic/v5/corrected_timestamp_cohort_20261008/P20', '--canonical-root', '/home/sysgen/Projects/Yolanda/Thesis_EEG_Robots/outputs/robot_transfer/modality_agnostic/P20', '--image-reference-csv', '/home/sysgen/Projects/Yolanda/Thesis_EEG_Robots/derived/P20/Image_Experiment/runs/p20_no_ica/merged/p20_image_trial_dataset.csv', '--alignment-metadata', '/home/sysgen/Projects/Yolanda/Thesis_EEG_Robots/derived/P20/Robot_Experiment/runs/p20_robot_final_features/alignment/alignment_metadata.json', '--validation-mode', 'corrected_timestamp', '--reference-causal-output', '/home/sysgen/Projects/Yolanda/Thesis_EEG_Robots/outputs/robot_transfer/causal_modality_agnostic/v1/cohort/P20'])

stdout:


stderr:
/home/sysgen/Projects/Yolanda/Thesis_EEG_Robots/processing/multimodal_image/src/eeg.py:31: RuntimeWarning: The unit for channel(s) ACC X, ACC Y, ACC Z, CNT, DT, GYR X, GYR Y, GYR Z, VALID has changed from V to NA.
  raw.set_channel_types(channel_types, verbose=False)
/home/sysgen/Projects/Yolanda/Thesis_EEG_Robots/processing/multimodal_image/src/eeg.py:31: RuntimeWarning: The unit for channel(s) Status has changed from NA to V.
  raw.set_channel_types(channel_types, verbose=False)
WARNING: All log messages before absl::InitializeLog() is called are written to STDERR
W0000 00:00:1791481080.195091   76738 face_landmarker_graph.cc:174] Sets FaceBlendshapesGraph acceleration to xnnpack by default.
I0000 00:00:1791481080.225190   76738 gl_context_egl.cc:85] Successfully initialized EGL. Major : 1 Minor: 5
I0000 00:00:1791481080.280808   76788 gl_context.cc:385] GL version: 3.2 (OpenGL ES 3.2 NVIDIA 550.90.07), renderer: NVIDIA RTX A5000/PCIe/SSE2
INFO: Created TensorFlow Lite XNNPACK delegate for CPU.
W0000 00:00:1791481080.310520   76753 inference_feedback_manager.cc:114] Feedback manager requires a model with a single signature inference. Disabling support for feedback tensors.
W0000 00:00:1791481080.335799   76764 inference_feedback_manager.cc:114] Feedback manager requires a model with a single signature inference. Disabling support for feedback tensors.
/home/sysgen/Projects/Yolanda/Thesis_EEG_Robots/processing/multimodal_image/src/eeg.py:31: RuntimeWarning: The unit for channel(s) ACC X, ACC Y, ACC Z, CNT, DT, GYR X, GYR Y, GYR Z, VALID has changed from V to NA.
  raw.set_channel_types(channel_types, verbose=False)
/home/sysgen/Projects/Yolanda/Thesis_EEG_Robots/processing/multimodal_image/src/eeg.py:31: RuntimeWarning: The unit for channel(s) Status has changed from NA to V.
  raw.set_channel_types(channel_types, verbose=False)
W0000 00:00:1791481097.962126   76852 face_landmarker_graph.cc:174] Sets FaceBlendshapesGraph acceleration to xnnpack by default.
I0000 00:00:1791481097.970395   76852 gl_context_egl.cc:85] Successfully initialized EGL. Major : 1 Minor: 5
I0000 00:00:1791481098.006875   76902 gl_context.cc:385] GL version: 3.2 (OpenGL ES 3.2 NVIDIA 550.90.07), renderer: NVIDIA RTX A5000/PCIe/SSE2
W0000 00:00:1791481098.013230   76863 inference_feedback_manager.cc:114] Feedback manager requires a model with a single signature inference. Disabling support for feedback tensors.
W0000 00:00:1791481098.036099   76878 inference_feedback_manager.cc:114] Feedback manager requires a model with a single signature inference. Disabling support for feedback tensors.
/home/sysgen/Projects/Yolanda/Thesis_EEG_Robots/processing/multimodal_image/src/eeg.py:31: RuntimeWarning: The unit for channel(s) ACC X, ACC Y, ACC Z, CNT, DT, GYR X, GYR Y, GYR Z, VALID has changed from V to NA.
  raw.set_channel_types(channel_types, verbose=False)
/home/sysgen/Projects/Yolanda/Thesis_EEG_Robots/processing/multimodal_image/src/eeg.py:31: RuntimeWarning: The unit for channel(s) Status has changed from NA to V.
  raw.set_channel_types(channel_types, verbose=False)
W0000 00:00:1791481126.256897   76966 face_landmarker_graph.cc:174] Sets FaceBlendshapesGraph acceleration to xnnpack by default.
I0000 00:00:1791481126.264279   76966 gl_context_egl.cc:85] Successfully initialized EGL. Major : 1 Minor: 5
I0000 00:00:1791481126.303876   77016 gl_context.cc:385] GL version: 3.2 (OpenGL ES 3.2 NVIDIA 550.90.07), renderer: NVIDIA RTX A5000/PCIe/SSE2
W0000 00:00:1791481126.309529   76979 inference_feedback_manager.cc:114] Feedback manager requires a model with a single signature inference. Disabling support for feedback tensors.
W0000 00:00:1791481126.334184   76989 inference_feedback_manager.cc:114] Feedback manager requires a model with a single signature inference. Disabling support for feedback tensors.
/home/sysgen/Projects/Yolanda/Thesis_EEG_Robots/processing/multimodal_image/src/eeg.py:31: RuntimeWarning: The unit for channel(s) ACC X, ACC Y, ACC Z, CNT, DT, GYR X, GYR Y, GYR Z, VALID has changed from V to NA.
  raw.set_channel_types(channel_types, verbose=False)
/home/sysgen/Projects/Yolanda/Thesis_EEG_Robots/processing/multimodal_image/src/eeg.py:31: RuntimeWarning: The unit for channel(s) Status has changed from NA to V.
  raw.set_channel_types(channel_types, verbose=False)
W0000 00:00:1791481157.957294   77080 face_landmarker_graph.cc:174] Sets FaceBlendshapesGraph acceleration to xnnpack by default.
I0000 00:00:1791481157.965384   77080 gl_context_egl.cc:85] Successfully initialized EGL. Major : 1 Minor: 5
I0000 00:00:1791481157.998887   77130 gl_context.cc:385] GL version: 3.2 (OpenGL ES 3.2 NVIDIA 550.90.07), renderer: NVIDIA RTX A5000/PCIe/SSE2
W0000 00:00:1791481158.004192   77085 inference_feedback_manager.cc:114] Feedback manager requires a model with a single signature inference. Disabling support for feedback tensors.
W0000 00:00:1791481158.025682   77106 inference_feedback_manager.cc:114] Feedback manager requires a model with a single signature inference. Disabling support for feedback tensors.
[mpeg4 @ 0x556942124a40] ac-tex damaged at 34 26
[mpeg4 @ 0x556942124a40] Error at MB: 1100
/home/sysgen/Projects/Yolanda/Thesis_EEG_Robots/processing/multimodal_image/src/eeg.py:31: RuntimeWarning: The unit for channel(s) ACC X, ACC Y, ACC Z, CNT, DT, GYR X, GYR Y, GYR Z, VALID has changed from V to NA.
  raw.set_channel_types(channel_types, verbose=False)
/home/sysgen/Projects/Yolanda/Thesis_EEG_Robots/processing/multimodal_image/src/eeg.py:31: RuntimeWarning: The unit for channel(s) Status has changed from NA to V.
  raw.set_channel_types(channel_types, verbose=False)
W0000 00:00:1791481200.464787   77195 face_landmarker_graph.cc:174] Sets FaceBlendshapesGraph acceleration to xnnpack by default.
I0000 00:00:1791481200.472859   77195 gl_context_egl.cc:85] Successfully initialized EGL. Major : 1 Minor: 5
I0000 00:00:1791481200.507758   77245 gl_context.cc:385] GL version: 3.2 (OpenGL ES 3.2 NVIDIA 550.90.07), renderer: NVIDIA RTX A5000/PCIe/SSE2
W0000 00:00:1791481200.509877   77207 inference_feedback_manager.cc:114] Feedback manager requires a model with a single signature inference. Disabling support for feedback tensors.
W0000 00:00:1791481200.535243   77215 inference_feedback_manager.cc:114] Feedback manager requires a model with a single signature inference. Disabling support for feedback tensors.
/home/sysgen/Projects/Yolanda/Thesis_EEG_Robots/processing/multimodal_robot/analysis/causal_streaming/run_causal_modality_agnostic_robot_replay.py:460: FutureWarning: Downcasting object dtype arrays on .fillna, .ffill, .bfill is deprecated and will change in a future version. Call result.infer_objects(copy=False) instead. To opt-in to the future behavior, set `pd.set_option('future.no_silent_downcasting', True)`
  delivery["computational_deadline_met"] = delivery["deadline_met"].fillna(False).astype(bool)
Traceback (most recent call last):
  File "/home/sysgen/Projects/Yolanda/Thesis_EEG_Robots/processing/multimodal_robot/analysis/causal_streaming/run_causal_modality_agnostic_robot_replay.py", line 905, in <module>
    if __name__ == "__main__": raise SystemExit(main())
  File "/home/sysgen/Projects/Yolanda/Thesis_EEG_Robots/processing/multimodal_robot/analysis/causal_streaming/run_causal_modality_agnostic_robot_replay.py", line 840, in main
    raise RuntimeError("Frozen prediction equivalence failed; refusing to write real-time feasibility output. "
RuntimeError: Frozen prediction equivalence failed; refusing to write real-time feasibility output. {"changed_consensus_class_count": 0, "consensus_class_mismatch_examples": [], "consensus_differing_probability_count": 7, "consensus_maximum_absolute_difference": 0.026692405454475265, "consensus_probability_mismatch_examples": [{"absolute_consensus_difference": 0.0003433350553420089, "participant": "P20", "segment_id": 1, "target": "arousal", "task": "shape_sorter_interaction", "top3_consensus_probability_reference": 0.9905733035994776, "top3_consensus_probability_replay": 0.9902299685441356, "window_end_s": 91.0, "window_id": "shape_sorter_interaction_s1_89.000", "window_start_s": 89.0}, {"absolute_consensus_difference": 0.00037087495871568343, "participant": "P20", "segment_id": 1, "target": "arousal", "task": "shape_sorter_observation", "top3_consensus_probability_reference": 0.9172873532903294, "top3_consensus_probability_replay": 0.9169164783316137, "window_end_s": 61.0, "window_id": "shape_sorter_observation_s1_59.000", "window_start_s": 59.0}, {"absolute_consensus_difference": 0.0037523730600051985, "participant": "P20", "segment_id": 1, "target": "arousal", "task": "sisyphus", "top3_consensus_probability_reference": 0.8129313296439816, "top3_consensus_probability_replay": 0.8091789565839764, "window_end_s": 90.0, "window_id": "sisyphus_s1_88.000", "window_start_s": 88.0}, {"absolute_consensus_difference": 0.009050988622558931, "participant": "P20", "segment_id": 1, "target": "arousal", "task": "sisyphus", "top3_consensus_probability_reference": 0.8980748019738798, "top3_consensus_probability_replay": 0.9071257905964387, "window_end_s": 91.0, "window_id": "sisyphus_s1_89.000", "window_start_s": 89.0}, {"absolute_consensus_difference": 0.008853053694177104, "participant": "P20", "segment_id": 1, "target": "arousal", "task": "sisyphus", "top3_consensus_probability_reference": 0.9293078598971488, "top3_consensus_probability_replay": 0.9381609135913259, "window_end_s": 92.0, "window_id": "sisyphus_s1_90.000", "window_start_s": 90.0}], "consensus_row_count": 486, "coverage": {"consensus": {"reference_only_count": 0, "reference_only_examples": [], "replay_only_count": 1, "replay_only_examples": [{"participant": "P20", "segment_id": 1, "target": "arousal", "task": "sisyphus", "window_end_s": 95.0, "window_id": "sisyphus_s1_93.000", "window_start_s": 93.0}]}, "model": {"reference_only_count": 0, "reference_only_examples": [], "replay_only_count": 1, "replay_only_examples": [{"classifier": "svm", "modality": "multimodal", "model_rank": 3, "participant": "P20", "segment_id": 1, "target": "arousal", "task": "sisyphus", "window_end_s": 95.0, "window_id": "sisyphus_s1_93.000", "window_start_s": 93.0}]}}, "model_differing_probability_count": 7, "model_probability_mismatch_examples": [{"absolute_probability_difference": 0.0003433350553420089, "classifier": "svm", "high_probability_reference": 0.9905733035994776, "high_probability_replay": 0.9902299685441356, "modality": "multimodal", "model_rank": 3, "participant": "P20", "segment_id": 1, "target": "arousal", "task": "shape_sorter_interaction", "window_end_s": 91.0, "window_id": "shape_sorter_interaction_s1_89.000", "window_start_s": 89.0}, {"absolute_probability_difference": 0.00037087495871568343, "classifier": "svm", "high_probability_reference": 0.9172873532903294, "high_probability_replay": 0.9169164783316137, "modality": "multimodal", "model_rank": 3, "participant": "P20", "segment_id": 1, "target": "arousal", "task": "shape_sorter_observation", "window_end_s": 61.0, "window_id": "shape_sorter_observation_s1_59.000", "window_start_s": 59.0}, {"absolute_probability_difference": 0.0037523730600051985, "classifier": "svm", "high_probability_reference": 0.8129313296439816, "high_probability_replay": 0.8091789565839764, "modality": "multimodal", "model_rank": 3, "participant": "P20", "segment_id": 1, "target": "arousal", "task": "sisyphus", "window_end_s": 90.0, "window_id": "sisyphus_s1_88.000", "window_start_s": 88.0}, {"absolute_probability_difference": 0.009050988622558931, "classifier": "svm", "high_probability_reference": 0.8980748019738798, "high_probability_replay": 0.9071257905964387, "modality": "multimodal", "model_rank": 3, "participant": "P20", "segment_id": 1, "target": "arousal", "task": "sisyphus", "window_end_s": 91.0, "window_id": "sisyphus_s1_89.000", "window_start_s": 89.0}, {"absolute_probability_difference": 0.024940277010633505, "classifier": "svm", "high_probability_reference": 0.9132206365806924, "high_probability_replay": 0.9381609135913259, "modality": "multimodal", "model_rank": 3, "participant": "P20", "segment_id": 1, "target": "arousal", "task": "sisyphus", "window_end_s": 92.0, "window_id": "sisyphus_s1_90.000", "window_start_s": 90.0}], "probability_maximum_absolute_difference": 0.026692405454475265, "probability_row_count": 1474, "timestamp_affected_consensus_difference_count": 7, "timestamp_affected_model_difference_count": 7, "timestamp_affected_window_count": 11, "unexpected_consensus_class_difference_count": 0, "unexpected_consensus_difference_count": 0, "unexpected_model_difference_count": 0, "validation_mode": "corrected_timestamp"}

