participant: P21
started_utc: 2026-10-08T17:40:45.231123+00:00
ended_utc: 2026-10-08T17:43:42.375976+00:00
return_code: 1
command: /home/sysgen/Projects/Yolanda/Thesis_EEG_Robots/eeg_venv/bin/python /home/sysgen/Projects/Yolanda/Thesis_EEG_Robots/processing/multimodal_robot/analysis/causal_streaming/run_causal_modality_agnostic_robot_replay.py --participant P21 --participant-config /home/sysgen/Projects/Yolanda/Thesis_EEG_Robots/processing/multimodal_robot/configs/participants/P21.yaml --raw-root /home/sysgen/Projects/Yolanda/Thesis_EEG_Robots/data --tasks pick_place shape_sorter_observation stack sisyphus shape_sorter_interaction shape_sorter_alone --output-dir /home/sysgen/Projects/Yolanda/Thesis_EEG_Robots/outputs/robot_transfer/causal_modality_agnostic/v5/corrected_timestamp_cohort_20261008/P21 --canonical-root /home/sysgen/Projects/Yolanda/Thesis_EEG_Robots/outputs/robot_transfer/modality_agnostic/P21 --image-reference-csv /home/sysgen/Projects/Yolanda/Thesis_EEG_Robots/derived/P21/Image_Experiment/runs/p21_no_ica/merged/p21_image_trial_dataset.csv --alignment-metadata /home/sysgen/Projects/Yolanda/Thesis_EEG_Robots/derived/P21/Robot_Experiment/runs/p21_robot_final_features/alignment/alignment_metadata.json --validation-mode corrected_timestamp --reference-causal-output /home/sysgen/Projects/Yolanda/Thesis_EEG_Robots/outputs/robot_transfer/causal_modality_agnostic/v1/cohort/P21

exception:
CalledProcessError(1, ['/home/sysgen/Projects/Yolanda/Thesis_EEG_Robots/eeg_venv/bin/python', '/home/sysgen/Projects/Yolanda/Thesis_EEG_Robots/processing/multimodal_robot/analysis/causal_streaming/run_causal_modality_agnostic_robot_replay.py', '--participant', 'P21', '--participant-config', '/home/sysgen/Projects/Yolanda/Thesis_EEG_Robots/processing/multimodal_robot/configs/participants/P21.yaml', '--raw-root', '/home/sysgen/Projects/Yolanda/Thesis_EEG_Robots/data', '--tasks', 'pick_place', 'shape_sorter_observation', 'stack', 'sisyphus', 'shape_sorter_interaction', 'shape_sorter_alone', '--output-dir', '/home/sysgen/Projects/Yolanda/Thesis_EEG_Robots/outputs/robot_transfer/causal_modality_agnostic/v5/corrected_timestamp_cohort_20261008/P21', '--canonical-root', '/home/sysgen/Projects/Yolanda/Thesis_EEG_Robots/outputs/robot_transfer/modality_agnostic/P21', '--image-reference-csv', '/home/sysgen/Projects/Yolanda/Thesis_EEG_Robots/derived/P21/Image_Experiment/runs/p21_no_ica/merged/p21_image_trial_dataset.csv', '--alignment-metadata', '/home/sysgen/Projects/Yolanda/Thesis_EEG_Robots/derived/P21/Robot_Experiment/runs/p21_robot_final_features/alignment/alignment_metadata.json', '--validation-mode', 'corrected_timestamp', '--reference-causal-output', '/home/sysgen/Projects/Yolanda/Thesis_EEG_Robots/outputs/robot_transfer/causal_modality_agnostic/v1/cohort/P21'])

stdout:


stderr:
/home/sysgen/Projects/Yolanda/Thesis_EEG_Robots/processing/multimodal_image/src/eeg.py:31: RuntimeWarning: The unit for channel(s) ACC X, ACC Y, ACC Z, CNT, DT, GYR X, GYR Y, GYR Z, VALID has changed from V to NA.
  raw.set_channel_types(channel_types, verbose=False)
/home/sysgen/Projects/Yolanda/Thesis_EEG_Robots/processing/multimodal_image/src/eeg.py:31: RuntimeWarning: The unit for channel(s) Status has changed from NA to V.
  raw.set_channel_types(channel_types, verbose=False)
WARNING: All log messages before absl::InitializeLog() is called are written to STDERR
W0000 00:00:1791481246.873429   77466 face_landmarker_graph.cc:174] Sets FaceBlendshapesGraph acceleration to xnnpack by default.
I0000 00:00:1791481246.908238   77466 gl_context_egl.cc:85] Successfully initialized EGL. Major : 1 Minor: 5
I0000 00:00:1791481246.975018   77516 gl_context.cc:385] GL version: 3.2 (OpenGL ES 3.2 NVIDIA 550.90.07), renderer: NVIDIA RTX A5000/PCIe/SSE2
INFO: Created TensorFlow Lite XNNPACK delegate for CPU.
W0000 00:00:1791481247.005770   77481 inference_feedback_manager.cc:114] Feedback manager requires a model with a single signature inference. Disabling support for feedback tensors.
W0000 00:00:1791481247.029669   77487 inference_feedback_manager.cc:114] Feedback manager requires a model with a single signature inference. Disabling support for feedback tensors.
/home/sysgen/Projects/Yolanda/Thesis_EEG_Robots/processing/multimodal_image/src/eeg.py:31: RuntimeWarning: The unit for channel(s) ACC X, ACC Y, ACC Z, CNT, DT, GYR X, GYR Y, GYR Z, VALID has changed from V to NA.
  raw.set_channel_types(channel_types, verbose=False)
/home/sysgen/Projects/Yolanda/Thesis_EEG_Robots/processing/multimodal_image/src/eeg.py:31: RuntimeWarning: The unit for channel(s) Status has changed from NA to V.
  raw.set_channel_types(channel_types, verbose=False)
W0000 00:00:1791481256.281325   77580 face_landmarker_graph.cc:174] Sets FaceBlendshapesGraph acceleration to xnnpack by default.
I0000 00:00:1791481256.288715   77580 gl_context_egl.cc:85] Successfully initialized EGL. Major : 1 Minor: 5
I0000 00:00:1791481256.321109   77630 gl_context.cc:385] GL version: 3.2 (OpenGL ES 3.2 NVIDIA 550.90.07), renderer: NVIDIA RTX A5000/PCIe/SSE2
W0000 00:00:1791481256.327187   77585 inference_feedback_manager.cc:114] Feedback manager requires a model with a single signature inference. Disabling support for feedback tensors.
W0000 00:00:1791481256.348381   77604 inference_feedback_manager.cc:114] Feedback manager requires a model with a single signature inference. Disabling support for feedback tensors.
/home/sysgen/Projects/Yolanda/Thesis_EEG_Robots/processing/multimodal_image/src/eeg.py:31: RuntimeWarning: The unit for channel(s) ACC X, ACC Y, ACC Z, CNT, DT, GYR X, GYR Y, GYR Z, VALID has changed from V to NA.
  raw.set_channel_types(channel_types, verbose=False)
/home/sysgen/Projects/Yolanda/Thesis_EEG_Robots/processing/multimodal_image/src/eeg.py:31: RuntimeWarning: The unit for channel(s) Status has changed from NA to V.
  raw.set_channel_types(channel_types, verbose=False)
W0000 00:00:1791481308.668709   77694 face_landmarker_graph.cc:174] Sets FaceBlendshapesGraph acceleration to xnnpack by default.
I0000 00:00:1791481308.677640   77694 gl_context_egl.cc:85] Successfully initialized EGL. Major : 1 Minor: 5
I0000 00:00:1791481308.716715   77744 gl_context.cc:385] GL version: 3.2 (OpenGL ES 3.2 NVIDIA 550.90.07), renderer: NVIDIA RTX A5000/PCIe/SSE2
W0000 00:00:1791481308.722522   77701 inference_feedback_manager.cc:114] Feedback manager requires a model with a single signature inference. Disabling support for feedback tensors.
W0000 00:00:1791481308.748022   77716 inference_feedback_manager.cc:114] Feedback manager requires a model with a single signature inference. Disabling support for feedback tensors.
/home/sysgen/Projects/Yolanda/Thesis_EEG_Robots/processing/multimodal_image/src/eeg.py:31: RuntimeWarning: The unit for channel(s) ACC X, ACC Y, ACC Z, CNT, DT, GYR X, GYR Y, GYR Z, VALID has changed from V to NA.
  raw.set_channel_types(channel_types, verbose=False)
/home/sysgen/Projects/Yolanda/Thesis_EEG_Robots/processing/multimodal_image/src/eeg.py:31: RuntimeWarning: The unit for channel(s) Status has changed from NA to V.
  raw.set_channel_types(channel_types, verbose=False)
W0000 00:00:1791481340.469754   77808 face_landmarker_graph.cc:174] Sets FaceBlendshapesGraph acceleration to xnnpack by default.
I0000 00:00:1791481340.477974   77808 gl_context_egl.cc:85] Successfully initialized EGL. Major : 1 Minor: 5
I0000 00:00:1791481340.512248   77858 gl_context.cc:385] GL version: 3.2 (OpenGL ES 3.2 NVIDIA 550.90.07), renderer: NVIDIA RTX A5000/PCIe/SSE2
W0000 00:00:1791481340.518084   77822 inference_feedback_manager.cc:114] Feedback manager requires a model with a single signature inference. Disabling support for feedback tensors.
W0000 00:00:1791481340.543212   77834 inference_feedback_manager.cc:114] Feedback manager requires a model with a single signature inference. Disabling support for feedback tensors.
[mpeg4 @ 0x563dcfbf6b00] ac-tex damaged at 14 19
[mpeg4 @ 0x563dcfbf6b00] Error at MB: 793
/home/sysgen/Projects/Yolanda/Thesis_EEG_Robots/processing/multimodal_image/src/eeg.py:31: RuntimeWarning: The unit for channel(s) ACC X, ACC Y, ACC Z, CNT, DT, GYR X, GYR Y, GYR Z, VALID has changed from V to NA.
  raw.set_channel_types(channel_types, verbose=False)
/home/sysgen/Projects/Yolanda/Thesis_EEG_Robots/processing/multimodal_image/src/eeg.py:31: RuntimeWarning: The unit for channel(s) Status has changed from NA to V.
  raw.set_channel_types(channel_types, verbose=False)
W0000 00:00:1791481383.638333   77922 face_landmarker_graph.cc:174] Sets FaceBlendshapesGraph acceleration to xnnpack by default.
I0000 00:00:1791481383.645056   77922 gl_context_egl.cc:85] Successfully initialized EGL. Major : 1 Minor: 5
I0000 00:00:1791481383.680057   77972 gl_context.cc:385] GL version: 3.2 (OpenGL ES 3.2 NVIDIA 550.90.07), renderer: NVIDIA RTX A5000/PCIe/SSE2
W0000 00:00:1791481383.686527   77928 inference_feedback_manager.cc:114] Feedback manager requires a model with a single signature inference. Disabling support for feedback tensors.
W0000 00:00:1791481383.714541   77948 inference_feedback_manager.cc:114] Feedback manager requires a model with a single signature inference. Disabling support for feedback tensors.
/home/sysgen/Projects/Yolanda/Thesis_EEG_Robots/processing/multimodal_robot/analysis/causal_streaming/run_causal_modality_agnostic_robot_replay.py:460: FutureWarning: Downcasting object dtype arrays on .fillna, .ffill, .bfill is deprecated and will change in a future version. Call result.infer_objects(copy=False) instead. To opt-in to the future behavior, set `pd.set_option('future.no_silent_downcasting', True)`
  delivery["computational_deadline_met"] = delivery["deadline_met"].fillna(False).astype(bool)
Traceback (most recent call last):
  File "/home/sysgen/Projects/Yolanda/Thesis_EEG_Robots/processing/multimodal_robot/analysis/causal_streaming/run_causal_modality_agnostic_robot_replay.py", line 905, in <module>
    if __name__ == "__main__": raise SystemExit(main())
  File "/home/sysgen/Projects/Yolanda/Thesis_EEG_Robots/processing/multimodal_robot/analysis/causal_streaming/run_causal_modality_agnostic_robot_replay.py", line 840, in main
    raise RuntimeError("Frozen prediction equivalence failed; refusing to write real-time feasibility output. "
RuntimeError: Frozen prediction equivalence failed; refusing to write real-time feasibility output. {"changed_consensus_class_count": 0, "consensus_class_mismatch_examples": [], "consensus_differing_probability_count": 6, "consensus_maximum_absolute_difference": 0.1283030380638237, "consensus_probability_mismatch_examples": [{"absolute_consensus_difference": 0.04850746290004626, "participant": "P21", "segment_id": 1, "target": "arousal", "task": "sisyphus", "top3_consensus_probability_reference": 0.6136190489606606, "top3_consensus_probability_replay": 0.5651115860606143, "window_end_s": 83.0, "window_id": "sisyphus_s1_81.000", "window_start_s": 81.0}, {"absolute_consensus_difference": 0.1283030380638237, "participant": "P21", "segment_id": 1, "target": "arousal", "task": "sisyphus", "top3_consensus_probability_reference": 0.9996192675925416, "top3_consensus_probability_replay": 0.8713162295287179, "window_end_s": 84.0, "window_id": "sisyphus_s1_82.000", "window_start_s": 82.0}, {"absolute_consensus_difference": 0.12763755648803654, "participant": "P21", "segment_id": 1, "target": "arousal", "task": "sisyphus", "top3_consensus_probability_reference": 0.6985244726717232, "top3_consensus_probability_replay": 0.8261620291597598, "window_end_s": 86.0, "window_id": "sisyphus_s1_84.000", "window_start_s": 84.0}, {"absolute_consensus_difference": 0.037458178013166615, "participant": "P21", "segment_id": 1, "target": "valence", "task": "sisyphus", "top3_consensus_probability_reference": 0.0968689467398929, "top3_consensus_probability_replay": 0.05941076872672628, "window_end_s": 86.0, "window_id": "sisyphus_s1_84.000", "window_start_s": 84.0}, {"absolute_consensus_difference": 0.02382981132434625, "participant": "P21", "segment_id": 1, "target": "arousal", "task": "sisyphus", "top3_consensus_probability_reference": 0.6916028696518663, "top3_consensus_probability_replay": 0.6677730583275201, "window_end_s": 87.0, "window_id": "sisyphus_s1_85.000", "window_start_s": 85.0}], "consensus_row_count": 524, "coverage": {"consensus": {"reference_only_count": 0, "reference_only_examples": [], "replay_only_count": 2, "replay_only_examples": [{"participant": "P21", "segment_id": 1, "target": "arousal", "task": "sisyphus", "window_end_s": 89.0, "window_id": "sisyphus_s1_87.000", "window_start_s": 87.0}, {"participant": "P21", "segment_id": 1, "target": "valence", "task": "sisyphus", "window_end_s": 89.0, "window_id": "sisyphus_s1_87.000", "window_start_s": 87.0}]}, "model": {"reference_only_count": 0, "reference_only_examples": [], "replay_only_count": 3, "replay_only_examples": [{"classifier": "logreg", "modality": "face", "model_rank": 1, "participant": "P21", "segment_id": 1, "target": "arousal", "task": "sisyphus", "window_end_s": 89.0, "window_id": "sisyphus_s1_87.000", "window_start_s": 87.0}, {"classifier": "gnb", "modality": "face", "model_rank": 2, "participant": "P21", "segment_id": 1, "target": "arousal", "task": "sisyphus", "window_end_s": 89.0, "window_id": "sisyphus_s1_87.000", "window_start_s": 87.0}, {"classifier": "logreg", "modality": "multimodal", "model_rank": 1, "participant": "P21", "segment_id": 1, "target": "valence", "task": "sisyphus", "window_end_s": 89.0, "window_id": "sisyphus_s1_87.000", "window_start_s": 87.0}]}}, "model_differing_probability_count": 17, "model_probability_mismatch_examples": [{"absolute_probability_difference": 0.04850746290004626, "classifier": "logreg", "high_probability_reference": 0.6136190489606606, "high_probability_replay": 0.5651115860606143, "modality": "face", "model_rank": 1, "participant": "P21", "segment_id": 1, "target": "arousal", "task": "sisyphus", "window_end_s": 83.0, "window_id": "sisyphus_s1_81.000", "window_start_s": 81.0}, {"absolute_probability_difference": 0.22113072898575414, "classifier": "gnb", "high_probability_reference": 0.9717455580558908, "high_probability_replay": 0.7506148290701367, "modality": "face", "model_rank": 2, "participant": "P21", "segment_id": 1, "target": "arousal", "task": "sisyphus", "window_end_s": 83.0, "window_id": "sisyphus_s1_81.000", "window_start_s": 81.0}, {"absolute_probability_difference": 0.043901681217581645, "classifier": "logreg", "high_probability_reference": 0.8611119010088838, "high_probability_replay": 0.9050135822264654, "modality": "multimodal", "model_rank": 1, "participant": "P21", "segment_id": 1, "target": "valence", "task": "sisyphus", "window_end_s": 83.0, "window_id": "sisyphus_s1_81.000", "window_start_s": 81.0}, {"absolute_probability_difference": 0.25121449394626905, "classifier": "logreg", "high_probability_reference": 0.8196356673932957, "high_probability_replay": 0.5684211734470267, "modality": "face", "model_rank": 1, "participant": "P21", "segment_id": 1, "target": "arousal", "task": "sisyphus", "window_end_s": 84.0, "window_id": "sisyphus_s1_82.000", "window_start_s": 82.0}, {"absolute_probability_difference": 0.12868377044398305, "classifier": "gnb", "high_probability_reference": 0.999999999972701, "high_probability_replay": 0.8713162295287179, "modality": "face", "model_rank": 2, "participant": "P21", "segment_id": 1, "target": "arousal", "task": "sisyphus", "window_end_s": 84.0, "window_id": "sisyphus_s1_82.000", "window_start_s": 82.0}], "probability_maximum_absolute_difference": 0.48144626103242033, "probability_row_count": 1590, "timestamp_affected_consensus_difference_count": 6, "timestamp_affected_model_difference_count": 17, "timestamp_affected_window_count": 8, "unexpected_consensus_class_difference_count": 0, "unexpected_consensus_difference_count": 0, "unexpected_model_difference_count": 0, "validation_mode": "corrected_timestamp"}

