participant: P26
started_utc: 2026-10-08T17:55:41.224178+00:00
ended_utc: 2026-10-08T17:58:57.230845+00:00
return_code: 1
command: /home/sysgen/Projects/Yolanda/Thesis_EEG_Robots/eeg_venv/bin/python /home/sysgen/Projects/Yolanda/Thesis_EEG_Robots/processing/multimodal_robot/analysis/causal_streaming/run_causal_modality_agnostic_robot_replay.py --participant P26 --participant-config /home/sysgen/Projects/Yolanda/Thesis_EEG_Robots/processing/multimodal_robot/configs/participants/P26.yaml --raw-root /home/sysgen/Projects/Yolanda/Thesis_EEG_Robots/data --tasks pick_place shape_sorter_observation stack sisyphus shape_sorter_interaction shape_sorter_alone --output-dir /home/sysgen/Projects/Yolanda/Thesis_EEG_Robots/outputs/robot_transfer/causal_modality_agnostic/v5/corrected_timestamp_cohort_20261008/P26 --canonical-root /home/sysgen/Projects/Yolanda/Thesis_EEG_Robots/outputs/robot_transfer/modality_agnostic/P26 --image-reference-csv /home/sysgen/Projects/Yolanda/Thesis_EEG_Robots/derived/P26/Image_Experiment/runs/p26_no_ica/merged/p26_image_trial_dataset.csv --alignment-metadata /home/sysgen/Projects/Yolanda/Thesis_EEG_Robots/derived/P26/Robot_Experiment/runs/p26_robot_final_features/alignment/alignment_metadata.json --validation-mode corrected_timestamp --reference-causal-output /home/sysgen/Projects/Yolanda/Thesis_EEG_Robots/outputs/robot_transfer/causal_modality_agnostic/v1/cohort/P26

exception:
CalledProcessError(1, ['/home/sysgen/Projects/Yolanda/Thesis_EEG_Robots/eeg_venv/bin/python', '/home/sysgen/Projects/Yolanda/Thesis_EEG_Robots/processing/multimodal_robot/analysis/causal_streaming/run_causal_modality_agnostic_robot_replay.py', '--participant', 'P26', '--participant-config', '/home/sysgen/Projects/Yolanda/Thesis_EEG_Robots/processing/multimodal_robot/configs/participants/P26.yaml', '--raw-root', '/home/sysgen/Projects/Yolanda/Thesis_EEG_Robots/data', '--tasks', 'pick_place', 'shape_sorter_observation', 'stack', 'sisyphus', 'shape_sorter_interaction', 'shape_sorter_alone', '--output-dir', '/home/sysgen/Projects/Yolanda/Thesis_EEG_Robots/outputs/robot_transfer/causal_modality_agnostic/v5/corrected_timestamp_cohort_20261008/P26', '--canonical-root', '/home/sysgen/Projects/Yolanda/Thesis_EEG_Robots/outputs/robot_transfer/modality_agnostic/P26', '--image-reference-csv', '/home/sysgen/Projects/Yolanda/Thesis_EEG_Robots/derived/P26/Image_Experiment/runs/p26_no_ica/merged/p26_image_trial_dataset.csv', '--alignment-metadata', '/home/sysgen/Projects/Yolanda/Thesis_EEG_Robots/derived/P26/Robot_Experiment/runs/p26_robot_final_features/alignment/alignment_metadata.json', '--validation-mode', 'corrected_timestamp', '--reference-causal-output', '/home/sysgen/Projects/Yolanda/Thesis_EEG_Robots/outputs/robot_transfer/causal_modality_agnostic/v1/cohort/P26'])

stdout:


stderr:
/home/sysgen/Projects/Yolanda/Thesis_EEG_Robots/processing/multimodal_image/src/eeg.py:31: RuntimeWarning: The unit for channel(s) ACC X, ACC Y, ACC Z, CNT, DT, GYR X, GYR Y, GYR Z, VALID has changed from V to NA.
  raw.set_channel_types(channel_types, verbose=False)
/home/sysgen/Projects/Yolanda/Thesis_EEG_Robots/processing/multimodal_image/src/eeg.py:31: RuntimeWarning: The unit for channel(s) Status has changed from NA to V.
  raw.set_channel_types(channel_types, verbose=False)
WARNING: All log messages before absl::InitializeLog() is called are written to STDERR
W0000 00:00:1791482142.895639   81163 face_landmarker_graph.cc:174] Sets FaceBlendshapesGraph acceleration to xnnpack by default.
I0000 00:00:1791482142.925383   81163 gl_context_egl.cc:85] Successfully initialized EGL. Major : 1 Minor: 5
I0000 00:00:1791482142.994300   81213 gl_context.cc:385] GL version: 3.2 (OpenGL ES 3.2 NVIDIA 550.90.07), renderer: NVIDIA RTX A5000/PCIe/SSE2
INFO: Created TensorFlow Lite XNNPACK delegate for CPU.
W0000 00:00:1791482143.026235   81171 inference_feedback_manager.cc:114] Feedback manager requires a model with a single signature inference. Disabling support for feedback tensors.
W0000 00:00:1791482143.053940   81189 inference_feedback_manager.cc:114] Feedback manager requires a model with a single signature inference. Disabling support for feedback tensors.
/home/sysgen/Projects/Yolanda/Thesis_EEG_Robots/processing/multimodal_image/src/eeg.py:31: RuntimeWarning: The unit for channel(s) ACC X, ACC Y, ACC Z, CNT, DT, GYR X, GYR Y, GYR Z, VALID has changed from V to NA.
  raw.set_channel_types(channel_types, verbose=False)
/home/sysgen/Projects/Yolanda/Thesis_EEG_Robots/processing/multimodal_image/src/eeg.py:31: RuntimeWarning: The unit for channel(s) Status has changed from NA to V.
  raw.set_channel_types(channel_types, verbose=False)
W0000 00:00:1791482151.340660   81277 face_landmarker_graph.cc:174] Sets FaceBlendshapesGraph acceleration to xnnpack by default.
I0000 00:00:1791482151.348117   81277 gl_context_egl.cc:85] Successfully initialized EGL. Major : 1 Minor: 5
I0000 00:00:1791482151.387433   81327 gl_context.cc:385] GL version: 3.2 (OpenGL ES 3.2 NVIDIA 550.90.07), renderer: NVIDIA RTX A5000/PCIe/SSE2
W0000 00:00:1791482151.393465   81291 inference_feedback_manager.cc:114] Feedback manager requires a model with a single signature inference. Disabling support for feedback tensors.
W0000 00:00:1791482151.415572   81304 inference_feedback_manager.cc:114] Feedback manager requires a model with a single signature inference. Disabling support for feedback tensors.
/home/sysgen/Projects/Yolanda/Thesis_EEG_Robots/processing/multimodal_image/src/eeg.py:31: RuntimeWarning: The unit for channel(s) ACC X, ACC Y, ACC Z, CNT, DT, GYR X, GYR Y, GYR Z, VALID has changed from V to NA.
  raw.set_channel_types(channel_types, verbose=False)
/home/sysgen/Projects/Yolanda/Thesis_EEG_Robots/processing/multimodal_image/src/eeg.py:31: RuntimeWarning: The unit for channel(s) Status has changed from NA to V.
  raw.set_channel_types(channel_types, verbose=False)
W0000 00:00:1791482179.891708   81391 face_landmarker_graph.cc:174] Sets FaceBlendshapesGraph acceleration to xnnpack by default.
I0000 00:00:1791482179.899738   81391 gl_context_egl.cc:85] Successfully initialized EGL. Major : 1 Minor: 5
I0000 00:00:1791482179.933797   81441 gl_context.cc:385] GL version: 3.2 (OpenGL ES 3.2 NVIDIA 550.90.07), renderer: NVIDIA RTX A5000/PCIe/SSE2
W0000 00:00:1791482179.936277   81399 inference_feedback_manager.cc:114] Feedback manager requires a model with a single signature inference. Disabling support for feedback tensors.
W0000 00:00:1791482179.957885   81413 inference_feedback_manager.cc:114] Feedback manager requires a model with a single signature inference. Disabling support for feedback tensors.
/home/sysgen/Projects/Yolanda/Thesis_EEG_Robots/processing/multimodal_image/src/eeg.py:31: RuntimeWarning: The unit for channel(s) ACC X, ACC Y, ACC Z, CNT, DT, GYR X, GYR Y, GYR Z, VALID has changed from V to NA.
  raw.set_channel_types(channel_types, verbose=False)
/home/sysgen/Projects/Yolanda/Thesis_EEG_Robots/processing/multimodal_image/src/eeg.py:31: RuntimeWarning: The unit for channel(s) Status has changed from NA to V.
  raw.set_channel_types(channel_types, verbose=False)
W0000 00:00:1791482241.690581   81505 face_landmarker_graph.cc:174] Sets FaceBlendshapesGraph acceleration to xnnpack by default.
I0000 00:00:1791482241.697271   81505 gl_context_egl.cc:85] Successfully initialized EGL. Major : 1 Minor: 5
I0000 00:00:1791482241.736238   81555 gl_context.cc:385] GL version: 3.2 (OpenGL ES 3.2 NVIDIA 550.90.07), renderer: NVIDIA RTX A5000/PCIe/SSE2
W0000 00:00:1791482241.740666   81512 inference_feedback_manager.cc:114] Feedback manager requires a model with a single signature inference. Disabling support for feedback tensors.
W0000 00:00:1791482241.761385   81531 inference_feedback_manager.cc:114] Feedback manager requires a model with a single signature inference. Disabling support for feedback tensors.
[mpeg4 @ 0x56447b3eebc0] ac-tex damaged at 16 16
[mpeg4 @ 0x56447b3eebc0] Error at MB: 672
/home/sysgen/Projects/Yolanda/Thesis_EEG_Robots/processing/multimodal_image/src/eeg.py:31: RuntimeWarning: The unit for channel(s) ACC X, ACC Y, ACC Z, CNT, DT, GYR X, GYR Y, GYR Z, VALID has changed from V to NA.
  raw.set_channel_types(channel_types, verbose=False)
/home/sysgen/Projects/Yolanda/Thesis_EEG_Robots/processing/multimodal_image/src/eeg.py:31: RuntimeWarning: The unit for channel(s) Status has changed from NA to V.
  raw.set_channel_types(channel_types, verbose=False)
W0000 00:00:1791482292.476065   81619 face_landmarker_graph.cc:174] Sets FaceBlendshapesGraph acceleration to xnnpack by default.
I0000 00:00:1791482292.483786   81619 gl_context_egl.cc:85] Successfully initialized EGL. Major : 1 Minor: 5
I0000 00:00:1791482292.524056   81669 gl_context.cc:385] GL version: 3.2 (OpenGL ES 3.2 NVIDIA 550.90.07), renderer: NVIDIA RTX A5000/PCIe/SSE2
W0000 00:00:1791482292.528855   81634 inference_feedback_manager.cc:114] Feedback manager requires a model with a single signature inference. Disabling support for feedback tensors.
W0000 00:00:1791482292.550956   81641 inference_feedback_manager.cc:114] Feedback manager requires a model with a single signature inference. Disabling support for feedback tensors.
/home/sysgen/Projects/Yolanda/Thesis_EEG_Robots/processing/multimodal_robot/analysis/causal_streaming/run_causal_modality_agnostic_robot_replay.py:460: FutureWarning: Downcasting object dtype arrays on .fillna, .ffill, .bfill is deprecated and will change in a future version. Call result.infer_objects(copy=False) instead. To opt-in to the future behavior, set `pd.set_option('future.no_silent_downcasting', True)`
  delivery["computational_deadline_met"] = delivery["deadline_met"].fillna(False).astype(bool)
Traceback (most recent call last):
  File "/home/sysgen/Projects/Yolanda/Thesis_EEG_Robots/processing/multimodal_robot/analysis/causal_streaming/run_causal_modality_agnostic_robot_replay.py", line 905, in <module>
    if __name__ == "__main__": raise SystemExit(main())
  File "/home/sysgen/Projects/Yolanda/Thesis_EEG_Robots/processing/multimodal_robot/analysis/causal_streaming/run_causal_modality_agnostic_robot_replay.py", line 840, in main
    raise RuntimeError("Frozen prediction equivalence failed; refusing to write real-time feasibility output. "
RuntimeError: Frozen prediction equivalence failed; refusing to write real-time feasibility output. {"changed_consensus_class_count": 0, "consensus_class_mismatch_examples": [], "consensus_differing_probability_count": 3, "consensus_maximum_absolute_difference": 0.15671477746212614, "consensus_probability_mismatch_examples": [{"absolute_consensus_difference": 0.05389193038308038, "participant": "P26", "segment_id": 1, "target": "valence", "task": "sisyphus", "top3_consensus_probability_reference": 0.9174138365627004, "top3_consensus_probability_replay": 0.9713057669457807, "window_end_s": 108.0, "window_id": "sisyphus_s1_106.000", "window_start_s": 106.0}, {"absolute_consensus_difference": 0.15671477746212614, "participant": "P26", "segment_id": 1, "target": "valence", "task": "sisyphus", "top3_consensus_probability_reference": 0.7802269652211168, "top3_consensus_probability_replay": 0.9369417426832429, "window_end_s": 109.0, "window_id": "sisyphus_s1_107.000", "window_start_s": 107.0}, {"absolute_consensus_difference": 0.12344336092685382, "participant": "P26", "segment_id": 1, "target": "valence", "task": "sisyphus", "top3_consensus_probability_reference": 0.6087038682058191, "top3_consensus_probability_replay": 0.7321472291326729, "window_end_s": 110.0, "window_id": "sisyphus_s1_108.000", "window_start_s": 108.0}], "consensus_row_count": 586, "coverage": {"consensus": {"reference_only_count": 0, "reference_only_examples": [], "replay_only_count": 2, "replay_only_examples": [{"participant": "P26", "segment_id": 1, "target": "arousal", "task": "sisyphus", "window_end_s": 111.0, "window_id": "sisyphus_s1_109.000", "window_start_s": 109.0}, {"participant": "P26", "segment_id": 1, "target": "valence", "task": "sisyphus", "window_end_s": 111.0, "window_id": "sisyphus_s1_109.000", "window_start_s": 109.0}]}, "model": {"reference_only_count": 0, "reference_only_examples": [], "replay_only_count": 3, "replay_only_examples": [{"classifier": "logreg", "modality": "multimodal", "model_rank": 3, "participant": "P26", "segment_id": 1, "target": "arousal", "task": "sisyphus", "window_end_s": 111.0, "window_id": "sisyphus_s1_109.000", "window_start_s": 109.0}, {"classifier": "svm", "modality": "face", "model_rank": 1, "participant": "P26", "segment_id": 1, "target": "valence", "task": "sisyphus", "window_end_s": 111.0, "window_id": "sisyphus_s1_109.000", "window_start_s": 109.0}, {"classifier": "logreg", "modality": "face", "model_rank": 3, "participant": "P26", "segment_id": 1, "target": "valence", "task": "sisyphus", "window_end_s": 111.0, "window_id": "sisyphus_s1_109.000", "window_start_s": 109.0}]}}, "model_differing_probability_count": 6, "model_probability_mismatch_examples": [{"absolute_probability_difference": 0.05389193038308038, "classifier": "svm", "high_probability_reference": 0.9174138365627004, "high_probability_replay": 0.9713057669457807, "modality": "face", "model_rank": 1, "participant": "P26", "segment_id": 1, "target": "valence", "task": "sisyphus", "window_end_s": 108.0, "window_id": "sisyphus_s1_106.000", "window_start_s": 106.0}, {"absolute_probability_difference": 0.016024103217490482, "classifier": "logreg", "high_probability_reference": 0.977540785413494, "high_probability_replay": 0.9935648886309845, "modality": "face", "model_rank": 3, "participant": "P26", "segment_id": 1, "target": "valence", "task": "sisyphus", "window_end_s": 108.0, "window_id": "sisyphus_s1_106.000", "window_start_s": 106.0}, {"absolute_probability_difference": 0.15671477746212614, "classifier": "svm", "high_probability_reference": 0.7802269652211168, "high_probability_replay": 0.9369417426832429, "modality": "face", "model_rank": 1, "participant": "P26", "segment_id": 1, "target": "valence", "task": "sisyphus", "window_end_s": 109.0, "window_id": "sisyphus_s1_107.000", "window_start_s": 107.0}, {"absolute_probability_difference": 0.13442115748656924, "classifier": "logreg", "high_probability_reference": 0.8494647774627159, "high_probability_replay": 0.9838859349492851, "modality": "face", "model_rank": 3, "participant": "P26", "segment_id": 1, "target": "valence", "task": "sisyphus", "window_end_s": 109.0, "window_id": "sisyphus_s1_107.000", "window_start_s": 107.0}, {"absolute_probability_difference": 0.09724652410551238, "classifier": "svm", "high_probability_reference": 0.6349007050271606, "high_probability_replay": 0.7321472291326729, "modality": "face", "model_rank": 1, "participant": "P26", "segment_id": 1, "target": "valence", "task": "sisyphus", "window_end_s": 110.0, "window_id": "sisyphus_s1_108.000", "window_start_s": 108.0}], "probability_maximum_absolute_difference": 0.16458615670884857, "probability_row_count": 1794, "timestamp_affected_consensus_difference_count": 3, "timestamp_affected_model_difference_count": 6, "timestamp_affected_window_count": 6, "unexpected_consensus_class_difference_count": 0, "unexpected_consensus_difference_count": 0, "unexpected_model_difference_count": 0, "validation_mode": "corrected_timestamp"}

