participant: P31
started_utc: 2026-10-08T18:10:30.858208+00:00
ended_utc: 2026-10-08T18:13:15.488107+00:00
return_code: 1
command: /home/sysgen/Projects/Yolanda/Thesis_EEG_Robots/eeg_venv/bin/python /home/sysgen/Projects/Yolanda/Thesis_EEG_Robots/processing/multimodal_robot/analysis/causal_streaming/run_causal_modality_agnostic_robot_replay.py --participant P31 --participant-config /home/sysgen/Projects/Yolanda/Thesis_EEG_Robots/processing/multimodal_robot/configs/participants/P31.yaml --raw-root /home/sysgen/Projects/Yolanda/Thesis_EEG_Robots/data --tasks pick_place shape_sorter_observation stack sisyphus shape_sorter_interaction shape_sorter_alone --output-dir /home/sysgen/Projects/Yolanda/Thesis_EEG_Robots/outputs/robot_transfer/causal_modality_agnostic/v5/corrected_timestamp_cohort_20261008/P31 --canonical-root /home/sysgen/Projects/Yolanda/Thesis_EEG_Robots/outputs/robot_transfer/modality_agnostic/P31 --image-reference-csv /home/sysgen/Projects/Yolanda/Thesis_EEG_Robots/derived/P31/Image_Experiment/runs/p31_no_ica/merged/p31_image_trial_dataset.csv --alignment-metadata /home/sysgen/Projects/Yolanda/Thesis_EEG_Robots/derived/P31/Robot_Experiment/runs/p31_robot_final_features/alignment/alignment_metadata.json --validation-mode corrected_timestamp --reference-causal-output /home/sysgen/Projects/Yolanda/Thesis_EEG_Robots/outputs/robot_transfer/causal_modality_agnostic/v1/cohort/P31

exception:
CalledProcessError(1, ['/home/sysgen/Projects/Yolanda/Thesis_EEG_Robots/eeg_venv/bin/python', '/home/sysgen/Projects/Yolanda/Thesis_EEG_Robots/processing/multimodal_robot/analysis/causal_streaming/run_causal_modality_agnostic_robot_replay.py', '--participant', 'P31', '--participant-config', '/home/sysgen/Projects/Yolanda/Thesis_EEG_Robots/processing/multimodal_robot/configs/participants/P31.yaml', '--raw-root', '/home/sysgen/Projects/Yolanda/Thesis_EEG_Robots/data', '--tasks', 'pick_place', 'shape_sorter_observation', 'stack', 'sisyphus', 'shape_sorter_interaction', 'shape_sorter_alone', '--output-dir', '/home/sysgen/Projects/Yolanda/Thesis_EEG_Robots/outputs/robot_transfer/causal_modality_agnostic/v5/corrected_timestamp_cohort_20261008/P31', '--canonical-root', '/home/sysgen/Projects/Yolanda/Thesis_EEG_Robots/outputs/robot_transfer/modality_agnostic/P31', '--image-reference-csv', '/home/sysgen/Projects/Yolanda/Thesis_EEG_Robots/derived/P31/Image_Experiment/runs/p31_no_ica/merged/p31_image_trial_dataset.csv', '--alignment-metadata', '/home/sysgen/Projects/Yolanda/Thesis_EEG_Robots/derived/P31/Robot_Experiment/runs/p31_robot_final_features/alignment/alignment_metadata.json', '--validation-mode', 'corrected_timestamp', '--reference-causal-output', '/home/sysgen/Projects/Yolanda/Thesis_EEG_Robots/outputs/robot_transfer/causal_modality_agnostic/v1/cohort/P31'])

stdout:


stderr:
/home/sysgen/Projects/Yolanda/Thesis_EEG_Robots/processing/multimodal_image/src/eeg.py:31: RuntimeWarning: The unit for channel(s) ACC X, ACC Y, ACC Z, CNT, DT, GYR X, GYR Y, GYR Z, VALID has changed from V to NA.
  raw.set_channel_types(channel_types, verbose=False)
/home/sysgen/Projects/Yolanda/Thesis_EEG_Robots/processing/multimodal_image/src/eeg.py:31: RuntimeWarning: The unit for channel(s) Status has changed from NA to V.
  raw.set_channel_types(channel_types, verbose=False)
WARNING: All log messages before absl::InitializeLog() is called are written to STDERR
W0000 00:00:1791483032.540503   84693 face_landmarker_graph.cc:174] Sets FaceBlendshapesGraph acceleration to xnnpack by default.
I0000 00:00:1791483032.574213   84693 gl_context_egl.cc:85] Successfully initialized EGL. Major : 1 Minor: 5
I0000 00:00:1791483032.643955   84743 gl_context.cc:385] GL version: 3.2 (OpenGL ES 3.2 NVIDIA 550.90.07), renderer: NVIDIA RTX A5000/PCIe/SSE2
INFO: Created TensorFlow Lite XNNPACK delegate for CPU.
W0000 00:00:1791483032.673749   84699 inference_feedback_manager.cc:114] Feedback manager requires a model with a single signature inference. Disabling support for feedback tensors.
W0000 00:00:1791483032.698769   84712 inference_feedback_manager.cc:114] Feedback manager requires a model with a single signature inference. Disabling support for feedback tensors.
/home/sysgen/Projects/Yolanda/Thesis_EEG_Robots/processing/multimodal_image/src/eeg.py:31: RuntimeWarning: The unit for channel(s) ACC X, ACC Y, ACC Z, CNT, DT, GYR X, GYR Y, GYR Z, VALID has changed from V to NA.
  raw.set_channel_types(channel_types, verbose=False)
/home/sysgen/Projects/Yolanda/Thesis_EEG_Robots/processing/multimodal_image/src/eeg.py:31: RuntimeWarning: The unit for channel(s) Status has changed from NA to V.
  raw.set_channel_types(channel_types, verbose=False)
W0000 00:00:1791483050.237046   84807 face_landmarker_graph.cc:174] Sets FaceBlendshapesGraph acceleration to xnnpack by default.
I0000 00:00:1791483050.244495   84807 gl_context_egl.cc:85] Successfully initialized EGL. Major : 1 Minor: 5
I0000 00:00:1791483050.284847   84857 gl_context.cc:385] GL version: 3.2 (OpenGL ES 3.2 NVIDIA 550.90.07), renderer: NVIDIA RTX A5000/PCIe/SSE2
W0000 00:00:1791483050.290492   84822 inference_feedback_manager.cc:114] Feedback manager requires a model with a single signature inference. Disabling support for feedback tensors.
W0000 00:00:1791483050.312701   84832 inference_feedback_manager.cc:114] Feedback manager requires a model with a single signature inference. Disabling support for feedback tensors.
/home/sysgen/Projects/Yolanda/Thesis_EEG_Robots/processing/multimodal_image/src/eeg.py:31: RuntimeWarning: The unit for channel(s) ACC X, ACC Y, ACC Z, CNT, DT, GYR X, GYR Y, GYR Z, VALID has changed from V to NA.
  raw.set_channel_types(channel_types, verbose=False)
/home/sysgen/Projects/Yolanda/Thesis_EEG_Robots/processing/multimodal_image/src/eeg.py:31: RuntimeWarning: The unit for channel(s) Status has changed from NA to V.
  raw.set_channel_types(channel_types, verbose=False)
W0000 00:00:1791483078.241830   84921 face_landmarker_graph.cc:174] Sets FaceBlendshapesGraph acceleration to xnnpack by default.
I0000 00:00:1791483078.248661   84921 gl_context_egl.cc:85] Successfully initialized EGL. Major : 1 Minor: 5
I0000 00:00:1791483078.282665   84971 gl_context.cc:385] GL version: 3.2 (OpenGL ES 3.2 NVIDIA 550.90.07), renderer: NVIDIA RTX A5000/PCIe/SSE2
W0000 00:00:1791483078.288935   84932 inference_feedback_manager.cc:114] Feedback manager requires a model with a single signature inference. Disabling support for feedback tensors.
W0000 00:00:1791483078.313416   84945 inference_feedback_manager.cc:114] Feedback manager requires a model with a single signature inference. Disabling support for feedback tensors.
/home/sysgen/Projects/Yolanda/Thesis_EEG_Robots/processing/multimodal_image/src/eeg.py:31: RuntimeWarning: The unit for channel(s) ACC X, ACC Y, ACC Z, CNT, DT, GYR X, GYR Y, GYR Z, VALID has changed from V to NA.
  raw.set_channel_types(channel_types, verbose=False)
/home/sysgen/Projects/Yolanda/Thesis_EEG_Robots/processing/multimodal_image/src/eeg.py:31: RuntimeWarning: The unit for channel(s) Status has changed from NA to V.
  raw.set_channel_types(channel_types, verbose=False)
W0000 00:00:1791483111.157915   85035 face_landmarker_graph.cc:174] Sets FaceBlendshapesGraph acceleration to xnnpack by default.
I0000 00:00:1791483111.165127   85035 gl_context_egl.cc:85] Successfully initialized EGL. Major : 1 Minor: 5
I0000 00:00:1791483111.203720   85085 gl_context.cc:385] GL version: 3.2 (OpenGL ES 3.2 NVIDIA 550.90.07), renderer: NVIDIA RTX A5000/PCIe/SSE2
W0000 00:00:1791483111.208882   85050 inference_feedback_manager.cc:114] Feedback manager requires a model with a single signature inference. Disabling support for feedback tensors.
W0000 00:00:1791483111.235627   85061 inference_feedback_manager.cc:114] Feedback manager requires a model with a single signature inference. Disabling support for feedback tensors.
[mpeg4 @ 0x55df47282940] ac-tex damaged at 6 13
[mpeg4 @ 0x55df47282940] Error at MB: 539
/home/sysgen/Projects/Yolanda/Thesis_EEG_Robots/processing/multimodal_image/src/eeg.py:31: RuntimeWarning: The unit for channel(s) ACC X, ACC Y, ACC Z, CNT, DT, GYR X, GYR Y, GYR Z, VALID has changed from V to NA.
  raw.set_channel_types(channel_types, verbose=False)
/home/sysgen/Projects/Yolanda/Thesis_EEG_Robots/processing/multimodal_image/src/eeg.py:31: RuntimeWarning: The unit for channel(s) Status has changed from NA to V.
  raw.set_channel_types(channel_types, verbose=False)
W0000 00:00:1791483151.711189   85149 face_landmarker_graph.cc:174] Sets FaceBlendshapesGraph acceleration to xnnpack by default.
I0000 00:00:1791483151.718616   85149 gl_context_egl.cc:85] Successfully initialized EGL. Major : 1 Minor: 5
I0000 00:00:1791483151.756886   85199 gl_context.cc:385] GL version: 3.2 (OpenGL ES 3.2 NVIDIA 550.90.07), renderer: NVIDIA RTX A5000/PCIe/SSE2
W0000 00:00:1791483151.761822   85161 inference_feedback_manager.cc:114] Feedback manager requires a model with a single signature inference. Disabling support for feedback tensors.
W0000 00:00:1791483151.786664   85170 inference_feedback_manager.cc:114] Feedback manager requires a model with a single signature inference. Disabling support for feedback tensors.
/home/sysgen/Projects/Yolanda/Thesis_EEG_Robots/processing/multimodal_robot/analysis/causal_streaming/run_causal_modality_agnostic_robot_replay.py:460: FutureWarning: Downcasting object dtype arrays on .fillna, .ffill, .bfill is deprecated and will change in a future version. Call result.infer_objects(copy=False) instead. To opt-in to the future behavior, set `pd.set_option('future.no_silent_downcasting', True)`
  delivery["computational_deadline_met"] = delivery["deadline_met"].fillna(False).astype(bool)
Traceback (most recent call last):
  File "/home/sysgen/Projects/Yolanda/Thesis_EEG_Robots/processing/multimodal_robot/analysis/causal_streaming/run_causal_modality_agnostic_robot_replay.py", line 905, in <module>
    if __name__ == "__main__": raise SystemExit(main())
  File "/home/sysgen/Projects/Yolanda/Thesis_EEG_Robots/processing/multimodal_robot/analysis/causal_streaming/run_causal_modality_agnostic_robot_replay.py", line 840, in main
    raise RuntimeError("Frozen prediction equivalence failed; refusing to write real-time feasibility output. "
RuntimeError: Frozen prediction equivalence failed; refusing to write real-time feasibility output. {"changed_consensus_class_count": 2, "consensus_class_mismatch_examples": [{"participant": "P31", "segment_id": 1, "target": "arousal", "task": "sisyphus", "top3_consensus_class_reference": "LOW", "top3_consensus_class_replay": "HIGH", "window_end_s": 82.0, "window_id": "sisyphus_s1_80.000", "window_start_s": 80.0}, {"participant": "P31", "segment_id": 1, "target": "valence", "task": "sisyphus", "top3_consensus_class_reference": "HIGH", "top3_consensus_class_replay": "LOW", "window_end_s": 82.0, "window_id": "sisyphus_s1_80.000", "window_start_s": 80.0}], "consensus_differing_probability_count": 8, "consensus_maximum_absolute_difference": 0.11022181369732847, "consensus_probability_mismatch_examples": [{"absolute_consensus_difference": 0.0012901059732055575, "participant": "P31", "segment_id": 1, "target": "arousal", "task": "shape_sorter_observation", "top3_consensus_probability_reference": 0.7098840430203155, "top3_consensus_probability_replay": 0.711174148993521, "window_end_s": 59.0, "window_id": "shape_sorter_observation_s1_57.000", "window_start_s": 57.0}, {"absolute_consensus_difference": 0.017907853076791103, "participant": "P31", "segment_id": 1, "target": "arousal", "task": "sisyphus", "top3_consensus_probability_reference": 0.6297704893271713, "top3_consensus_probability_replay": 0.6476783424039624, "window_end_s": 79.0, "window_id": "sisyphus_s1_77.000", "window_start_s": 77.0}, {"absolute_consensus_difference": 0.10252822911578252, "participant": "P31", "segment_id": 1, "target": "valence", "task": "sisyphus", "top3_consensus_probability_reference": 0.5916085701372829, "top3_consensus_probability_replay": 0.6941367992530654, "window_end_s": 79.0, "window_id": "sisyphus_s1_77.000", "window_start_s": 77.0}, {"absolute_consensus_difference": 0.03982149165120896, "participant": "P31", "segment_id": 1, "target": "arousal", "task": "sisyphus", "top3_consensus_probability_reference": 0.5617525927564817, "top3_consensus_probability_replay": 0.6015740844076907, "window_end_s": 80.0, "window_id": "sisyphus_s1_78.000", "window_start_s": 78.0}, {"absolute_consensus_difference": 0.013895166009495141, "participant": "P31", "segment_id": 1, "target": "valence", "task": "sisyphus", "top3_consensus_probability_reference": 0.5214725963194917, "top3_consensus_probability_replay": 0.5353677623289869, "window_end_s": 80.0, "window_id": "sisyphus_s1_78.000", "window_start_s": 78.0}], "consensus_row_count": 468, "coverage": {"consensus": {"reference_only_count": 0, "reference_only_examples": [], "replay_only_count": 6, "replay_only_examples": [{"participant": "P31", "segment_id": 1, "target": "arousal", "task": "sisyphus", "window_end_s": 83.0, "window_id": "sisyphus_s1_81.000", "window_start_s": 81.0}, {"participant": "P31", "segment_id": 1, "target": "valence", "task": "sisyphus", "window_end_s": 83.0, "window_id": "sisyphus_s1_81.000", "window_start_s": 81.0}, {"participant": "P31", "segment_id": 1, "target": "arousal", "task": "sisyphus", "window_end_s": 84.0, "window_id": "sisyphus_s1_82.000", "window_start_s": 82.0}, {"participant": "P31", "segment_id": 1, "target": "valence", "task": "sisyphus", "window_end_s": 84.0, "window_id": "sisyphus_s1_82.000", "window_start_s": 82.0}, {"participant": "P31", "segment_id": 1, "target": "arousal", "task": "sisyphus", "window_end_s": 85.0, "window_id": "sisyphus_s1_83.000", "window_start_s": 83.0}]}, "model": {"reference_only_count": 0, "reference_only_examples": [], "replay_only_count": 12, "replay_only_examples": [{"classifier": "logreg", "modality": "face", "model_rank": 1, "participant": "P31", "segment_id": 1, "target": "arousal", "task": "sisyphus", "window_end_s": 83.0, "window_id": "sisyphus_s1_81.000", "window_start_s": 81.0}, {"classifier": "gnb", "modality": "face", "model_rank": 2, "participant": "P31", "segment_id": 1, "target": "arousal", "task": "sisyphus", "window_end_s": 83.0, "window_id": "sisyphus_s1_81.000", "window_start_s": 81.0}, {"classifier": "logreg", "modality": "face", "model_rank": 3, "participant": "P31", "segment_id": 1, "target": "arousal", "task": "sisyphus", "window_end_s": 83.0, "window_id": "sisyphus_s1_81.000", "window_start_s": 81.0}, {"classifier": "svm", "modality": "face", "model_rank": 1, "participant": "P31", "segment_id": 1, "target": "valence", "task": "sisyphus", "window_end_s": 83.0, "window_id": "sisyphus_s1_81.000", "window_start_s": 81.0}, {"classifier": "logreg", "modality": "face", "model_rank": 1, "participant": "P31", "segment_id": 1, "target": "arousal", "task": "sisyphus", "window_end_s": 84.0, "window_id": "sisyphus_s1_82.000", "window_start_s": 82.0}]}}, "model_differing_probability_count": 20, "model_probability_mismatch_examples": [{"absolute_probability_difference": 0.0008890738666063047, "classifier": "logreg", "high_probability_reference": 0.5724117015986345, "high_probability_replay": 0.5715226277320282, "modality": "face", "model_rank": 1, "participant": "P31", "segment_id": 1, "target": "arousal", "task": "shape_sorter_observation", "window_end_s": 59.0, "window_id": "shape_sorter_observation_s1_57.000", "window_start_s": 57.0}, {"absolute_probability_difference": 2.214228800312412e-09, "classifier": "gnb", "high_probability_reference": 0.9999999971478104, "high_probability_replay": 0.9999999949335816, "modality": "face", "model_rank": 2, "participant": "P31", "segment_id": 1, "target": "arousal", "task": "shape_sorter_observation", "window_end_s": 59.0, "window_id": "shape_sorter_observation_s1_57.000", "window_start_s": 57.0}, {"absolute_probability_difference": 0.0012901059732055575, "classifier": "logreg", "high_probability_reference": 0.7098840430203155, "high_probability_replay": 0.711174148993521, "modality": "face", "model_rank": 3, "participant": "P31", "segment_id": 1, "target": "arousal", "task": "shape_sorter_observation", "window_end_s": 59.0, "window_id": "shape_sorter_observation_s1_57.000", "window_start_s": 57.0}, {"absolute_probability_difference": 0.0017694110949340036, "classifier": "svm", "high_probability_reference": 0.6228388978886099, "high_probability_replay": 0.6210694867936759, "modality": "face", "model_rank": 1, "participant": "P31", "segment_id": 1, "target": "valence", "task": "shape_sorter_observation", "window_end_s": 59.0, "window_id": "shape_sorter_observation_s1_57.000", "window_start_s": 57.0}, {"absolute_probability_difference": 0.010654442355701899, "classifier": "logreg", "high_probability_reference": 0.5841223600506791, "high_probability_replay": 0.5734679176949772, "modality": "face", "model_rank": 1, "participant": "P31", "segment_id": 1, "target": "arousal", "task": "sisyphus", "window_end_s": 79.0, "window_id": "sisyphus_s1_77.000", "window_start_s": 77.0}], "probability_maximum_absolute_difference": 0.6240320562529802, "probability_row_count": 1430, "timestamp_affected_consensus_difference_count": 8, "timestamp_affected_model_difference_count": 20, "timestamp_affected_window_count": 12, "unexpected_consensus_class_difference_count": 0, "unexpected_consensus_difference_count": 0, "unexpected_model_difference_count": 0, "validation_mode": "corrected_timestamp"}

