participant: P33
started_utc: 2026-10-08T18:16:37.807709+00:00
ended_utc: 2026-10-08T18:19:37.212399+00:00
return_code: 1
command: /home/sysgen/Projects/Yolanda/Thesis_EEG_Robots/eeg_venv/bin/python /home/sysgen/Projects/Yolanda/Thesis_EEG_Robots/processing/multimodal_robot/analysis/causal_streaming/run_causal_modality_agnostic_robot_replay.py --participant P33 --participant-config /home/sysgen/Projects/Yolanda/Thesis_EEG_Robots/processing/multimodal_robot/configs/participants/P33.yaml --raw-root /home/sysgen/Projects/Yolanda/Thesis_EEG_Robots/data --tasks pick_place shape_sorter_observation stack sisyphus shape_sorter_interaction shape_sorter_alone --output-dir /home/sysgen/Projects/Yolanda/Thesis_EEG_Robots/outputs/robot_transfer/causal_modality_agnostic/v5/corrected_timestamp_cohort_20261008/P33 --canonical-root /home/sysgen/Projects/Yolanda/Thesis_EEG_Robots/outputs/robot_transfer/modality_agnostic/P33 --image-reference-csv /home/sysgen/Projects/Yolanda/Thesis_EEG_Robots/derived/P33/Image_Experiment/runs/p33_no_ica/merged/p33_image_trial_dataset.csv --alignment-metadata /home/sysgen/Projects/Yolanda/Thesis_EEG_Robots/derived/P33/Robot_Experiment/runs/p33_robot_final_features/alignment/alignment_metadata.json --validation-mode corrected_timestamp --reference-causal-output /home/sysgen/Projects/Yolanda/Thesis_EEG_Robots/outputs/robot_transfer/causal_modality_agnostic/v1/cohort/P33

exception:
CalledProcessError(1, ['/home/sysgen/Projects/Yolanda/Thesis_EEG_Robots/eeg_venv/bin/python', '/home/sysgen/Projects/Yolanda/Thesis_EEG_Robots/processing/multimodal_robot/analysis/causal_streaming/run_causal_modality_agnostic_robot_replay.py', '--participant', 'P33', '--participant-config', '/home/sysgen/Projects/Yolanda/Thesis_EEG_Robots/processing/multimodal_robot/configs/participants/P33.yaml', '--raw-root', '/home/sysgen/Projects/Yolanda/Thesis_EEG_Robots/data', '--tasks', 'pick_place', 'shape_sorter_observation', 'stack', 'sisyphus', 'shape_sorter_interaction', 'shape_sorter_alone', '--output-dir', '/home/sysgen/Projects/Yolanda/Thesis_EEG_Robots/outputs/robot_transfer/causal_modality_agnostic/v5/corrected_timestamp_cohort_20261008/P33', '--canonical-root', '/home/sysgen/Projects/Yolanda/Thesis_EEG_Robots/outputs/robot_transfer/modality_agnostic/P33', '--image-reference-csv', '/home/sysgen/Projects/Yolanda/Thesis_EEG_Robots/derived/P33/Image_Experiment/runs/p33_no_ica/merged/p33_image_trial_dataset.csv', '--alignment-metadata', '/home/sysgen/Projects/Yolanda/Thesis_EEG_Robots/derived/P33/Robot_Experiment/runs/p33_robot_final_features/alignment/alignment_metadata.json', '--validation-mode', 'corrected_timestamp', '--reference-causal-output', '/home/sysgen/Projects/Yolanda/Thesis_EEG_Robots/outputs/robot_transfer/causal_modality_agnostic/v1/cohort/P33'])

stdout:


stderr:
/home/sysgen/Projects/Yolanda/Thesis_EEG_Robots/processing/multimodal_image/src/eeg.py:31: RuntimeWarning: The unit for channel(s) ACC X, ACC Y, ACC Z, CNT, DT, GYR X, GYR Y, GYR Z, VALID has changed from V to NA.
  raw.set_channel_types(channel_types, verbose=False)
/home/sysgen/Projects/Yolanda/Thesis_EEG_Robots/processing/multimodal_image/src/eeg.py:31: RuntimeWarning: The unit for channel(s) Status has changed from NA to V.
  raw.set_channel_types(channel_types, verbose=False)
WARNING: All log messages before absl::InitializeLog() is called are written to STDERR
W0000 00:00:1791483399.421178   86153 face_landmarker_graph.cc:174] Sets FaceBlendshapesGraph acceleration to xnnpack by default.
I0000 00:00:1791483399.451313   86153 gl_context_egl.cc:85] Successfully initialized EGL. Major : 1 Minor: 5
I0000 00:00:1791483399.519579   86203 gl_context.cc:385] GL version: 3.2 (OpenGL ES 3.2 NVIDIA 550.90.07), renderer: NVIDIA RTX A5000/PCIe/SSE2
INFO: Created TensorFlow Lite XNNPACK delegate for CPU.
W0000 00:00:1791483399.546191   86168 inference_feedback_manager.cc:114] Feedback manager requires a model with a single signature inference. Disabling support for feedback tensors.
W0000 00:00:1791483399.573549   86178 inference_feedback_manager.cc:114] Feedback manager requires a model with a single signature inference. Disabling support for feedback tensors.
/home/sysgen/Projects/Yolanda/Thesis_EEG_Robots/processing/multimodal_image/src/eeg.py:31: RuntimeWarning: The unit for channel(s) ACC X, ACC Y, ACC Z, CNT, DT, GYR X, GYR Y, GYR Z, VALID has changed from V to NA.
  raw.set_channel_types(channel_types, verbose=False)
/home/sysgen/Projects/Yolanda/Thesis_EEG_Robots/processing/multimodal_image/src/eeg.py:31: RuntimeWarning: The unit for channel(s) Status has changed from NA to V.
  raw.set_channel_types(channel_types, verbose=False)
W0000 00:00:1791483408.775916   86267 face_landmarker_graph.cc:174] Sets FaceBlendshapesGraph acceleration to xnnpack by default.
I0000 00:00:1791483408.783750   86267 gl_context_egl.cc:85] Successfully initialized EGL. Major : 1 Minor: 5
I0000 00:00:1791483408.824430   86317 gl_context.cc:385] GL version: 3.2 (OpenGL ES 3.2 NVIDIA 550.90.07), renderer: NVIDIA RTX A5000/PCIe/SSE2
W0000 00:00:1791483408.830987   86282 inference_feedback_manager.cc:114] Feedback manager requires a model with a single signature inference. Disabling support for feedback tensors.
W0000 00:00:1791483408.855284   86291 inference_feedback_manager.cc:114] Feedback manager requires a model with a single signature inference. Disabling support for feedback tensors.
/home/sysgen/Projects/Yolanda/Thesis_EEG_Robots/processing/multimodal_image/src/eeg.py:31: RuntimeWarning: The unit for channel(s) ACC X, ACC Y, ACC Z, CNT, DT, GYR X, GYR Y, GYR Z, VALID has changed from V to NA.
  raw.set_channel_types(channel_types, verbose=False)
/home/sysgen/Projects/Yolanda/Thesis_EEG_Robots/processing/multimodal_image/src/eeg.py:31: RuntimeWarning: The unit for channel(s) Status has changed from NA to V.
  raw.set_channel_types(channel_types, verbose=False)
W0000 00:00:1791483462.631240   86384 face_landmarker_graph.cc:174] Sets FaceBlendshapesGraph acceleration to xnnpack by default.
I0000 00:00:1791483462.639547   86384 gl_context_egl.cc:85] Successfully initialized EGL. Major : 1 Minor: 5
I0000 00:00:1791483462.674732   86434 gl_context.cc:385] GL version: 3.2 (OpenGL ES 3.2 NVIDIA 550.90.07), renderer: NVIDIA RTX A5000/PCIe/SSE2
W0000 00:00:1791483462.678406   86397 inference_feedback_manager.cc:114] Feedback manager requires a model with a single signature inference. Disabling support for feedback tensors.
W0000 00:00:1791483462.702840   86409 inference_feedback_manager.cc:114] Feedback manager requires a model with a single signature inference. Disabling support for feedback tensors.
/home/sysgen/Projects/Yolanda/Thesis_EEG_Robots/processing/multimodal_image/src/eeg.py:31: RuntimeWarning: The unit for channel(s) ACC X, ACC Y, ACC Z, CNT, DT, GYR X, GYR Y, GYR Z, VALID has changed from V to NA.
  raw.set_channel_types(channel_types, verbose=False)
/home/sysgen/Projects/Yolanda/Thesis_EEG_Robots/processing/multimodal_image/src/eeg.py:31: RuntimeWarning: The unit for channel(s) Status has changed from NA to V.
  raw.set_channel_types(channel_types, verbose=False)
W0000 00:00:1791483494.344076   86498 face_landmarker_graph.cc:174] Sets FaceBlendshapesGraph acceleration to xnnpack by default.
I0000 00:00:1791483494.351610   86498 gl_context_egl.cc:85] Successfully initialized EGL. Major : 1 Minor: 5
I0000 00:00:1791483494.391172   86548 gl_context.cc:385] GL version: 3.2 (OpenGL ES 3.2 NVIDIA 550.90.07), renderer: NVIDIA RTX A5000/PCIe/SSE2
W0000 00:00:1791483494.393121   86503 inference_feedback_manager.cc:114] Feedback manager requires a model with a single signature inference. Disabling support for feedback tensors.
W0000 00:00:1791483494.416207   86517 inference_feedback_manager.cc:114] Feedback manager requires a model with a single signature inference. Disabling support for feedback tensors.
[mpeg4 @ 0x56374fca3400] ac-tex damaged at 38 24
[mpeg4 @ 0x56374fca3400] Error at MB: 1022
/home/sysgen/Projects/Yolanda/Thesis_EEG_Robots/processing/multimodal_image/src/eeg.py:31: RuntimeWarning: The unit for channel(s) ACC X, ACC Y, ACC Z, CNT, DT, GYR X, GYR Y, GYR Z, VALID has changed from V to NA.
  raw.set_channel_types(channel_types, verbose=False)
/home/sysgen/Projects/Yolanda/Thesis_EEG_Robots/processing/multimodal_image/src/eeg.py:31: RuntimeWarning: The unit for channel(s) Status has changed from NA to V.
  raw.set_channel_types(channel_types, verbose=False)
W0000 00:00:1791483542.872247   86612 face_landmarker_graph.cc:174] Sets FaceBlendshapesGraph acceleration to xnnpack by default.
I0000 00:00:1791483542.879958   86612 gl_context_egl.cc:85] Successfully initialized EGL. Major : 1 Minor: 5
I0000 00:00:1791483542.923571   86662 gl_context.cc:385] GL version: 3.2 (OpenGL ES 3.2 NVIDIA 550.90.07), renderer: NVIDIA RTX A5000/PCIe/SSE2
W0000 00:00:1791483542.927992   86620 inference_feedback_manager.cc:114] Feedback manager requires a model with a single signature inference. Disabling support for feedback tensors.
W0000 00:00:1791483542.948709   86634 inference_feedback_manager.cc:114] Feedback manager requires a model with a single signature inference. Disabling support for feedback tensors.
/home/sysgen/Projects/Yolanda/Thesis_EEG_Robots/processing/multimodal_robot/analysis/causal_streaming/run_causal_modality_agnostic_robot_replay.py:460: FutureWarning: Downcasting object dtype arrays on .fillna, .ffill, .bfill is deprecated and will change in a future version. Call result.infer_objects(copy=False) instead. To opt-in to the future behavior, set `pd.set_option('future.no_silent_downcasting', True)`
  delivery["computational_deadline_met"] = delivery["deadline_met"].fillna(False).astype(bool)
Traceback (most recent call last):
  File "/home/sysgen/Projects/Yolanda/Thesis_EEG_Robots/processing/multimodal_robot/analysis/causal_streaming/run_causal_modality_agnostic_robot_replay.py", line 905, in <module>
    if __name__ == "__main__": raise SystemExit(main())
  File "/home/sysgen/Projects/Yolanda/Thesis_EEG_Robots/processing/multimodal_robot/analysis/causal_streaming/run_causal_modality_agnostic_robot_replay.py", line 840, in main
    raise RuntimeError("Frozen prediction equivalence failed; refusing to write real-time feasibility output. "
RuntimeError: Frozen prediction equivalence failed; refusing to write real-time feasibility output. {"changed_consensus_class_count": 0, "consensus_class_mismatch_examples": [], "consensus_differing_probability_count": 7, "consensus_maximum_absolute_difference": 0.18085212808451978, "consensus_probability_mismatch_examples": [{"absolute_consensus_difference": 0.00943800757744262, "participant": "P33", "segment_id": 1, "target": "arousal", "task": "sisyphus", "top3_consensus_probability_reference": 0.720162070041192, "top3_consensus_probability_replay": 0.7107240624637494, "window_end_s": 96.0, "window_id": "sisyphus_s1_94.000", "window_start_s": 94.0}, {"absolute_consensus_difference": 0.16348624423700941, "participant": "P33", "segment_id": 1, "target": "valence", "task": "sisyphus", "top3_consensus_probability_reference": 0.677304831978135, "top3_consensus_probability_replay": 0.5138185877411255, "window_end_s": 96.0, "window_id": "sisyphus_s1_94.000", "window_start_s": 94.0}, {"absolute_consensus_difference": 0.17994610875194184, "participant": "P33", "segment_id": 1, "target": "valence", "task": "sisyphus", "top3_consensus_probability_reference": 0.5375825893122267, "top3_consensus_probability_replay": 0.7175286980641685, "window_end_s": 97.0, "window_id": "sisyphus_s1_95.000", "window_start_s": 95.0}, {"absolute_consensus_difference": 0.015094290490456075, "participant": "P33", "segment_id": 1, "target": "arousal", "task": "sisyphus", "top3_consensus_probability_reference": 0.7435664872151817, "top3_consensus_probability_replay": 0.7284721967247256, "window_end_s": 98.0, "window_id": "sisyphus_s1_96.000", "window_start_s": 96.0}, {"absolute_consensus_difference": 0.03381497030118508, "participant": "P33", "segment_id": 1, "target": "valence", "task": "sisyphus", "top3_consensus_probability_reference": 0.5783580262950153, "top3_consensus_probability_replay": 0.5445430559938302, "window_end_s": 98.0, "window_id": "sisyphus_s1_96.000", "window_start_s": 96.0}], "consensus_row_count": 522, "coverage": {"consensus": {"reference_only_count": 0, "reference_only_examples": [], "replay_only_count": 2, "replay_only_examples": [{"participant": "P33", "segment_id": 1, "target": "arousal", "task": "sisyphus", "window_end_s": 100.0, "window_id": "sisyphus_s1_98.000", "window_start_s": 98.0}, {"participant": "P33", "segment_id": 1, "target": "valence", "task": "sisyphus", "window_end_s": 100.0, "window_id": "sisyphus_s1_98.000", "window_start_s": 98.0}]}, "model": {"reference_only_count": 0, "reference_only_examples": [], "replay_only_count": 4, "replay_only_examples": [{"classifier": "svm", "modality": "multimodal", "model_rank": 1, "participant": "P33", "segment_id": 1, "target": "arousal", "task": "sisyphus", "window_end_s": 100.0, "window_id": "sisyphus_s1_98.000", "window_start_s": 98.0}, {"classifier": "svm", "modality": "face", "model_rank": 1, "participant": "P33", "segment_id": 1, "target": "valence", "task": "sisyphus", "window_end_s": 100.0, "window_id": "sisyphus_s1_98.000", "window_start_s": 98.0}, {"classifier": "logreg", "modality": "face", "model_rank": 2, "participant": "P33", "segment_id": 1, "target": "valence", "task": "sisyphus", "window_end_s": 100.0, "window_id": "sisyphus_s1_98.000", "window_start_s": 98.0}, {"classifier": "gnb", "modality": "face", "model_rank": 3, "participant": "P33", "segment_id": 1, "target": "valence", "task": "sisyphus", "window_end_s": 100.0, "window_id": "sisyphus_s1_98.000", "window_start_s": 98.0}]}}, "model_differing_probability_count": 16, "model_probability_mismatch_examples": [{"absolute_probability_difference": 0.00943800757744262, "classifier": "svm", "high_probability_reference": 0.720162070041192, "high_probability_replay": 0.7107240624637494, "modality": "multimodal", "model_rank": 1, "participant": "P33", "segment_id": 1, "target": "arousal", "task": "sisyphus", "window_end_s": 96.0, "window_id": "sisyphus_s1_94.000", "window_start_s": 94.0}, {"absolute_probability_difference": 0.02825200881358847, "classifier": "svm", "high_probability_reference": 0.6792016313626128, "high_probability_replay": 0.6509496225490243, "modality": "face", "model_rank": 1, "participant": "P33", "segment_id": 1, "target": "valence", "task": "sisyphus", "window_end_s": 96.0, "window_id": "sisyphus_s1_94.000", "window_start_s": 94.0}, {"absolute_probability_difference": 0.016669301262138725, "classifier": "logreg", "high_probability_reference": 0.5304878890032643, "high_probability_replay": 0.5138185877411255, "modality": "face", "model_rank": 2, "participant": "P33", "segment_id": 1, "target": "valence", "task": "sisyphus", "window_end_s": 96.0, "window_id": "sisyphus_s1_94.000", "window_start_s": 94.0}, {"absolute_probability_difference": 0.16777077419259878, "classifier": "gnb", "high_probability_reference": 0.677304831978135, "high_probability_replay": 0.5095340577855362, "modality": "face", "model_rank": 3, "participant": "P33", "segment_id": 1, "target": "valence", "task": "sisyphus", "window_end_s": 96.0, "window_id": "sisyphus_s1_94.000", "window_start_s": 94.0}, {"absolute_probability_difference": 0.0045666825302943526, "classifier": "svm", "high_probability_reference": 0.8665829777349185, "high_probability_replay": 0.8620162952046242, "modality": "multimodal", "model_rank": 1, "participant": "P33", "segment_id": 1, "target": "arousal", "task": "sisyphus", "window_end_s": 97.0, "window_id": "sisyphus_s1_95.000", "window_start_s": 95.0}], "probability_maximum_absolute_difference": 0.4611451474566337, "probability_row_count": 1584, "timestamp_affected_consensus_difference_count": 7, "timestamp_affected_model_difference_count": 16, "timestamp_affected_window_count": 6, "unexpected_consensus_class_difference_count": 0, "unexpected_consensus_difference_count": 0, "unexpected_model_difference_count": 0, "validation_mode": "corrected_timestamp"}

