participant: P36
started_utc: 2026-10-08T18:25:09.488678+00:00
ended_utc: 2026-10-08T18:28:29.898497+00:00
return_code: 1
command: /home/sysgen/Projects/Yolanda/Thesis_EEG_Robots/eeg_venv/bin/python /home/sysgen/Projects/Yolanda/Thesis_EEG_Robots/processing/multimodal_robot/analysis/causal_streaming/run_causal_modality_agnostic_robot_replay.py --participant P36 --participant-config /home/sysgen/Projects/Yolanda/Thesis_EEG_Robots/processing/multimodal_robot/configs/participants/P36.yaml --raw-root /home/sysgen/Projects/Yolanda/Thesis_EEG_Robots/data --tasks pick_place shape_sorter_observation stack sisyphus shape_sorter_interaction shape_sorter_alone --output-dir /home/sysgen/Projects/Yolanda/Thesis_EEG_Robots/outputs/robot_transfer/causal_modality_agnostic/v5/corrected_timestamp_cohort_20261008/P36 --canonical-root /home/sysgen/Projects/Yolanda/Thesis_EEG_Robots/outputs/robot_transfer/modality_agnostic/P36 --image-reference-csv /home/sysgen/Projects/Yolanda/Thesis_EEG_Robots/derived/P36/Image_Experiment/runs/p36_no_ica/merged/p36_image_trial_dataset.csv --alignment-metadata /home/sysgen/Projects/Yolanda/Thesis_EEG_Robots/derived/P36/Robot_Experiment/runs/p36_robot_final_features/alignment/alignment_metadata.json --validation-mode corrected_timestamp --reference-causal-output /home/sysgen/Projects/Yolanda/Thesis_EEG_Robots/outputs/robot_transfer/causal_modality_agnostic/v1/cohort/P36

exception:
CalledProcessError(1, ['/home/sysgen/Projects/Yolanda/Thesis_EEG_Robots/eeg_venv/bin/python', '/home/sysgen/Projects/Yolanda/Thesis_EEG_Robots/processing/multimodal_robot/analysis/causal_streaming/run_causal_modality_agnostic_robot_replay.py', '--participant', 'P36', '--participant-config', '/home/sysgen/Projects/Yolanda/Thesis_EEG_Robots/processing/multimodal_robot/configs/participants/P36.yaml', '--raw-root', '/home/sysgen/Projects/Yolanda/Thesis_EEG_Robots/data', '--tasks', 'pick_place', 'shape_sorter_observation', 'stack', 'sisyphus', 'shape_sorter_interaction', 'shape_sorter_alone', '--output-dir', '/home/sysgen/Projects/Yolanda/Thesis_EEG_Robots/outputs/robot_transfer/causal_modality_agnostic/v5/corrected_timestamp_cohort_20261008/P36', '--canonical-root', '/home/sysgen/Projects/Yolanda/Thesis_EEG_Robots/outputs/robot_transfer/modality_agnostic/P36', '--image-reference-csv', '/home/sysgen/Projects/Yolanda/Thesis_EEG_Robots/derived/P36/Image_Experiment/runs/p36_no_ica/merged/p36_image_trial_dataset.csv', '--alignment-metadata', '/home/sysgen/Projects/Yolanda/Thesis_EEG_Robots/derived/P36/Robot_Experiment/runs/p36_robot_final_features/alignment/alignment_metadata.json', '--validation-mode', 'corrected_timestamp', '--reference-causal-output', '/home/sysgen/Projects/Yolanda/Thesis_EEG_Robots/outputs/robot_transfer/causal_modality_agnostic/v1/cohort/P36'])

stdout:


stderr:
/home/sysgen/Projects/Yolanda/Thesis_EEG_Robots/processing/multimodal_image/src/eeg.py:31: RuntimeWarning: The unit for channel(s) ACC X, ACC Y, ACC Z, CNT, DT, GYR X, GYR Y, GYR Z, VALID has changed from V to NA.
  raw.set_channel_types(channel_types, verbose=False)
/home/sysgen/Projects/Yolanda/Thesis_EEG_Robots/processing/multimodal_image/src/eeg.py:31: RuntimeWarning: The unit for channel(s) Status has changed from NA to V.
  raw.set_channel_types(channel_types, verbose=False)
WARNING: All log messages before absl::InitializeLog() is called are written to STDERR
W0000 00:00:1791483911.084136   88342 face_landmarker_graph.cc:174] Sets FaceBlendshapesGraph acceleration to xnnpack by default.
I0000 00:00:1791483911.120766   88342 gl_context_egl.cc:85] Successfully initialized EGL. Major : 1 Minor: 5
I0000 00:00:1791483911.189919   88392 gl_context.cc:385] GL version: 3.2 (OpenGL ES 3.2 NVIDIA 550.90.07), renderer: NVIDIA RTX A5000/PCIe/SSE2
INFO: Created TensorFlow Lite XNNPACK delegate for CPU.
W0000 00:00:1791483911.218207   88357 inference_feedback_manager.cc:114] Feedback manager requires a model with a single signature inference. Disabling support for feedback tensors.
W0000 00:00:1791483911.244991   88368 inference_feedback_manager.cc:114] Feedback manager requires a model with a single signature inference. Disabling support for feedback tensors.
/home/sysgen/Projects/Yolanda/Thesis_EEG_Robots/processing/multimodal_image/src/eeg.py:31: RuntimeWarning: The unit for channel(s) ACC X, ACC Y, ACC Z, CNT, DT, GYR X, GYR Y, GYR Z, VALID has changed from V to NA.
  raw.set_channel_types(channel_types, verbose=False)
/home/sysgen/Projects/Yolanda/Thesis_EEG_Robots/processing/multimodal_image/src/eeg.py:31: RuntimeWarning: The unit for channel(s) Status has changed from NA to V.
  raw.set_channel_types(channel_types, verbose=False)
W0000 00:00:1791483920.544324   88457 face_landmarker_graph.cc:174] Sets FaceBlendshapesGraph acceleration to xnnpack by default.
I0000 00:00:1791483920.551640   88457 gl_context_egl.cc:85] Successfully initialized EGL. Major : 1 Minor: 5
I0000 00:00:1791483920.589336   88507 gl_context.cc:385] GL version: 3.2 (OpenGL ES 3.2 NVIDIA 550.90.07), renderer: NVIDIA RTX A5000/PCIe/SSE2
W0000 00:00:1791483920.596875   88471 inference_feedback_manager.cc:114] Feedback manager requires a model with a single signature inference. Disabling support for feedback tensors.
W0000 00:00:1791483920.620000   88483 inference_feedback_manager.cc:114] Feedback manager requires a model with a single signature inference. Disabling support for feedback tensors.
/home/sysgen/Projects/Yolanda/Thesis_EEG_Robots/processing/multimodal_image/src/eeg.py:31: RuntimeWarning: The unit for channel(s) ACC X, ACC Y, ACC Z, CNT, DT, GYR X, GYR Y, GYR Z, VALID has changed from V to NA.
  raw.set_channel_types(channel_types, verbose=False)
/home/sysgen/Projects/Yolanda/Thesis_EEG_Robots/processing/multimodal_image/src/eeg.py:31: RuntimeWarning: The unit for channel(s) Status has changed from NA to V.
  raw.set_channel_types(channel_types, verbose=False)
W0000 00:00:1791483975.263251   88572 face_landmarker_graph.cc:174] Sets FaceBlendshapesGraph acceleration to xnnpack by default.
I0000 00:00:1791483975.271633   88572 gl_context_egl.cc:85] Successfully initialized EGL. Major : 1 Minor: 5
I0000 00:00:1791483975.304104   88622 gl_context.cc:385] GL version: 3.2 (OpenGL ES 3.2 NVIDIA 550.90.07), renderer: NVIDIA RTX A5000/PCIe/SSE2
W0000 00:00:1791483975.310740   88580 inference_feedback_manager.cc:114] Feedback manager requires a model with a single signature inference. Disabling support for feedback tensors.
W0000 00:00:1791483975.339007   88598 inference_feedback_manager.cc:114] Feedback manager requires a model with a single signature inference. Disabling support for feedback tensors.
/home/sysgen/Projects/Yolanda/Thesis_EEG_Robots/processing/multimodal_image/src/eeg.py:31: RuntimeWarning: The unit for channel(s) ACC X, ACC Y, ACC Z, CNT, DT, GYR X, GYR Y, GYR Z, VALID has changed from V to NA.
  raw.set_channel_types(channel_types, verbose=False)
/home/sysgen/Projects/Yolanda/Thesis_EEG_Robots/processing/multimodal_image/src/eeg.py:31: RuntimeWarning: The unit for channel(s) Status has changed from NA to V.
  raw.set_channel_types(channel_types, verbose=False)
W0000 00:00:1791484008.234253   88686 face_landmarker_graph.cc:174] Sets FaceBlendshapesGraph acceleration to xnnpack by default.
I0000 00:00:1791484008.242613   88686 gl_context_egl.cc:85] Successfully initialized EGL. Major : 1 Minor: 5
I0000 00:00:1791484008.278005   88736 gl_context.cc:385] GL version: 3.2 (OpenGL ES 3.2 NVIDIA 550.90.07), renderer: NVIDIA RTX A5000/PCIe/SSE2
W0000 00:00:1791484008.283546   88694 inference_feedback_manager.cc:114] Feedback manager requires a model with a single signature inference. Disabling support for feedback tensors.
W0000 00:00:1791484008.307921   88708 inference_feedback_manager.cc:114] Feedback manager requires a model with a single signature inference. Disabling support for feedback tensors.
[mpeg4 @ 0x560f9f628b00] ac-tex damaged at 11 18
[mpeg4 @ 0x560f9f628b00] Error at MB: 749
/home/sysgen/Projects/Yolanda/Thesis_EEG_Robots/processing/multimodal_image/src/eeg.py:31: RuntimeWarning: The unit for channel(s) ACC X, ACC Y, ACC Z, CNT, DT, GYR X, GYR Y, GYR Z, VALID has changed from V to NA.
  raw.set_channel_types(channel_types, verbose=False)
/home/sysgen/Projects/Yolanda/Thesis_EEG_Robots/processing/multimodal_image/src/eeg.py:31: RuntimeWarning: The unit for channel(s) Status has changed from NA to V.
  raw.set_channel_types(channel_types, verbose=False)
W0000 00:00:1791484071.707972   88801 face_landmarker_graph.cc:174] Sets FaceBlendshapesGraph acceleration to xnnpack by default.
I0000 00:00:1791484071.715679   88801 gl_context_egl.cc:85] Successfully initialized EGL. Major : 1 Minor: 5
I0000 00:00:1791484071.753933   88851 gl_context.cc:385] GL version: 3.2 (OpenGL ES 3.2 NVIDIA 550.90.07), renderer: NVIDIA RTX A5000/PCIe/SSE2
W0000 00:00:1791484071.757747   88804 inference_feedback_manager.cc:114] Feedback manager requires a model with a single signature inference. Disabling support for feedback tensors.
W0000 00:00:1791484071.784647   88827 inference_feedback_manager.cc:114] Feedback manager requires a model with a single signature inference. Disabling support for feedback tensors.
/home/sysgen/Projects/Yolanda/Thesis_EEG_Robots/processing/multimodal_robot/analysis/causal_streaming/run_causal_modality_agnostic_robot_replay.py:460: FutureWarning: Downcasting object dtype arrays on .fillna, .ffill, .bfill is deprecated and will change in a future version. Call result.infer_objects(copy=False) instead. To opt-in to the future behavior, set `pd.set_option('future.no_silent_downcasting', True)`
  delivery["computational_deadline_met"] = delivery["deadline_met"].fillna(False).astype(bool)
Traceback (most recent call last):
  File "/home/sysgen/Projects/Yolanda/Thesis_EEG_Robots/processing/multimodal_robot/analysis/causal_streaming/run_causal_modality_agnostic_robot_replay.py", line 905, in <module>
    if __name__ == "__main__": raise SystemExit(main())
  File "/home/sysgen/Projects/Yolanda/Thesis_EEG_Robots/processing/multimodal_robot/analysis/causal_streaming/run_causal_modality_agnostic_robot_replay.py", line 840, in main
    raise RuntimeError("Frozen prediction equivalence failed; refusing to write real-time feasibility output. "
RuntimeError: Frozen prediction equivalence failed; refusing to write real-time feasibility output. {"changed_consensus_class_count": 0, "consensus_class_mismatch_examples": [], "consensus_differing_probability_count": 3, "consensus_maximum_absolute_difference": 0.07761037815011484, "consensus_probability_mismatch_examples": [{"absolute_consensus_difference": 0.016937456889959734, "participant": "P36", "segment_id": 1, "target": "valence", "task": "sisyphus", "top3_consensus_probability_reference": 0.9210595891158898, "top3_consensus_probability_replay": 0.9379970460058495, "window_end_s": 124.0, "window_id": "sisyphus_s1_122.000", "window_start_s": 122.0}, {"absolute_consensus_difference": 0.032818449463426935, "participant": "P36", "segment_id": 1, "target": "valence", "task": "sisyphus", "top3_consensus_probability_reference": 0.8180514169414247, "top3_consensus_probability_replay": 0.7852329674779978, "window_end_s": 125.0, "window_id": "sisyphus_s1_123.000", "window_start_s": 123.0}, {"absolute_consensus_difference": 0.07761037815011484, "participant": "P36", "segment_id": 1, "target": "valence", "task": "sisyphus", "top3_consensus_probability_reference": 0.7022079151799829, "top3_consensus_probability_replay": 0.6245975370298681, "window_end_s": 126.0, "window_id": "sisyphus_s1_124.000", "window_start_s": 124.0}], "consensus_row_count": 594, "coverage": {"consensus": {"reference_only_count": 0, "reference_only_examples": [], "replay_only_count": 2, "replay_only_examples": [{"participant": "P36", "segment_id": 1, "target": "arousal", "task": "sisyphus", "window_end_s": 127.0, "window_id": "sisyphus_s1_125.000", "window_start_s": 125.0}, {"participant": "P36", "segment_id": 1, "target": "valence", "task": "sisyphus", "window_end_s": 127.0, "window_id": "sisyphus_s1_125.000", "window_start_s": 125.0}]}, "model": {"reference_only_count": 0, "reference_only_examples": [], "replay_only_count": 4, "replay_only_examples": [{"classifier": "svm", "modality": "multimodal", "model_rank": 2, "participant": "P36", "segment_id": 1, "target": "arousal", "task": "sisyphus", "window_end_s": 127.0, "window_id": "sisyphus_s1_125.000", "window_start_s": 125.0}, {"classifier": "logreg", "modality": "multimodal", "model_rank": 1, "participant": "P36", "segment_id": 1, "target": "valence", "task": "sisyphus", "window_end_s": 127.0, "window_id": "sisyphus_s1_125.000", "window_start_s": 125.0}, {"classifier": "gnb", "modality": "multimodal", "model_rank": 2, "participant": "P36", "segment_id": 1, "target": "valence", "task": "sisyphus", "window_end_s": 127.0, "window_id": "sisyphus_s1_125.000", "window_start_s": 125.0}, {"classifier": "svm", "modality": "multimodal", "model_rank": 3, "participant": "P36", "segment_id": 1, "target": "valence", "task": "sisyphus", "window_end_s": 127.0, "window_id": "sisyphus_s1_125.000", "window_start_s": 125.0}]}}, "model_differing_probability_count": 8, "model_probability_mismatch_examples": [{"absolute_probability_difference": 0.01892128235948276, "classifier": "logreg", "high_probability_reference": 0.9190757636463668, "high_probability_replay": 0.9379970460058495, "modality": "multimodal", "model_rank": 1, "participant": "P36", "segment_id": 1, "target": "valence", "task": "sisyphus", "window_end_s": 124.0, "window_id": "sisyphus_s1_122.000", "window_start_s": 122.0}, {"absolute_probability_difference": 4.3014836137444945e-10, "classifier": "gnb", "high_probability_reference": 0.999999999462716, "high_probability_replay": 0.9999999998928644, "modality": "multimodal", "model_rank": 2, "participant": "P36", "segment_id": 1, "target": "valence", "task": "sisyphus", "window_end_s": 124.0, "window_id": "sisyphus_s1_122.000", "window_start_s": 122.0}, {"absolute_probability_difference": 0.015043021550490088, "classifier": "svm", "high_probability_reference": 0.9210595891158898, "high_probability_replay": 0.9361026106663799, "modality": "multimodal", "model_rank": 3, "participant": "P36", "segment_id": 1, "target": "valence", "task": "sisyphus", "window_end_s": 124.0, "window_id": "sisyphus_s1_122.000", "window_start_s": 122.0}, {"absolute_probability_difference": 0.07762478528495353, "classifier": "logreg", "high_probability_reference": 0.6478621098233955, "high_probability_replay": 0.570237324538442, "modality": "multimodal", "model_rank": 1, "participant": "P36", "segment_id": 1, "target": "valence", "task": "sisyphus", "window_end_s": 125.0, "window_id": "sisyphus_s1_123.000", "window_start_s": 123.0}, {"absolute_probability_difference": 0.032818449463426935, "classifier": "svm", "high_probability_reference": 0.8180514169414247, "high_probability_replay": 0.7852329674779978, "modality": "multimodal", "model_rank": 3, "participant": "P36", "segment_id": 1, "target": "valence", "task": "sisyphus", "window_end_s": 125.0, "window_id": "sisyphus_s1_123.000", "window_start_s": 123.0}], "probability_maximum_absolute_difference": 0.07762478528495353, "probability_row_count": 1796, "timestamp_affected_consensus_difference_count": 3, "timestamp_affected_model_difference_count": 8, "timestamp_affected_window_count": 5, "unexpected_consensus_class_difference_count": 0, "unexpected_consensus_difference_count": 0, "unexpected_model_difference_count": 0, "validation_mode": "corrected_timestamp"}

