participant: P37
started_utc: 2026-10-08T18:28:29.901812+00:00
ended_utc: 2026-10-08T18:31:43.636954+00:00
return_code: 1
command: /home/sysgen/Projects/Yolanda/Thesis_EEG_Robots/eeg_venv/bin/python /home/sysgen/Projects/Yolanda/Thesis_EEG_Robots/processing/multimodal_robot/analysis/causal_streaming/run_causal_modality_agnostic_robot_replay.py --participant P37 --participant-config /home/sysgen/Projects/Yolanda/Thesis_EEG_Robots/processing/multimodal_robot/configs/participants/P37.yaml --raw-root /home/sysgen/Projects/Yolanda/Thesis_EEG_Robots/data --tasks pick_place shape_sorter_observation stack sisyphus shape_sorter_interaction shape_sorter_alone --output-dir /home/sysgen/Projects/Yolanda/Thesis_EEG_Robots/outputs/robot_transfer/causal_modality_agnostic/v5/corrected_timestamp_cohort_20261008/P37 --canonical-root /home/sysgen/Projects/Yolanda/Thesis_EEG_Robots/outputs/robot_transfer/modality_agnostic/P37 --image-reference-csv /home/sysgen/Projects/Yolanda/Thesis_EEG_Robots/derived/P37/Image_Experiment/runs/p37_no_ica/merged/p37_image_trial_dataset.csv --alignment-metadata /home/sysgen/Projects/Yolanda/Thesis_EEG_Robots/derived/P37/Robot_Experiment/runs/p37_robot_final_features/alignment/alignment_metadata.json --validation-mode corrected_timestamp --reference-causal-output /home/sysgen/Projects/Yolanda/Thesis_EEG_Robots/outputs/robot_transfer/causal_modality_agnostic/v1/cohort/P37

exception:
CalledProcessError(1, ['/home/sysgen/Projects/Yolanda/Thesis_EEG_Robots/eeg_venv/bin/python', '/home/sysgen/Projects/Yolanda/Thesis_EEG_Robots/processing/multimodal_robot/analysis/causal_streaming/run_causal_modality_agnostic_robot_replay.py', '--participant', 'P37', '--participant-config', '/home/sysgen/Projects/Yolanda/Thesis_EEG_Robots/processing/multimodal_robot/configs/participants/P37.yaml', '--raw-root', '/home/sysgen/Projects/Yolanda/Thesis_EEG_Robots/data', '--tasks', 'pick_place', 'shape_sorter_observation', 'stack', 'sisyphus', 'shape_sorter_interaction', 'shape_sorter_alone', '--output-dir', '/home/sysgen/Projects/Yolanda/Thesis_EEG_Robots/outputs/robot_transfer/causal_modality_agnostic/v5/corrected_timestamp_cohort_20261008/P37', '--canonical-root', '/home/sysgen/Projects/Yolanda/Thesis_EEG_Robots/outputs/robot_transfer/modality_agnostic/P37', '--image-reference-csv', '/home/sysgen/Projects/Yolanda/Thesis_EEG_Robots/derived/P37/Image_Experiment/runs/p37_no_ica/merged/p37_image_trial_dataset.csv', '--alignment-metadata', '/home/sysgen/Projects/Yolanda/Thesis_EEG_Robots/derived/P37/Robot_Experiment/runs/p37_robot_final_features/alignment/alignment_metadata.json', '--validation-mode', 'corrected_timestamp', '--reference-causal-output', '/home/sysgen/Projects/Yolanda/Thesis_EEG_Robots/outputs/robot_transfer/causal_modality_agnostic/v1/cohort/P37'])

stdout:


stderr:
/home/sysgen/Projects/Yolanda/Thesis_EEG_Robots/processing/multimodal_image/src/eeg.py:31: RuntimeWarning: The unit for channel(s) ACC X, ACC Y, ACC Z, CNT, DT, GYR X, GYR Y, GYR Z, VALID has changed from V to NA.
  raw.set_channel_types(channel_types, verbose=False)
/home/sysgen/Projects/Yolanda/Thesis_EEG_Robots/processing/multimodal_image/src/eeg.py:31: RuntimeWarning: The unit for channel(s) Status has changed from NA to V.
  raw.set_channel_types(channel_types, verbose=False)
WARNING: All log messages before absl::InitializeLog() is called are written to STDERR
W0000 00:00:1791484111.550169   89072 face_landmarker_graph.cc:174] Sets FaceBlendshapesGraph acceleration to xnnpack by default.
I0000 00:00:1791484111.586921   89072 gl_context_egl.cc:85] Successfully initialized EGL. Major : 1 Minor: 5
I0000 00:00:1791484111.662299   89122 gl_context.cc:385] GL version: 3.2 (OpenGL ES 3.2 NVIDIA 550.90.07), renderer: NVIDIA RTX A5000/PCIe/SSE2
INFO: Created TensorFlow Lite XNNPACK delegate for CPU.
W0000 00:00:1791484111.693737   89081 inference_feedback_manager.cc:114] Feedback manager requires a model with a single signature inference. Disabling support for feedback tensors.
W0000 00:00:1791484111.717225   89094 inference_feedback_manager.cc:114] Feedback manager requires a model with a single signature inference. Disabling support for feedback tensors.
/home/sysgen/Projects/Yolanda/Thesis_EEG_Robots/processing/multimodal_image/src/eeg.py:31: RuntimeWarning: The unit for channel(s) ACC X, ACC Y, ACC Z, CNT, DT, GYR X, GYR Y, GYR Z, VALID has changed from V to NA.
  raw.set_channel_types(channel_types, verbose=False)
/home/sysgen/Projects/Yolanda/Thesis_EEG_Robots/processing/multimodal_image/src/eeg.py:31: RuntimeWarning: The unit for channel(s) Status has changed from NA to V.
  raw.set_channel_types(channel_types, verbose=False)
W0000 00:00:1791484129.237885   89186 face_landmarker_graph.cc:174] Sets FaceBlendshapesGraph acceleration to xnnpack by default.
I0000 00:00:1791484129.246118   89186 gl_context_egl.cc:85] Successfully initialized EGL. Major : 1 Minor: 5
I0000 00:00:1791484129.290812   89236 gl_context.cc:385] GL version: 3.2 (OpenGL ES 3.2 NVIDIA 550.90.07), renderer: NVIDIA RTX A5000/PCIe/SSE2
W0000 00:00:1791484129.297040   89200 inference_feedback_manager.cc:114] Feedback manager requires a model with a single signature inference. Disabling support for feedback tensors.
W0000 00:00:1791484129.322135   89209 inference_feedback_manager.cc:114] Feedback manager requires a model with a single signature inference. Disabling support for feedback tensors.
/home/sysgen/Projects/Yolanda/Thesis_EEG_Robots/processing/multimodal_image/src/eeg.py:31: RuntimeWarning: The unit for channel(s) ACC X, ACC Y, ACC Z, CNT, DT, GYR X, GYR Y, GYR Z, VALID has changed from V to NA.
  raw.set_channel_types(channel_types, verbose=False)
/home/sysgen/Projects/Yolanda/Thesis_EEG_Robots/processing/multimodal_image/src/eeg.py:31: RuntimeWarning: The unit for channel(s) Status has changed from NA to V.
  raw.set_channel_types(channel_types, verbose=False)
W0000 00:00:1791484156.320629   89300 face_landmarker_graph.cc:174] Sets FaceBlendshapesGraph acceleration to xnnpack by default.
I0000 00:00:1791484156.328122   89300 gl_context_egl.cc:85] Successfully initialized EGL. Major : 1 Minor: 5
I0000 00:00:1791484156.371769   89350 gl_context.cc:385] GL version: 3.2 (OpenGL ES 3.2 NVIDIA 550.90.07), renderer: NVIDIA RTX A5000/PCIe/SSE2
W0000 00:00:1791484156.374325   89312 inference_feedback_manager.cc:114] Feedback manager requires a model with a single signature inference. Disabling support for feedback tensors.
W0000 00:00:1791484156.397514   89317 inference_feedback_manager.cc:114] Feedback manager requires a model with a single signature inference. Disabling support for feedback tensors.
/home/sysgen/Projects/Yolanda/Thesis_EEG_Robots/processing/multimodal_image/src/eeg.py:31: RuntimeWarning: The unit for channel(s) ACC X, ACC Y, ACC Z, CNT, DT, GYR X, GYR Y, GYR Z, VALID has changed from V to NA.
  raw.set_channel_types(channel_types, verbose=False)
/home/sysgen/Projects/Yolanda/Thesis_EEG_Robots/processing/multimodal_image/src/eeg.py:31: RuntimeWarning: The unit for channel(s) Status has changed from NA to V.
  raw.set_channel_types(channel_types, verbose=False)
W0000 00:00:1791484189.156774   89414 face_landmarker_graph.cc:174] Sets FaceBlendshapesGraph acceleration to xnnpack by default.
I0000 00:00:1791484189.165026   89414 gl_context_egl.cc:85] Successfully initialized EGL. Major : 1 Minor: 5
I0000 00:00:1791484189.205126   89464 gl_context.cc:385] GL version: 3.2 (OpenGL ES 3.2 NVIDIA 550.90.07), renderer: NVIDIA RTX A5000/PCIe/SSE2
W0000 00:00:1791484189.210635   89429 inference_feedback_manager.cc:114] Feedback manager requires a model with a single signature inference. Disabling support for feedback tensors.
W0000 00:00:1791484189.235344   89439 inference_feedback_manager.cc:114] Feedback manager requires a model with a single signature inference. Disabling support for feedback tensors.
/home/sysgen/Projects/Yolanda/Thesis_EEG_Robots/processing/multimodal_image/src/eeg.py:31: RuntimeWarning: The unit for channel(s) ACC X, ACC Y, ACC Z, CNT, DT, GYR X, GYR Y, GYR Z, VALID has changed from V to NA.
  raw.set_channel_types(channel_types, verbose=False)
/home/sysgen/Projects/Yolanda/Thesis_EEG_Robots/processing/multimodal_image/src/eeg.py:31: RuntimeWarning: The unit for channel(s) Status has changed from NA to V.
  raw.set_channel_types(channel_types, verbose=False)
W0000 00:00:1791484263.830345   89530 face_landmarker_graph.cc:174] Sets FaceBlendshapesGraph acceleration to xnnpack by default.
I0000 00:00:1791484263.837615   89530 gl_context_egl.cc:85] Successfully initialized EGL. Major : 1 Minor: 5
I0000 00:00:1791484263.868399   89580 gl_context.cc:385] GL version: 3.2 (OpenGL ES 3.2 NVIDIA 550.90.07), renderer: NVIDIA RTX A5000/PCIe/SSE2
W0000 00:00:1791484263.873231   89540 inference_feedback_manager.cc:114] Feedback manager requires a model with a single signature inference. Disabling support for feedback tensors.
W0000 00:00:1791484263.883009   89554 inference_feedback_manager.cc:114] Feedback manager requires a model with a single signature inference. Disabling support for feedback tensors.
/home/sysgen/Projects/Yolanda/Thesis_EEG_Robots/processing/multimodal_robot/analysis/causal_streaming/run_causal_modality_agnostic_robot_replay.py:460: FutureWarning: Downcasting object dtype arrays on .fillna, .ffill, .bfill is deprecated and will change in a future version. Call result.infer_objects(copy=False) instead. To opt-in to the future behavior, set `pd.set_option('future.no_silent_downcasting', True)`
  delivery["computational_deadline_met"] = delivery["deadline_met"].fillna(False).astype(bool)
Traceback (most recent call last):
  File "/home/sysgen/Projects/Yolanda/Thesis_EEG_Robots/processing/multimodal_robot/analysis/causal_streaming/run_causal_modality_agnostic_robot_replay.py", line 905, in <module>
    if __name__ == "__main__": raise SystemExit(main())
  File "/home/sysgen/Projects/Yolanda/Thesis_EEG_Robots/processing/multimodal_robot/analysis/causal_streaming/run_causal_modality_agnostic_robot_replay.py", line 840, in main
    raise RuntimeError("Frozen prediction equivalence failed; refusing to write real-time feasibility output. "
RuntimeError: Frozen prediction equivalence failed; refusing to write real-time feasibility output. {"changed_consensus_class_count": 0, "consensus_class_mismatch_examples": [], "consensus_differing_probability_count": 0, "consensus_maximum_absolute_difference": 1.1102230246251565e-16, "consensus_probability_mismatch_examples": [], "consensus_row_count": 580, "coverage": {"consensus": {"reference_only_count": 0, "reference_only_examples": [], "replay_only_count": 2, "replay_only_examples": [{"participant": "P37", "segment_id": 1, "target": "arousal", "task": "sisyphus", "window_end_s": 153.0, "window_id": "sisyphus_s1_151.000", "window_start_s": 151.0}, {"participant": "P37", "segment_id": 1, "target": "valence", "task": "sisyphus", "window_end_s": 153.0, "window_id": "sisyphus_s1_151.000", "window_start_s": 151.0}]}, "model": {"reference_only_count": 0, "reference_only_examples": [], "replay_only_count": 3, "replay_only_examples": [{"classifier": "svm", "modality": "face", "model_rank": 1, "participant": "P37", "segment_id": 1, "target": "arousal", "task": "sisyphus", "window_end_s": 153.0, "window_id": "sisyphus_s1_151.000", "window_start_s": 151.0}, {"classifier": "gnb", "modality": "face", "model_rank": 2, "participant": "P37", "segment_id": 1, "target": "arousal", "task": "sisyphus", "window_end_s": 153.0, "window_id": "sisyphus_s1_151.000", "window_start_s": 151.0}, {"classifier": "gnb", "modality": "face", "model_rank": 2, "participant": "P37", "segment_id": 1, "target": "valence", "task": "sisyphus", "window_end_s": 153.0, "window_id": "sisyphus_s1_151.000", "window_start_s": 151.0}]}}, "model_differing_probability_count": 5, "model_probability_mismatch_examples": [{"absolute_probability_difference": 0.00024533843971963343, "classifier": "svm", "high_probability_reference": 0.8582195242344456, "high_probability_replay": 0.8584648626741652, "modality": "face", "model_rank": 1, "participant": "P37", "segment_id": 1, "target": "arousal", "task": "sisyphus", "window_end_s": 151.0, "window_id": "sisyphus_s1_149.000", "window_start_s": 149.0}, {"absolute_probability_difference": 4.882758767047828e-05, "classifier": "gnb", "high_probability_reference": 8.403264986195376e-05, "high_probability_replay": 0.00013286023753243204, "modality": "face", "model_rank": 2, "participant": "P37", "segment_id": 1, "target": "valence", "task": "sisyphus", "window_end_s": 151.0, "window_id": "sisyphus_s1_149.000", "window_start_s": 149.0}, {"absolute_probability_difference": 0.005408666792356409, "classifier": "svm", "high_probability_reference": 0.860350713375666, "high_probability_replay": 0.8549420465833096, "modality": "face", "model_rank": 1, "participant": "P37", "segment_id": 1, "target": "arousal", "task": "sisyphus", "window_end_s": 152.0, "window_id": "sisyphus_s1_150.000", "window_start_s": 150.0}, {"absolute_probability_difference": 3.72112651803036e-09, "classifier": "gnb", "high_probability_reference": 0.9999999996665316, "high_probability_replay": 0.9999999959454051, "modality": "face", "model_rank": 2, "participant": "P37", "segment_id": 1, "target": "arousal", "task": "sisyphus", "window_end_s": 152.0, "window_id": "sisyphus_s1_150.000", "window_start_s": 150.0}, {"absolute_probability_difference": 0.00012393524781545602, "classifier": "gnb", "high_probability_reference": 0.007403059839202, "high_probability_replay": 0.0072791245913865436, "modality": "face", "model_rank": 2, "participant": "P37", "segment_id": 1, "target": "valence", "task": "sisyphus", "window_end_s": 152.0, "window_id": "sisyphus_s1_150.000", "window_start_s": 150.0}], "probability_maximum_absolute_difference": 0.005408666792356409, "probability_row_count": 1773, "timestamp_affected_consensus_difference_count": 0, "timestamp_affected_model_difference_count": 5, "timestamp_affected_window_count": 5, "unexpected_consensus_class_difference_count": 0, "unexpected_consensus_difference_count": 0, "unexpected_model_difference_count": 0, "validation_mode": "corrected_timestamp"}

