participant: P40
started_utc: 2026-10-08T18:38:00.036578+00:00
ended_utc: 2026-10-08T18:41:08.347321+00:00
return_code: 1
command: /home/sysgen/Projects/Yolanda/Thesis_EEG_Robots/eeg_venv/bin/python /home/sysgen/Projects/Yolanda/Thesis_EEG_Robots/processing/multimodal_robot/analysis/causal_streaming/run_causal_modality_agnostic_robot_replay.py --participant P40 --participant-config /home/sysgen/Projects/Yolanda/Thesis_EEG_Robots/processing/multimodal_robot/configs/participants/P40.yaml --raw-root /home/sysgen/Projects/Yolanda/Thesis_EEG_Robots/data --tasks pick_place shape_sorter_observation stack sisyphus shape_sorter_interaction shape_sorter_alone --output-dir /home/sysgen/Projects/Yolanda/Thesis_EEG_Robots/outputs/robot_transfer/causal_modality_agnostic/v5/corrected_timestamp_cohort_20261008/P40 --canonical-root /home/sysgen/Projects/Yolanda/Thesis_EEG_Robots/outputs/robot_transfer/modality_agnostic/P40 --image-reference-csv /home/sysgen/Projects/Yolanda/Thesis_EEG_Robots/derived/P40/Image_Experiment/runs/p40_no_ica/merged/p40_image_trial_dataset.csv --alignment-metadata /home/sysgen/Projects/Yolanda/Thesis_EEG_Robots/derived/P40/Robot_Experiment/runs/p40_robot_final_features/alignment/alignment_metadata.json --validation-mode corrected_timestamp --reference-causal-output /home/sysgen/Projects/Yolanda/Thesis_EEG_Robots/outputs/robot_transfer/causal_modality_agnostic/v1/cohort/P40

exception:
CalledProcessError(1, ['/home/sysgen/Projects/Yolanda/Thesis_EEG_Robots/eeg_venv/bin/python', '/home/sysgen/Projects/Yolanda/Thesis_EEG_Robots/processing/multimodal_robot/analysis/causal_streaming/run_causal_modality_agnostic_robot_replay.py', '--participant', 'P40', '--participant-config', '/home/sysgen/Projects/Yolanda/Thesis_EEG_Robots/processing/multimodal_robot/configs/participants/P40.yaml', '--raw-root', '/home/sysgen/Projects/Yolanda/Thesis_EEG_Robots/data', '--tasks', 'pick_place', 'shape_sorter_observation', 'stack', 'sisyphus', 'shape_sorter_interaction', 'shape_sorter_alone', '--output-dir', '/home/sysgen/Projects/Yolanda/Thesis_EEG_Robots/outputs/robot_transfer/causal_modality_agnostic/v5/corrected_timestamp_cohort_20261008/P40', '--canonical-root', '/home/sysgen/Projects/Yolanda/Thesis_EEG_Robots/outputs/robot_transfer/modality_agnostic/P40', '--image-reference-csv', '/home/sysgen/Projects/Yolanda/Thesis_EEG_Robots/derived/P40/Image_Experiment/runs/p40_no_ica/merged/p40_image_trial_dataset.csv', '--alignment-metadata', '/home/sysgen/Projects/Yolanda/Thesis_EEG_Robots/derived/P40/Robot_Experiment/runs/p40_robot_final_features/alignment/alignment_metadata.json', '--validation-mode', 'corrected_timestamp', '--reference-causal-output', '/home/sysgen/Projects/Yolanda/Thesis_EEG_Robots/outputs/robot_transfer/causal_modality_agnostic/v1/cohort/P40'])

stdout:


stderr:
/home/sysgen/Projects/Yolanda/Thesis_EEG_Robots/processing/multimodal_image/src/eeg.py:31: RuntimeWarning: The unit for channel(s) ACC X, ACC Y, ACC Z, CNT, DT, GYR X, GYR Y, GYR Z, VALID has changed from V to NA.
  raw.set_channel_types(channel_types, verbose=False)
/home/sysgen/Projects/Yolanda/Thesis_EEG_Robots/processing/multimodal_image/src/eeg.py:31: RuntimeWarning: The unit for channel(s) Status has changed from NA to V.
  raw.set_channel_types(channel_types, verbose=False)
WARNING: All log messages before absl::InitializeLog() is called are written to STDERR
W0000 00:00:1791484681.750925   91307 face_landmarker_graph.cc:174] Sets FaceBlendshapesGraph acceleration to xnnpack by default.
I0000 00:00:1791484681.785327   91307 gl_context_egl.cc:85] Successfully initialized EGL. Major : 1 Minor: 5
I0000 00:00:1791484681.859939   91357 gl_context.cc:385] GL version: 3.2 (OpenGL ES 3.2 NVIDIA 550.90.07), renderer: NVIDIA RTX A5000/PCIe/SSE2
INFO: Created TensorFlow Lite XNNPACK delegate for CPU.
W0000 00:00:1791484681.890263   91322 inference_feedback_manager.cc:114] Feedback manager requires a model with a single signature inference. Disabling support for feedback tensors.
W0000 00:00:1791484681.918382   91333 inference_feedback_manager.cc:114] Feedback manager requires a model with a single signature inference. Disabling support for feedback tensors.
/home/sysgen/Projects/Yolanda/Thesis_EEG_Robots/processing/multimodal_image/src/eeg.py:31: RuntimeWarning: The unit for channel(s) ACC X, ACC Y, ACC Z, CNT, DT, GYR X, GYR Y, GYR Z, VALID has changed from V to NA.
  raw.set_channel_types(channel_types, verbose=False)
/home/sysgen/Projects/Yolanda/Thesis_EEG_Robots/processing/multimodal_image/src/eeg.py:31: RuntimeWarning: The unit for channel(s) Status has changed from NA to V.
  raw.set_channel_types(channel_types, verbose=False)
W0000 00:00:1791484699.787834   91421 face_landmarker_graph.cc:174] Sets FaceBlendshapesGraph acceleration to xnnpack by default.
I0000 00:00:1791484699.795467   91421 gl_context_egl.cc:85] Successfully initialized EGL. Major : 1 Minor: 5
I0000 00:00:1791484699.836385   91471 gl_context.cc:385] GL version: 3.2 (OpenGL ES 3.2 NVIDIA 550.90.07), renderer: NVIDIA RTX A5000/PCIe/SSE2
W0000 00:00:1791484699.842983   91435 inference_feedback_manager.cc:114] Feedback manager requires a model with a single signature inference. Disabling support for feedback tensors.
W0000 00:00:1791484699.864880   91447 inference_feedback_manager.cc:114] Feedback manager requires a model with a single signature inference. Disabling support for feedback tensors.
/home/sysgen/Projects/Yolanda/Thesis_EEG_Robots/processing/multimodal_image/src/eeg.py:31: RuntimeWarning: The unit for channel(s) ACC X, ACC Y, ACC Z, CNT, DT, GYR X, GYR Y, GYR Z, VALID has changed from V to NA.
  raw.set_channel_types(channel_types, verbose=False)
/home/sysgen/Projects/Yolanda/Thesis_EEG_Robots/processing/multimodal_image/src/eeg.py:31: RuntimeWarning: The unit for channel(s) Status has changed from NA to V.
  raw.set_channel_types(channel_types, verbose=False)
W0000 00:00:1791484726.399397   91537 face_landmarker_graph.cc:174] Sets FaceBlendshapesGraph acceleration to xnnpack by default.
I0000 00:00:1791484726.407596   91537 gl_context_egl.cc:85] Successfully initialized EGL. Major : 1 Minor: 5
I0000 00:00:1791484726.446206   91587 gl_context.cc:385] GL version: 3.2 (OpenGL ES 3.2 NVIDIA 550.90.07), renderer: NVIDIA RTX A5000/PCIe/SSE2
W0000 00:00:1791484726.451551   91552 inference_feedback_manager.cc:114] Feedback manager requires a model with a single signature inference. Disabling support for feedback tensors.
W0000 00:00:1791484726.475132   91558 inference_feedback_manager.cc:114] Feedback manager requires a model with a single signature inference. Disabling support for feedback tensors.
/home/sysgen/Projects/Yolanda/Thesis_EEG_Robots/processing/multimodal_image/src/eeg.py:31: RuntimeWarning: The unit for channel(s) ACC X, ACC Y, ACC Z, CNT, DT, GYR X, GYR Y, GYR Z, VALID has changed from V to NA.
  raw.set_channel_types(channel_types, verbose=False)
/home/sysgen/Projects/Yolanda/Thesis_EEG_Robots/processing/multimodal_image/src/eeg.py:31: RuntimeWarning: The unit for channel(s) Status has changed from NA to V.
  raw.set_channel_types(channel_types, verbose=False)
W0000 00:00:1791484759.181344   91651 face_landmarker_graph.cc:174] Sets FaceBlendshapesGraph acceleration to xnnpack by default.
I0000 00:00:1791484759.189351   91651 gl_context_egl.cc:85] Successfully initialized EGL. Major : 1 Minor: 5
I0000 00:00:1791484759.229885   91701 gl_context.cc:385] GL version: 3.2 (OpenGL ES 3.2 NVIDIA 550.90.07), renderer: NVIDIA RTX A5000/PCIe/SSE2
W0000 00:00:1791484759.235947   91665 inference_feedback_manager.cc:114] Feedback manager requires a model with a single signature inference. Disabling support for feedback tensors.
W0000 00:00:1791484759.257796   91674 inference_feedback_manager.cc:114] Feedback manager requires a model with a single signature inference. Disabling support for feedback tensors.
[mpeg4 @ 0x55d523610e00] ac-tex damaged at 12 17
[mpeg4 @ 0x55d523610e00] Error at MB: 709
/home/sysgen/Projects/Yolanda/Thesis_EEG_Robots/processing/multimodal_image/src/eeg.py:31: RuntimeWarning: The unit for channel(s) ACC X, ACC Y, ACC Z, CNT, DT, GYR X, GYR Y, GYR Z, VALID has changed from V to NA.
  raw.set_channel_types(channel_types, verbose=False)
/home/sysgen/Projects/Yolanda/Thesis_EEG_Robots/processing/multimodal_image/src/eeg.py:31: RuntimeWarning: The unit for channel(s) Status has changed from NA to V.
  raw.set_channel_types(channel_types, verbose=False)
W0000 00:00:1791484828.372602   91765 face_landmarker_graph.cc:174] Sets FaceBlendshapesGraph acceleration to xnnpack by default.
I0000 00:00:1791484828.380680   91765 gl_context_egl.cc:85] Successfully initialized EGL. Major : 1 Minor: 5
I0000 00:00:1791484828.412421   91815 gl_context.cc:385] GL version: 3.2 (OpenGL ES 3.2 NVIDIA 550.90.07), renderer: NVIDIA RTX A5000/PCIe/SSE2
W0000 00:00:1791484828.417418   91780 inference_feedback_manager.cc:114] Feedback manager requires a model with a single signature inference. Disabling support for feedback tensors.
W0000 00:00:1791484828.437382   91791 inference_feedback_manager.cc:114] Feedback manager requires a model with a single signature inference. Disabling support for feedback tensors.
/home/sysgen/Projects/Yolanda/Thesis_EEG_Robots/processing/multimodal_robot/analysis/causal_streaming/run_causal_modality_agnostic_robot_replay.py:460: FutureWarning: Downcasting object dtype arrays on .fillna, .ffill, .bfill is deprecated and will change in a future version. Call result.infer_objects(copy=False) instead. To opt-in to the future behavior, set `pd.set_option('future.no_silent_downcasting', True)`
  delivery["computational_deadline_met"] = delivery["deadline_met"].fillna(False).astype(bool)
Traceback (most recent call last):
  File "/home/sysgen/Projects/Yolanda/Thesis_EEG_Robots/processing/multimodal_robot/analysis/causal_streaming/run_causal_modality_agnostic_robot_replay.py", line 905, in <module>
    if __name__ == "__main__": raise SystemExit(main())
  File "/home/sysgen/Projects/Yolanda/Thesis_EEG_Robots/processing/multimodal_robot/analysis/causal_streaming/run_causal_modality_agnostic_robot_replay.py", line 840, in main
    raise RuntimeError("Frozen prediction equivalence failed; refusing to write real-time feasibility output. "
RuntimeError: Frozen prediction equivalence failed; refusing to write real-time feasibility output. {"changed_consensus_class_count": 0, "consensus_class_mismatch_examples": [], "consensus_differing_probability_count": 5, "consensus_maximum_absolute_difference": 0.08887497713430226, "consensus_probability_mismatch_examples": [{"absolute_consensus_difference": 0.0018945539577438497, "participant": "P40", "segment_id": 1, "target": "arousal", "task": "shape_sorter_interaction", "top3_consensus_probability_reference": 0.5229833653767364, "top3_consensus_probability_replay": 0.5248779193344802, "window_end_s": 84.0, "window_id": "shape_sorter_interaction_s1_82.000", "window_start_s": 82.0}, {"absolute_consensus_difference": 3.7772786182221907e-06, "participant": "P40", "segment_id": 1, "target": "valence", "task": "shape_sorter_interaction", "top3_consensus_probability_reference": 0.5149338395296711, "top3_consensus_probability_replay": 0.5149300622510529, "window_end_s": 84.0, "window_id": "shape_sorter_interaction_s1_82.000", "window_start_s": 82.0}, {"absolute_consensus_difference": 0.04197307867659916, "participant": "P40", "segment_id": 1, "target": "arousal", "task": "sisyphus", "top3_consensus_probability_reference": 0.3387146168875994, "top3_consensus_probability_replay": 0.38068769556419857, "window_end_s": 136.0, "window_id": "sisyphus_s1_134.000", "window_start_s": 134.0}, {"absolute_consensus_difference": 0.08887497713430226, "participant": "P40", "segment_id": 1, "target": "arousal", "task": "sisyphus", "top3_consensus_probability_reference": 0.4609077691596185, "top3_consensus_probability_replay": 0.37203279202531625, "window_end_s": 137.0, "window_id": "sisyphus_s1_135.000", "window_start_s": 135.0}, {"absolute_consensus_difference": 0.00279496710625321, "participant": "P40", "segment_id": 1, "target": "arousal", "task": "sisyphus", "top3_consensus_probability_reference": 0.47494890341706, "top3_consensus_probability_replay": 0.47215393631080677, "window_end_s": 138.0, "window_id": "sisyphus_s1_136.000", "window_start_s": 136.0}], "consensus_row_count": 564, "coverage": {"consensus": {"reference_only_count": 0, "reference_only_examples": [], "replay_only_count": 4, "replay_only_examples": [{"participant": "P40", "segment_id": 1, "target": "arousal", "task": "sisyphus", "window_end_s": 139.0, "window_id": "sisyphus_s1_137.000", "window_start_s": 137.0}, {"participant": "P40", "segment_id": 1, "target": "valence", "task": "sisyphus", "window_end_s": 139.0, "window_id": "sisyphus_s1_137.000", "window_start_s": 137.0}, {"participant": "P40", "segment_id": 1, "target": "arousal", "task": "sisyphus", "window_end_s": 140.0, "window_id": "sisyphus_s1_138.000", "window_start_s": 138.0}, {"participant": "P40", "segment_id": 1, "target": "valence", "task": "sisyphus", "window_end_s": 140.0, "window_id": "sisyphus_s1_138.000", "window_start_s": 138.0}]}, "model": {"reference_only_count": 0, "reference_only_examples": [], "replay_only_count": 12, "replay_only_examples": [{"classifier": "logreg", "modality": "face", "model_rank": 1, "participant": "P40", "segment_id": 1, "target": "arousal", "task": "sisyphus", "window_end_s": 139.0, "window_id": "sisyphus_s1_137.000", "window_start_s": 137.0}, {"classifier": "svm", "modality": "face", "model_rank": 2, "participant": "P40", "segment_id": 1, "target": "arousal", "task": "sisyphus", "window_end_s": 139.0, "window_id": "sisyphus_s1_137.000", "window_start_s": 137.0}, {"classifier": "logreg", "modality": "face", "model_rank": 3, "participant": "P40", "segment_id": 1, "target": "arousal", "task": "sisyphus", "window_end_s": 139.0, "window_id": "sisyphus_s1_137.000", "window_start_s": 137.0}, {"classifier": "svm", "modality": "multimodal", "model_rank": 1, "participant": "P40", "segment_id": 1, "target": "valence", "task": "sisyphus", "window_end_s": 139.0, "window_id": "sisyphus_s1_137.000", "window_start_s": 137.0}, {"classifier": "logreg", "modality": "multimodal", "model_rank": 2, "participant": "P40", "segment_id": 1, "target": "valence", "task": "sisyphus", "window_end_s": 139.0, "window_id": "sisyphus_s1_137.000", "window_start_s": 137.0}]}}, "model_differing_probability_count": 16, "model_probability_mismatch_examples": [{"absolute_probability_difference": 0.016389605333362728, "classifier": "logreg", "high_probability_reference": 0.2581842478042569, "high_probability_replay": 0.2417946424708942, "modality": "face", "model_rank": 1, "participant": "P40", "segment_id": 1, "target": "arousal", "task": "shape_sorter_interaction", "window_end_s": 84.0, "window_id": "shape_sorter_interaction_s1_82.000", "window_start_s": 82.0}, {"absolute_probability_difference": 2.5341638601794614e-05, "classifier": "svm", "high_probability_reference": 0.7393982887726248, "high_probability_replay": 0.7394236304112266, "modality": "face", "model_rank": 2, "participant": "P40", "segment_id": 1, "target": "arousal", "task": "shape_sorter_interaction", "window_end_s": 84.0, "window_id": "shape_sorter_interaction_s1_82.000", "window_start_s": 82.0}, {"absolute_probability_difference": 0.0018945539577438497, "classifier": "logreg", "high_probability_reference": 0.5229833653767364, "high_probability_replay": 0.5248779193344802, "modality": "face", "model_rank": 3, "participant": "P40", "segment_id": 1, "target": "arousal", "task": "shape_sorter_interaction", "window_end_s": 84.0, "window_id": "shape_sorter_interaction_s1_82.000", "window_start_s": 82.0}, {"absolute_probability_difference": 3.7772786182221907e-06, "classifier": "svm", "high_probability_reference": 0.5149338395296711, "high_probability_replay": 0.5149300622510529, "modality": "face", "model_rank": 3, "participant": "P40", "segment_id": 1, "target": "valence", "task": "shape_sorter_interaction", "window_end_s": 84.0, "window_id": "shape_sorter_interaction_s1_82.000", "window_start_s": 82.0}, {"absolute_probability_difference": 0.08066619432931633, "classifier": "logreg", "high_probability_reference": 0.0051929365069265, "high_probability_replay": 0.08585913083624283, "modality": "face", "model_rank": 1, "participant": "P40", "segment_id": 1, "target": "arousal", "task": "sisyphus", "window_end_s": 136.0, "window_id": "sisyphus_s1_134.000", "window_start_s": 134.0}], "probability_maximum_absolute_difference": 0.13428926825768084, "probability_row_count": 1692, "timestamp_affected_consensus_difference_count": 5, "timestamp_affected_model_difference_count": 16, "timestamp_affected_window_count": 9, "unexpected_consensus_class_difference_count": 0, "unexpected_consensus_difference_count": 0, "unexpected_model_difference_count": 0, "validation_mode": "corrected_timestamp"}

