participant: P44
started_utc: 2026-10-08T18:50:23.337649+00:00
ended_utc: 2026-10-08T18:52:32.289562+00:00
return_code: 1
command: /home/sysgen/Projects/Yolanda/Thesis_EEG_Robots/eeg_venv/bin/python /home/sysgen/Projects/Yolanda/Thesis_EEG_Robots/processing/multimodal_robot/analysis/causal_streaming/run_causal_modality_agnostic_robot_replay.py --participant P44 --participant-config /home/sysgen/Projects/Yolanda/Thesis_EEG_Robots/processing/multimodal_robot/configs/participants/P44.yaml --raw-root /home/sysgen/Projects/Yolanda/Thesis_EEG_Robots/data --tasks pick_place shape_sorter_observation stack sisyphus shape_sorter_interaction shape_sorter_alone --output-dir /home/sysgen/Projects/Yolanda/Thesis_EEG_Robots/outputs/robot_transfer/causal_modality_agnostic/v5/corrected_timestamp_cohort_20261008/P44 --canonical-root /home/sysgen/Projects/Yolanda/Thesis_EEG_Robots/outputs/robot_transfer/modality_agnostic/P44 --image-reference-csv /home/sysgen/Projects/Yolanda/Thesis_EEG_Robots/derived/P44/Image_Experiment/runs/p44_no_ica/merged/p44_image_trial_dataset.csv --alignment-metadata /home/sysgen/Projects/Yolanda/Thesis_EEG_Robots/derived/P44/Robot_Experiment/runs/p44_robot_final_features/alignment/alignment_metadata.json --validation-mode corrected_timestamp --reference-causal-output /home/sysgen/Projects/Yolanda/Thesis_EEG_Robots/outputs/robot_transfer/causal_modality_agnostic/v1/cohort/P44

exception:
CalledProcessError(1, ['/home/sysgen/Projects/Yolanda/Thesis_EEG_Robots/eeg_venv/bin/python', '/home/sysgen/Projects/Yolanda/Thesis_EEG_Robots/processing/multimodal_robot/analysis/causal_streaming/run_causal_modality_agnostic_robot_replay.py', '--participant', 'P44', '--participant-config', '/home/sysgen/Projects/Yolanda/Thesis_EEG_Robots/processing/multimodal_robot/configs/participants/P44.yaml', '--raw-root', '/home/sysgen/Projects/Yolanda/Thesis_EEG_Robots/data', '--tasks', 'pick_place', 'shape_sorter_observation', 'stack', 'sisyphus', 'shape_sorter_interaction', 'shape_sorter_alone', '--output-dir', '/home/sysgen/Projects/Yolanda/Thesis_EEG_Robots/outputs/robot_transfer/causal_modality_agnostic/v5/corrected_timestamp_cohort_20261008/P44', '--canonical-root', '/home/sysgen/Projects/Yolanda/Thesis_EEG_Robots/outputs/robot_transfer/modality_agnostic/P44', '--image-reference-csv', '/home/sysgen/Projects/Yolanda/Thesis_EEG_Robots/derived/P44/Image_Experiment/runs/p44_no_ica/merged/p44_image_trial_dataset.csv', '--alignment-metadata', '/home/sysgen/Projects/Yolanda/Thesis_EEG_Robots/derived/P44/Robot_Experiment/runs/p44_robot_final_features/alignment/alignment_metadata.json', '--validation-mode', 'corrected_timestamp', '--reference-causal-output', '/home/sysgen/Projects/Yolanda/Thesis_EEG_Robots/outputs/robot_transfer/causal_modality_agnostic/v1/cohort/P44'])

stdout:


stderr:
/home/sysgen/Projects/Yolanda/Thesis_EEG_Robots/processing/multimodal_image/src/eeg.py:31: RuntimeWarning: The unit for channel(s) ACC X, ACC Y, ACC Z, CNT, DT, GYR X, GYR Y, GYR Z, VALID has changed from V to NA.
  raw.set_channel_types(channel_types, verbose=False)
/home/sysgen/Projects/Yolanda/Thesis_EEG_Robots/processing/multimodal_image/src/eeg.py:31: RuntimeWarning: The unit for channel(s) Status has changed from NA to V.
  raw.set_channel_types(channel_types, verbose=False)
WARNING: All log messages before absl::InitializeLog() is called are written to STDERR
W0000 00:00:1791485424.997457   94226 face_landmarker_graph.cc:174] Sets FaceBlendshapesGraph acceleration to xnnpack by default.
I0000 00:00:1791485425.033316   94226 gl_context_egl.cc:85] Successfully initialized EGL. Major : 1 Minor: 5
I0000 00:00:1791485425.111245   94276 gl_context.cc:385] GL version: 3.2 (OpenGL ES 3.2 NVIDIA 550.90.07), renderer: NVIDIA RTX A5000/PCIe/SSE2
INFO: Created TensorFlow Lite XNNPACK delegate for CPU.
W0000 00:00:1791485425.141646   94241 inference_feedback_manager.cc:114] Feedback manager requires a model with a single signature inference. Disabling support for feedback tensors.
W0000 00:00:1791485425.166834   94251 inference_feedback_manager.cc:114] Feedback manager requires a model with a single signature inference. Disabling support for feedback tensors.
/home/sysgen/Projects/Yolanda/Thesis_EEG_Robots/processing/multimodal_image/src/eeg.py:31: RuntimeWarning: The unit for channel(s) ACC X, ACC Y, ACC Z, CNT, DT, GYR X, GYR Y, GYR Z, VALID has changed from V to NA.
  raw.set_channel_types(channel_types, verbose=False)
/home/sysgen/Projects/Yolanda/Thesis_EEG_Robots/processing/multimodal_image/src/eeg.py:31: RuntimeWarning: The unit for channel(s) Status has changed from NA to V.
  raw.set_channel_types(channel_types, verbose=False)
W0000 00:00:1791485433.531072   94340 face_landmarker_graph.cc:174] Sets FaceBlendshapesGraph acceleration to xnnpack by default.
I0000 00:00:1791485433.538894   94340 gl_context_egl.cc:85] Successfully initialized EGL. Major : 1 Minor: 5
I0000 00:00:1791485433.577598   94390 gl_context.cc:385] GL version: 3.2 (OpenGL ES 3.2 NVIDIA 550.90.07), renderer: NVIDIA RTX A5000/PCIe/SSE2
W0000 00:00:1791485433.583994   94355 inference_feedback_manager.cc:114] Feedback manager requires a model with a single signature inference. Disabling support for feedback tensors.
W0000 00:00:1791485433.609784   94366 inference_feedback_manager.cc:114] Feedback manager requires a model with a single signature inference. Disabling support for feedback tensors.
/home/sysgen/Projects/Yolanda/Thesis_EEG_Robots/processing/multimodal_image/src/eeg.py:31: RuntimeWarning: The unit for channel(s) ACC X, ACC Y, ACC Z, CNT, DT, GYR X, GYR Y, GYR Z, VALID has changed from V to NA.
  raw.set_channel_types(channel_types, verbose=False)
/home/sysgen/Projects/Yolanda/Thesis_EEG_Robots/processing/multimodal_image/src/eeg.py:31: RuntimeWarning: The unit for channel(s) Status has changed from NA to V.
  raw.set_channel_types(channel_types, verbose=False)
W0000 00:00:1791485461.984970   94454 face_landmarker_graph.cc:174] Sets FaceBlendshapesGraph acceleration to xnnpack by default.
I0000 00:00:1791485461.993519   94454 gl_context_egl.cc:85] Successfully initialized EGL. Major : 1 Minor: 5
I0000 00:00:1791485462.028341   94504 gl_context.cc:385] GL version: 3.2 (OpenGL ES 3.2 NVIDIA 550.90.07), renderer: NVIDIA RTX A5000/PCIe/SSE2
W0000 00:00:1791485462.033814   94469 inference_feedback_manager.cc:114] Feedback manager requires a model with a single signature inference. Disabling support for feedback tensors.
W0000 00:00:1791485462.059033   94480 inference_feedback_manager.cc:114] Feedback manager requires a model with a single signature inference. Disabling support for feedback tensors.
[mpeg4 @ 0x556986281d00] ac-tex damaged at 22 27
[mpeg4 @ 0x556986281d00] Error at MB: 1129
/home/sysgen/Projects/Yolanda/Thesis_EEG_Robots/processing/multimodal_image/src/eeg.py:31: RuntimeWarning: The unit for channel(s) ACC X, ACC Y, ACC Z, CNT, DT, GYR X, GYR Y, GYR Z, VALID has changed from V to NA.
  raw.set_channel_types(channel_types, verbose=False)
/home/sysgen/Projects/Yolanda/Thesis_EEG_Robots/processing/multimodal_image/src/eeg.py:31: RuntimeWarning: The unit for channel(s) Status has changed from NA to V.
  raw.set_channel_types(channel_types, verbose=False)
W0000 00:00:1791485511.880251   94568 face_landmarker_graph.cc:174] Sets FaceBlendshapesGraph acceleration to xnnpack by default.
I0000 00:00:1791485511.887823   94568 gl_context_egl.cc:85] Successfully initialized EGL. Major : 1 Minor: 5
I0000 00:00:1791485511.929853   94618 gl_context.cc:385] GL version: 3.2 (OpenGL ES 3.2 NVIDIA 550.90.07), renderer: NVIDIA RTX A5000/PCIe/SSE2
W0000 00:00:1791485511.934773   94583 inference_feedback_manager.cc:114] Feedback manager requires a model with a single signature inference. Disabling support for feedback tensors.
W0000 00:00:1791485511.957211   94589 inference_feedback_manager.cc:114] Feedback manager requires a model with a single signature inference. Disabling support for feedback tensors.
/home/sysgen/Projects/Yolanda/Thesis_EEG_Robots/processing/multimodal_robot/analysis/causal_streaming/run_causal_modality_agnostic_robot_replay.py:460: FutureWarning: Downcasting object dtype arrays on .fillna, .ffill, .bfill is deprecated and will change in a future version. Call result.infer_objects(copy=False) instead. To opt-in to the future behavior, set `pd.set_option('future.no_silent_downcasting', True)`
  delivery["computational_deadline_met"] = delivery["deadline_met"].fillna(False).astype(bool)
Traceback (most recent call last):
  File "/home/sysgen/Projects/Yolanda/Thesis_EEG_Robots/processing/multimodal_robot/analysis/causal_streaming/run_causal_modality_agnostic_robot_replay.py", line 905, in <module>
    if __name__ == "__main__": raise SystemExit(main())
  File "/home/sysgen/Projects/Yolanda/Thesis_EEG_Robots/processing/multimodal_robot/analysis/causal_streaming/run_causal_modality_agnostic_robot_replay.py", line 840, in main
    raise RuntimeError("Frozen prediction equivalence failed; refusing to write real-time feasibility output. "
RuntimeError: Frozen prediction equivalence failed; refusing to write real-time feasibility output. {"changed_consensus_class_count": 0, "consensus_class_mismatch_examples": [], "consensus_differing_probability_count": 10, "consensus_maximum_absolute_difference": 0.12342210634808592, "consensus_probability_mismatch_examples": [{"absolute_consensus_difference": 0.0019485761601715987, "participant": "P44", "segment_id": 1, "target": "arousal", "task": "sisyphus", "top3_consensus_probability_reference": 0.0375805465936537, "top3_consensus_probability_replay": 0.0395291227538253, "window_end_s": 96.0, "window_id": "sisyphus_s1_94.000", "window_start_s": 94.0}, {"absolute_consensus_difference": 0.02501903240272374, "participant": "P44", "segment_id": 1, "target": "valence", "task": "sisyphus", "top3_consensus_probability_reference": 0.455955827643994, "top3_consensus_probability_replay": 0.43093679524127027, "window_end_s": 96.0, "window_id": "sisyphus_s1_94.000", "window_start_s": 94.0}, {"absolute_consensus_difference": 0.0014749453748955782, "participant": "P44", "segment_id": 1, "target": "arousal", "task": "sisyphus", "top3_consensus_probability_reference": 0.0152175325715765, "top3_consensus_probability_replay": 0.013742587196680922, "window_end_s": 97.0, "window_id": "sisyphus_s1_95.000", "window_start_s": 95.0}, {"absolute_consensus_difference": 0.07750684608336811, "participant": "P44", "segment_id": 1, "target": "valence", "task": "sisyphus", "top3_consensus_probability_reference": 0.6560120481182592, "top3_consensus_probability_replay": 0.5785052020348911, "window_end_s": 97.0, "window_id": "sisyphus_s1_95.000", "window_start_s": 95.0}, {"absolute_consensus_difference": 0.00015604208003340342, "participant": "P44", "segment_id": 1, "target": "arousal", "task": "sisyphus", "top3_consensus_probability_reference": 0.0007698414977998, "top3_consensus_probability_replay": 0.0009258835778332034, "window_end_s": 98.0, "window_id": "sisyphus_s1_96.000", "window_start_s": 96.0}], "consensus_row_count": 362, "coverage": {"consensus": {"reference_only_count": 0, "reference_only_examples": [], "replay_only_count": 2, "replay_only_examples": [{"participant": "P44", "segment_id": 1, "target": "arousal", "task": "sisyphus", "window_end_s": 102.0, "window_id": "sisyphus_s1_100.000", "window_start_s": 100.0}, {"participant": "P44", "segment_id": 1, "target": "valence", "task": "sisyphus", "window_end_s": 102.0, "window_id": "sisyphus_s1_100.000", "window_start_s": 100.0}]}, "model": {"reference_only_count": 0, "reference_only_examples": [], "replay_only_count": 6, "replay_only_examples": [{"classifier": "logreg", "modality": "multimodal", "model_rank": 1, "participant": "P44", "segment_id": 1, "target": "arousal", "task": "sisyphus", "window_end_s": 102.0, "window_id": "sisyphus_s1_100.000", "window_start_s": 100.0}, {"classifier": "svm", "modality": "multimodal", "model_rank": 2, "participant": "P44", "segment_id": 1, "target": "arousal", "task": "sisyphus", "window_end_s": 102.0, "window_id": "sisyphus_s1_100.000", "window_start_s": 100.0}, {"classifier": "logreg", "modality": "multimodal", "model_rank": 3, "participant": "P44", "segment_id": 1, "target": "arousal", "task": "sisyphus", "window_end_s": 102.0, "window_id": "sisyphus_s1_100.000", "window_start_s": 100.0}, {"classifier": "logreg", "modality": "face", "model_rank": 1, "participant": "P44", "segment_id": 1, "target": "valence", "task": "sisyphus", "window_end_s": 102.0, "window_id": "sisyphus_s1_100.000", "window_start_s": 100.0}, {"classifier": "gnb", "modality": "face", "model_rank": 2, "participant": "P44", "segment_id": 1, "target": "valence", "task": "sisyphus", "window_end_s": 102.0, "window_id": "sisyphus_s1_100.000", "window_start_s": 100.0}]}}, "model_differing_probability_count": 21, "model_probability_mismatch_examples": [{"absolute_probability_difference": 1.9414013616640126e-08, "classifier": "logreg", "high_probability_reference": 2.8539745297091136e-08, "high_probability_replay": 4.795375891373126e-08, "modality": "multimodal", "model_rank": 1, "participant": "P44", "segment_id": 1, "target": "arousal", "task": "sisyphus", "window_end_s": 96.0, "window_id": "sisyphus_s1_94.000", "window_start_s": 94.0}, {"absolute_probability_difference": 0.0019485761601715987, "classifier": "logreg", "high_probability_reference": 0.0375805465936537, "high_probability_replay": 0.0395291227538253, "modality": "multimodal", "model_rank": 3, "participant": "P44", "segment_id": 1, "target": "arousal", "task": "sisyphus", "window_end_s": 96.0, "window_id": "sisyphus_s1_94.000", "window_start_s": 94.0}, {"absolute_probability_difference": 0.007889763937455635, "classifier": "logreg", "high_probability_reference": 0.1355528636760179, "high_probability_replay": 0.12766309973856227, "modality": "face", "model_rank": 1, "participant": "P44", "segment_id": 1, "target": "valence", "task": "sisyphus", "window_end_s": 96.0, "window_id": "sisyphus_s1_94.000", "window_start_s": 94.0}, {"absolute_probability_difference": 0.005547286758331493, "classifier": "gnb", "high_probability_reference": 0.9407536390808487, "high_probability_replay": 0.9352063523225173, "modality": "face", "model_rank": 2, "participant": "P44", "segment_id": 1, "target": "valence", "task": "sisyphus", "window_end_s": 96.0, "window_id": "sisyphus_s1_94.000", "window_start_s": 94.0}, {"absolute_probability_difference": 0.02501903240272374, "classifier": "svm", "high_probability_reference": 0.455955827643994, "high_probability_replay": 0.43093679524127027, "modality": "multimodal", "model_rank": 3, "participant": "P44", "segment_id": 1, "target": "valence", "task": "sisyphus", "window_end_s": 96.0, "window_id": "sisyphus_s1_94.000", "window_start_s": 94.0}], "probability_maximum_absolute_difference": 0.7042178009031954, "probability_row_count": 1086, "timestamp_affected_consensus_difference_count": 10, "timestamp_affected_model_difference_count": 21, "timestamp_affected_window_count": 9, "unexpected_consensus_class_difference_count": 0, "unexpected_consensus_difference_count": 0, "unexpected_model_difference_count": 0, "validation_mode": "corrected_timestamp"}

