participant: P45
started_utc: 2026-10-08T18:52:32.292409+00:00
ended_utc: 2026-10-08T18:55:31.630791+00:00
return_code: 1
command: /home/sysgen/Projects/Yolanda/Thesis_EEG_Robots/eeg_venv/bin/python /home/sysgen/Projects/Yolanda/Thesis_EEG_Robots/processing/multimodal_robot/analysis/causal_streaming/run_causal_modality_agnostic_robot_replay.py --participant P45 --participant-config /home/sysgen/Projects/Yolanda/Thesis_EEG_Robots/processing/multimodal_robot/configs/participants/P45.yaml --raw-root /home/sysgen/Projects/Yolanda/Thesis_EEG_Robots/data --tasks pick_place shape_sorter_observation stack sisyphus shape_sorter_interaction shape_sorter_alone --output-dir /home/sysgen/Projects/Yolanda/Thesis_EEG_Robots/outputs/robot_transfer/causal_modality_agnostic/v5/corrected_timestamp_cohort_20261008/P45 --canonical-root /home/sysgen/Projects/Yolanda/Thesis_EEG_Robots/outputs/robot_transfer/modality_agnostic/P45 --image-reference-csv /home/sysgen/Projects/Yolanda/Thesis_EEG_Robots/derived/P45/Image_Experiment/runs/p45_no_ica/merged/p45_image_trial_dataset.csv --alignment-metadata /home/sysgen/Projects/Yolanda/Thesis_EEG_Robots/derived/P45/Robot_Experiment/runs/p45_robot_final_features/alignment/alignment_metadata.json --validation-mode corrected_timestamp --reference-causal-output /home/sysgen/Projects/Yolanda/Thesis_EEG_Robots/outputs/robot_transfer/causal_modality_agnostic/v1/cohort/P45

exception:
CalledProcessError(1, ['/home/sysgen/Projects/Yolanda/Thesis_EEG_Robots/eeg_venv/bin/python', '/home/sysgen/Projects/Yolanda/Thesis_EEG_Robots/processing/multimodal_robot/analysis/causal_streaming/run_causal_modality_agnostic_robot_replay.py', '--participant', 'P45', '--participant-config', '/home/sysgen/Projects/Yolanda/Thesis_EEG_Robots/processing/multimodal_robot/configs/participants/P45.yaml', '--raw-root', '/home/sysgen/Projects/Yolanda/Thesis_EEG_Robots/data', '--tasks', 'pick_place', 'shape_sorter_observation', 'stack', 'sisyphus', 'shape_sorter_interaction', 'shape_sorter_alone', '--output-dir', '/home/sysgen/Projects/Yolanda/Thesis_EEG_Robots/outputs/robot_transfer/causal_modality_agnostic/v5/corrected_timestamp_cohort_20261008/P45', '--canonical-root', '/home/sysgen/Projects/Yolanda/Thesis_EEG_Robots/outputs/robot_transfer/modality_agnostic/P45', '--image-reference-csv', '/home/sysgen/Projects/Yolanda/Thesis_EEG_Robots/derived/P45/Image_Experiment/runs/p45_no_ica/merged/p45_image_trial_dataset.csv', '--alignment-metadata', '/home/sysgen/Projects/Yolanda/Thesis_EEG_Robots/derived/P45/Robot_Experiment/runs/p45_robot_final_features/alignment/alignment_metadata.json', '--validation-mode', 'corrected_timestamp', '--reference-causal-output', '/home/sysgen/Projects/Yolanda/Thesis_EEG_Robots/outputs/robot_transfer/causal_modality_agnostic/v1/cohort/P45'])

stdout:


stderr:
/home/sysgen/Projects/Yolanda/Thesis_EEG_Robots/processing/multimodal_image/src/eeg.py:31: RuntimeWarning: The unit for channel(s) ACC X, ACC Y, ACC Z, CNT, DT, GYR X, GYR Y, GYR Z, VALID has changed from V to NA.
  raw.set_channel_types(channel_types, verbose=False)
/home/sysgen/Projects/Yolanda/Thesis_EEG_Robots/processing/multimodal_image/src/eeg.py:31: RuntimeWarning: The unit for channel(s) Status has changed from NA to V.
  raw.set_channel_types(channel_types, verbose=False)
WARNING: All log messages before absl::InitializeLog() is called are written to STDERR
W0000 00:00:1791485553.877151   94840 face_landmarker_graph.cc:174] Sets FaceBlendshapesGraph acceleration to xnnpack by default.
I0000 00:00:1791485553.910105   94840 gl_context_egl.cc:85] Successfully initialized EGL. Major : 1 Minor: 5
I0000 00:00:1791485553.963161   94890 gl_context.cc:385] GL version: 3.2 (OpenGL ES 3.2 NVIDIA 550.90.07), renderer: NVIDIA RTX A5000/PCIe/SSE2
INFO: Created TensorFlow Lite XNNPACK delegate for CPU.
W0000 00:00:1791485553.990162   94845 inference_feedback_manager.cc:114] Feedback manager requires a model with a single signature inference. Disabling support for feedback tensors.
W0000 00:00:1791485554.015849   94867 inference_feedback_manager.cc:114] Feedback manager requires a model with a single signature inference. Disabling support for feedback tensors.
/home/sysgen/Projects/Yolanda/Thesis_EEG_Robots/processing/multimodal_image/src/eeg.py:31: RuntimeWarning: The unit for channel(s) ACC X, ACC Y, ACC Z, CNT, DT, GYR X, GYR Y, GYR Z, VALID has changed from V to NA.
  raw.set_channel_types(channel_types, verbose=False)
/home/sysgen/Projects/Yolanda/Thesis_EEG_Robots/processing/multimodal_image/src/eeg.py:31: RuntimeWarning: The unit for channel(s) Status has changed from NA to V.
  raw.set_channel_types(channel_types, verbose=False)
W0000 00:00:1791485563.119127   94954 face_landmarker_graph.cc:174] Sets FaceBlendshapesGraph acceleration to xnnpack by default.
I0000 00:00:1791485563.125932   94954 gl_context_egl.cc:85] Successfully initialized EGL. Major : 1 Minor: 5
I0000 00:00:1791485563.163614   95004 gl_context.cc:385] GL version: 3.2 (OpenGL ES 3.2 NVIDIA 550.90.07), renderer: NVIDIA RTX A5000/PCIe/SSE2
W0000 00:00:1791485563.169366   94965 inference_feedback_manager.cc:114] Feedback manager requires a model with a single signature inference. Disabling support for feedback tensors.
W0000 00:00:1791485563.192050   94975 inference_feedback_manager.cc:114] Feedback manager requires a model with a single signature inference. Disabling support for feedback tensors.
/home/sysgen/Projects/Yolanda/Thesis_EEG_Robots/processing/multimodal_image/src/eeg.py:31: RuntimeWarning: The unit for channel(s) ACC X, ACC Y, ACC Z, CNT, DT, GYR X, GYR Y, GYR Z, VALID has changed from V to NA.
  raw.set_channel_types(channel_types, verbose=False)
/home/sysgen/Projects/Yolanda/Thesis_EEG_Robots/processing/multimodal_image/src/eeg.py:31: RuntimeWarning: The unit for channel(s) Status has changed from NA to V.
  raw.set_channel_types(channel_types, verbose=False)
W0000 00:00:1791485617.195417   95068 face_landmarker_graph.cc:174] Sets FaceBlendshapesGraph acceleration to xnnpack by default.
I0000 00:00:1791485617.203611   95068 gl_context_egl.cc:85] Successfully initialized EGL. Major : 1 Minor: 5
I0000 00:00:1791485617.240777   95118 gl_context.cc:385] GL version: 3.2 (OpenGL ES 3.2 NVIDIA 550.90.07), renderer: NVIDIA RTX A5000/PCIe/SSE2
W0000 00:00:1791485617.246898   95080 inference_feedback_manager.cc:114] Feedback manager requires a model with a single signature inference. Disabling support for feedback tensors.
W0000 00:00:1791485617.268791   95094 inference_feedback_manager.cc:114] Feedback manager requires a model with a single signature inference. Disabling support for feedback tensors.
/home/sysgen/Projects/Yolanda/Thesis_EEG_Robots/processing/multimodal_image/src/eeg.py:31: RuntimeWarning: The unit for channel(s) ACC X, ACC Y, ACC Z, CNT, DT, GYR X, GYR Y, GYR Z, VALID has changed from V to NA.
  raw.set_channel_types(channel_types, verbose=False)
/home/sysgen/Projects/Yolanda/Thesis_EEG_Robots/processing/multimodal_image/src/eeg.py:31: RuntimeWarning: The unit for channel(s) Status has changed from NA to V.
  raw.set_channel_types(channel_types, verbose=False)
W0000 00:00:1791485648.481037   95182 face_landmarker_graph.cc:174] Sets FaceBlendshapesGraph acceleration to xnnpack by default.
I0000 00:00:1791485648.488917   95182 gl_context_egl.cc:85] Successfully initialized EGL. Major : 1 Minor: 5
I0000 00:00:1791485648.529053   95232 gl_context.cc:385] GL version: 3.2 (OpenGL ES 3.2 NVIDIA 550.90.07), renderer: NVIDIA RTX A5000/PCIe/SSE2
W0000 00:00:1791485648.534391   95186 inference_feedback_manager.cc:114] Feedback manager requires a model with a single signature inference. Disabling support for feedback tensors.
W0000 00:00:1791485648.562619   95206 inference_feedback_manager.cc:114] Feedback manager requires a model with a single signature inference. Disabling support for feedback tensors.
[mpeg4 @ 0x55b19cc64440] ac-tex damaged at 15 19
[mpeg4 @ 0x55b19cc64440] Error at MB: 794
/home/sysgen/Projects/Yolanda/Thesis_EEG_Robots/processing/multimodal_image/src/eeg.py:31: RuntimeWarning: The unit for channel(s) ACC X, ACC Y, ACC Z, CNT, DT, GYR X, GYR Y, GYR Z, VALID has changed from V to NA.
  raw.set_channel_types(channel_types, verbose=False)
/home/sysgen/Projects/Yolanda/Thesis_EEG_Robots/processing/multimodal_image/src/eeg.py:31: RuntimeWarning: The unit for channel(s) Status has changed from NA to V.
  raw.set_channel_types(channel_types, verbose=False)
W0000 00:00:1791485693.196941   95296 face_landmarker_graph.cc:174] Sets FaceBlendshapesGraph acceleration to xnnpack by default.
I0000 00:00:1791485693.204336   95296 gl_context_egl.cc:85] Successfully initialized EGL. Major : 1 Minor: 5
I0000 00:00:1791485693.239699   95346 gl_context.cc:385] GL version: 3.2 (OpenGL ES 3.2 NVIDIA 550.90.07), renderer: NVIDIA RTX A5000/PCIe/SSE2
W0000 00:00:1791485693.245972   95300 inference_feedback_manager.cc:114] Feedback manager requires a model with a single signature inference. Disabling support for feedback tensors.
W0000 00:00:1791485693.268014   95321 inference_feedback_manager.cc:114] Feedback manager requires a model with a single signature inference. Disabling support for feedback tensors.
/home/sysgen/Projects/Yolanda/Thesis_EEG_Robots/processing/multimodal_robot/analysis/causal_streaming/run_causal_modality_agnostic_robot_replay.py:460: FutureWarning: Downcasting object dtype arrays on .fillna, .ffill, .bfill is deprecated and will change in a future version. Call result.infer_objects(copy=False) instead. To opt-in to the future behavior, set `pd.set_option('future.no_silent_downcasting', True)`
  delivery["computational_deadline_met"] = delivery["deadline_met"].fillna(False).astype(bool)
Traceback (most recent call last):
  File "/home/sysgen/Projects/Yolanda/Thesis_EEG_Robots/processing/multimodal_robot/analysis/causal_streaming/run_causal_modality_agnostic_robot_replay.py", line 905, in <module>
    if __name__ == "__main__": raise SystemExit(main())
  File "/home/sysgen/Projects/Yolanda/Thesis_EEG_Robots/processing/multimodal_robot/analysis/causal_streaming/run_causal_modality_agnostic_robot_replay.py", line 840, in main
    raise RuntimeError("Frozen prediction equivalence failed; refusing to write real-time feasibility output. "
RuntimeError: Frozen prediction equivalence failed; refusing to write real-time feasibility output. {"changed_consensus_class_count": 0, "consensus_class_mismatch_examples": [], "consensus_differing_probability_count": 0, "consensus_maximum_absolute_difference": 5.617728504603292e-14, "consensus_probability_mismatch_examples": [], "consensus_row_count": 528, "coverage": {"consensus": {"reference_only_count": 0, "reference_only_examples": [], "replay_only_count": 8, "replay_only_examples": [{"participant": "P45", "segment_id": 1, "target": "arousal", "task": "sisyphus", "window_end_s": 102.0, "window_id": "sisyphus_s1_100.000", "window_start_s": 100.0}, {"participant": "P45", "segment_id": 1, "target": "valence", "task": "sisyphus", "window_end_s": 102.0, "window_id": "sisyphus_s1_100.000", "window_start_s": 100.0}, {"participant": "P45", "segment_id": 1, "target": "arousal", "task": "sisyphus", "window_end_s": 103.0, "window_id": "sisyphus_s1_101.000", "window_start_s": 101.0}, {"participant": "P45", "segment_id": 1, "target": "valence", "task": "sisyphus", "window_end_s": 103.0, "window_id": "sisyphus_s1_101.000", "window_start_s": 101.0}, {"participant": "P45", "segment_id": 1, "target": "arousal", "task": "sisyphus", "window_end_s": 100.0, "window_id": "sisyphus_s1_98.000", "window_start_s": 98.0}]}, "model": {"reference_only_count": 0, "reference_only_examples": [], "replay_only_count": 12, "replay_only_examples": [{"classifier": "svm", "modality": "face", "model_rank": 1, "participant": "P45", "segment_id": 1, "target": "arousal", "task": "sisyphus", "window_end_s": 102.0, "window_id": "sisyphus_s1_100.000", "window_start_s": 100.0}, {"classifier": "logreg", "modality": "multimodal", "model_rank": 2, "participant": "P45", "segment_id": 1, "target": "arousal", "task": "sisyphus", "window_end_s": 102.0, "window_id": "sisyphus_s1_100.000", "window_start_s": 100.0}, {"classifier": "svm", "modality": "face", "model_rank": 2, "participant": "P45", "segment_id": 1, "target": "valence", "task": "sisyphus", "window_end_s": 102.0, "window_id": "sisyphus_s1_100.000", "window_start_s": 100.0}, {"classifier": "svm", "modality": "face", "model_rank": 1, "participant": "P45", "segment_id": 1, "target": "arousal", "task": "sisyphus", "window_end_s": 103.0, "window_id": "sisyphus_s1_101.000", "window_start_s": 101.0}, {"classifier": "logreg", "modality": "multimodal", "model_rank": 2, "participant": "P45", "segment_id": 1, "target": "arousal", "task": "sisyphus", "window_end_s": 103.0, "window_id": "sisyphus_s1_101.000", "window_start_s": 101.0}]}}, "model_differing_probability_count": 4, "model_probability_mismatch_examples": [{"absolute_probability_difference": 0.00017876313469233907, "classifier": "svm", "high_probability_reference": 0.5070826859878996, "high_probability_replay": 0.507261449122592, "modality": "face", "model_rank": 1, "participant": "P45", "segment_id": 1, "target": "arousal", "task": "sisyphus", "window_end_s": 98.0, "window_id": "sisyphus_s1_96.000", "window_start_s": 96.0}, {"absolute_probability_difference": 0.04699036355457109, "classifier": "svm", "high_probability_reference": 0.4786761975805371, "high_probability_replay": 0.431685834025966, "modality": "face", "model_rank": 2, "participant": "P45", "segment_id": 1, "target": "valence", "task": "sisyphus", "window_end_s": 98.0, "window_id": "sisyphus_s1_96.000", "window_start_s": 96.0}, {"absolute_probability_difference": 0.0001680217101138748, "classifier": "svm", "high_probability_reference": 0.5071080240435032, "high_probability_replay": 0.5072760457536171, "modality": "face", "model_rank": 1, "participant": "P45", "segment_id": 1, "target": "arousal", "task": "sisyphus", "window_end_s": 99.0, "window_id": "sisyphus_s1_97.000", "window_start_s": 97.0}, {"absolute_probability_difference": 0.07244188327503209, "classifier": "svm", "high_probability_reference": 0.4868602718665782, "high_probability_replay": 0.4144183885915461, "modality": "face", "model_rank": 2, "participant": "P45", "segment_id": 1, "target": "valence", "task": "sisyphus", "window_end_s": 99.0, "window_id": "sisyphus_s1_97.000", "window_start_s": 97.0}], "probability_maximum_absolute_difference": 0.07244188327503209, "probability_row_count": 1605, "timestamp_affected_consensus_difference_count": 0, "timestamp_affected_model_difference_count": 4, "timestamp_affected_window_count": 10, "unexpected_consensus_class_difference_count": 0, "unexpected_consensus_difference_count": 0, "unexpected_model_difference_count": 0, "validation_mode": "corrected_timestamp"}

